Archive member included because of file (symbol)

C:\Freescale\KSDK_1.2.0\lib\ksdk_platform_lib\kds\K64F12\debug\libksdk_platform.a(fsl_uart_hal.o)
                              ./Sources/Utilities/fsl_debug_console.o (UART_HAL_SetBaudRate)
C:\Freescale\KSDK_1.2.0\lib\ksdk_platform_lib\kds\K64F12\debug\libksdk_platform.a(fsl_uart_driver.o)
                              ./Sources/Interrupt/fsl_irq.o (UART_DRV_IRQHandler)
C:\Freescale\KSDK_1.2.0\lib\ksdk_platform_lib\kds\K64F12\debug\libksdk_platform.a(fsl_sim_hal_MK64F12.o)
                              ./Sources/main.o (SIM_HAL_SetAdcAlternativeTriggerCmd)
C:\Freescale\KSDK_1.2.0\lib\ksdk_platform_lib\kds\K64F12\debug\libksdk_platform.a(fsl_pit_common.o)
                              ./Sources/Interrupt/fsl_irq.o (g_pitBase)
C:\Freescale\KSDK_1.2.0\lib\ksdk_platform_lib\kds\K64F12\debug\libksdk_platform.a(fsl_pit_driver.o)
                              ./Sources/main.o (PIT_DRV_Init)
C:\Freescale\KSDK_1.2.0\lib\ksdk_platform_lib\kds\K64F12\debug\libksdk_platform.a(fsl_lptmr_driver.o)
                              ./Sources/Interrupt/fsl_irq.o (LPTMR_DRV_IRQHandler)
C:\Freescale\KSDK_1.2.0\lib\ksdk_platform_lib\kds\K64F12\debug\libksdk_platform.a(fsl_i2c_master_driver.o)
                              ./Sources/Accel/fsl_fxos8700_driver.o (I2C_DRV_MasterInit)
C:\Freescale\KSDK_1.2.0\lib\ksdk_platform_lib\kds\K64F12\debug\libksdk_platform.a(fsl_i2c_common.o)
                              C:\Freescale\KSDK_1.2.0\lib\ksdk_platform_lib\kds\K64F12\debug\libksdk_platform.a(fsl_i2c_master_driver.o) (g_i2cIrqId)
C:\Freescale\KSDK_1.2.0\lib\ksdk_platform_lib\kds\K64F12\debug\libksdk_platform.a(fsl_i2c_shared_function.o)
                              ./Sources/Accel/fsl_i2c_irq.o (I2C_DRV_IRQHandler)
C:\Freescale\KSDK_1.2.0\lib\ksdk_platform_lib\kds\K64F12\debug\libksdk_platform.a(fsl_gpio_driver.o)
                              ./Sources/main.o (GPIO_DRV_InputPinInit)
C:\Freescale\KSDK_1.2.0\lib\ksdk_platform_lib\kds\K64F12\debug\libksdk_platform.a(fsl_flexcan_common.o)
                              ./Sources/Flexcan/flexcan.o (g_flexcanBase)
C:\Freescale\KSDK_1.2.0\lib\ksdk_platform_lib\kds\K64F12\debug\libksdk_platform.a(fsl_flexcan_driver.o)
                              ./Sources/Flexcan/flexcan.o (FLEXCAN_DRV_SetBitrate)
C:\Freescale\KSDK_1.2.0\lib\ksdk_platform_lib\kds\K64F12\debug\libksdk_platform.a(fsl_dspi_master_driver.o)
                              ./Sources/Spi/spi.o (DSPI_DRV_MasterInit)
C:\Freescale\KSDK_1.2.0\lib\ksdk_platform_lib\kds\K64F12\debug\libksdk_platform.a(fsl_dspi_common.o)
                              C:\Freescale\KSDK_1.2.0\lib\ksdk_platform_lib\kds\K64F12\debug\libksdk_platform.a(fsl_dspi_master_driver.o) (g_dspiIrqId)
C:\Freescale\KSDK_1.2.0\lib\ksdk_platform_lib\kds\K64F12\debug\libksdk_platform.a(fsl_dspi_shared_function.o)
                              ./Sources/Interrupt/fsl_irq.o (DSPI_DRV_IRQHandler)
C:\Freescale\KSDK_1.2.0\lib\ksdk_platform_lib\kds\K64F12\debug\libksdk_platform.a(fsl_clock_MK64F12.o)
                              ./Sources/Board/board.o (CLOCK_SYS_SetConfiguration)
C:\Freescale\KSDK_1.2.0\lib\ksdk_platform_lib\kds\K64F12\debug\libksdk_platform.a(fsl_clock_manager.o)
                              C:\Freescale\KSDK_1.2.0\lib\ksdk_platform_lib\kds\K64F12\debug\libksdk_platform.a(fsl_clock_MK64F12.o) (CLOCK_SYS_SetMcgMode)
C:\Freescale\KSDK_1.2.0\lib\ksdk_platform_lib\kds\K64F12\debug\libksdk_platform.a(fsl_clock_manager_common.o)
                              C:\Freescale\KSDK_1.2.0\lib\ksdk_platform_lib\kds\K64F12\debug\libksdk_platform.a(fsl_clock_MK64F12.o) (g_oscBase)
C:\Freescale\KSDK_1.2.0\lib\ksdk_platform_lib\kds\K64F12\debug\libksdk_platform.a(fsl_adc16_driver.o)
                              ./Sources/Adc16/adc16.o (ADC16_DRV_GetAutoCalibrationParam)
C:\Freescale\KSDK_1.2.0\lib\ksdk_platform_lib\kds\K64F12\debug\libksdk_platform.a(fsl_os_abstraction_bm.o)
                              C:\Freescale\KSDK_1.2.0\lib\ksdk_platform_lib\kds\K64F12\debug\libksdk_platform.a(fsl_uart_driver.o) (OSA_SemaCreate)
C:\Freescale\KSDK_1.2.0\lib\ksdk_platform_lib\kds\K64F12\debug\libksdk_platform.a(fsl_uart_common.o)
                              C:\Freescale\KSDK_1.2.0\lib\ksdk_platform_lib\kds\K64F12\debug\libksdk_platform.a(fsl_uart_driver.o) (g_uartRxTxIrqId)
C:\Freescale\KSDK_1.2.0\lib\ksdk_platform_lib\kds\K64F12\debug\libksdk_platform.a(fsl_rtc_common.o)
                              C:\Freescale\KSDK_1.2.0\lib\ksdk_platform_lib\kds\K64F12\debug\libksdk_platform.a(fsl_clock_manager.o) (g_rtcBase)
C:\Freescale\KSDK_1.2.0\lib\ksdk_platform_lib\kds\K64F12\debug\libksdk_platform.a(fsl_osc_hal.o)
                              C:\Freescale\KSDK_1.2.0\lib\ksdk_platform_lib\kds\K64F12\debug\libksdk_platform.a(fsl_clock_manager.o) (OSC_HAL_SetCapacitor)
C:\Freescale\KSDK_1.2.0\lib\ksdk_platform_lib\kds\K64F12\debug\libksdk_platform.a(fsl_mcg_hal.o)
[...]
Memory Configuration

Name             Origin             Length             Attributes
m_interrupts     0x00000000         0x00000400         xr
m_flash_config   0x00000400         0x00000010         xr
m_text           0x00000410         0x000f9bf0         xr
m_vscp_data      0x000fa000         0x00006000         xr
m_data           0x1fff0000         0x00010000         rw
m_data_2         0x20000000         0x00030000         rw
*default*        0x00000000         0xffffffff

Linker script and memory map

LOAD c:/freescale/kds_3.0.0/toolchain/bin/../lib/gcc/arm-none-eabi/4.8.4/armv7e-m/fpu/crti.o
LOAD c:/freescale/kds_3.0.0/toolchain/bin/../lib/gcc/arm-none-eabi/4.8.4/armv7e-m/fpu/crtbegin.o
LOAD c:/freescale/kds_3.0.0/toolchain/bin/../lib/gcc/arm-none-eabi/4.8.4/../../../../arm-none-eabi/lib/armv7e-m/fpu/crt0.o
                0x00000001                __ram_vector_table__ = 0x1
LOAD ./Sources/VSCP/external_vscp_func.o
LOAD ./Sources/VSCP/temperature.o
LOAD ./Sources/VSCP/vscp_firmware.o
LOAD ./Sources/Utilities/fsl_debug_console.o
LOAD ./Sources/Utilities/print_scan.o
LOAD ./Sources/Test/test_adc.o
LOAD ./Sources/Test/test_flexcan_functions.o
LOAD ./Sources/Test/test_spi_functions.o
LOAD ./Sources/Test/test_vscp_functions.o
LOAD ./Sources/Spi/spi.o
LOAD ./Sources/Interrupt/fsl_adc_irq.o
LOAD ./Sources/Interrupt/fsl_irq.o
LOAD ./Sources/Flexcan/flexcan.o
LOAD ./Sources/Flash/CopyToRam.o
LOAD ./Sources/Flash/FlashCommandSequence.o
LOAD ./Sources/Flash/FlashEraseSector.o
LOAD ./Sources/Flash/FlashGetSecurityState.o
LOAD ./Sources/Flash/FlashInit.o
LOAD ./Sources/Flash/FlashProgram.o
LOAD ./Sources/Flash/FlashProgramCheck.o
LOAD ./Sources/Flash/FlashVerifySection.o
LOAD ./Sources/Flash/flash_al.o
LOAD ./Sources/Board/board.o
LOAD ./Sources/Board/gpio_pins.o
LOAD ./Sources/Board/pin_mux.o
LOAD ./Sources/Adc16/adc16.o
LOAD ./Sources/Accel/accel.o
LOAD ./Sources/Accel/fsl_fxos8700_driver.o
LOAD ./Sources/Accel/fsl_i2c_irq.o
LOAD ./Sources/main.o
LOAD ./Project_Settings/Startup_Code/startup.o
LOAD ./Project_Settings/Startup_Code/startup_MK64F12.o
LOAD ./Project_Settings/Startup_Code/system_MK64F12.o
LOAD C:\Freescale\KSDK_1.2.0\lib\ksdk_platform_lib\kds\K64F12\debug\libksdk_platform.a
LOAD c:/freescale/kds_3.0.0/toolchain/bin/../lib/gcc/arm-none-eabi/4.8.4/../../../../arm-none-eabi/lib/armv7e-m/fpu\libstdc++_s.a
LOAD c:/freescale/kds_3.0.0/toolchain/bin/../lib/gcc/arm-none-eabi/4.8.4/../../../../arm-none-eabi/lib/armv7e-m/fpu\libm.a
START GROUP
LOAD c:/freescale/kds_3.0.0/toolchain/bin/../lib/gcc/arm-none-eabi/4.8.4/armv7e-m/fpu\libgcc.a
LOAD c:/freescale/kds_3.0.0/toolchain/bin/../lib/gcc/arm-none-eabi/4.8.4/../../../../arm-none-eabi/lib/armv7e-m/fpu\libg_s.a
LOAD c:/freescale/kds_3.0.0/toolchain/bin/../lib/gcc/arm-none-eabi/4.8.4/../../../../arm-none-eabi/lib/armv7e-m/fpu\libc_s.a
END GROUP
START GROUP
LOAD c:/freescale/kds_3.0.0/toolchain/bin/../lib/gcc/arm-none-eabi/4.8.4/armv7e-m/fpu\libgcc.a
LOAD c:/freescale/kds_3.0.0/toolchain/bin/../lib/gcc/arm-none-eabi/4.8.4/../../../../arm-none-eabi/lib/armv7e-m/fpu\libc_s.a
LOAD c:/freescale/kds_3.0.0/toolchain/bin/../lib/gcc/arm-none-eabi/4.8.4/../../../../arm-none-eabi/lib/armv7e-m/fpu\libnosys.a
END GROUP
START GROUP
LOAD c:/freescale/kds_3.0.0/toolchain/bin/../lib/gcc/arm-none-eabi/4.8.4/armv7e-m/fpu\libgcc.a
LOAD c:/freescale/kds_3.0.0/toolchain/bin/../lib/gcc/arm-none-eabi/4.8.4/../../../../arm-none-eabi/lib/armv7e-m/fpu\libc_s.a
LOAD c:/freescale/kds_3.0.0/toolchain/bin/../lib/gcc/arm-none-eabi/4.8.4/../../../../arm-none-eabi/lib/armv7e-m/fpu\libnosys.a
END GROUP
LOAD c:/freescale/kds_3.0.0/toolchain/bin/../lib/gcc/arm-none-eabi/4.8.4/armv7e-m/fpu/crtend.o
LOAD c:/freescale/kds_3.0.0/toolchain/bin/../lib/gcc/arm-none-eabi/4.8.4/armv7e-m/fpu/crtn.o
                0x00000400                HEAP_SIZE = DEFINED (__heap_size__)?__heap_size__:0x400
                0x00000400                STACK_SIZE = DEFINED (__stack_size__)?__stack_size__:0x400
                0x00000000                M_VECTOR_RAM_SIZE = DEFINED (__ram_vector_table__)?0x400:0x0

.interrupts     0x00000000      0x400
                0x00000000                __VECTOR_TABLE = .
                0x00000000                . = ALIGN (0x4)
 *(.isr_vector)
 .isr_vector    0x00000000      0x400 ./Project_Settings/Startup_Code/startup_MK64F12.o
                0x00000000                __isr_vector
                0x00000400                . = ALIGN (0x4)

.flash_config   0x00000400       0x10
                0x00000400                . = ALIGN (0x4)
 *(.FlashConfig)
 .FlashConfig   0x00000400       0x10 ./Project_Settings/Startup_Code/startup_MK64F12.o
                0x00000410                . = ALIGN (0x4)

.text           0x00000410     0x95dc
                0x00000410                . = ALIGN (0x4)
 *(.text)
 .text          0x00000410       0x54 c:/freescale/kds_3.0.0/toolchain/bin/../lib/gcc/arm-none-eabi/4.8.4/armv7e-m/fpu/crtbegin.o
 .text          0x00000464       0x74 c:/freescale/kds_3.0.0/toolchain/bin/../lib/gcc/arm-none-eabi/4.8.4/../../../../arm-none-eabi/lib/armv7e-m/fpu/crt0.o
                0x00000464                _start
                0x00000464                _mainCRTStartup
 .text          0x000004d8       0x14 ./Project_Settings/Startup_Code/startup_MK64F12.o
                0x000004d8                Reset_Handler
                0x000004e8                DebugMon_Handler
                0x000004e8                HardFault_Handler
                0x000004e8                SysTick_Handler
                0x000004e8                PendSV_Handler
                0x000004e8                NMI_Handler
                0x000004e8                I2C1_IRQHandler
                0x000004e8                DMA2_IRQHandler
                0x000004e8                ENET_Error_IRQHandler
                0x000004e8                CAN0_Tx_Warning_IRQHandler
                0x000004e8                CMP2_IRQHandler
                0x000004e8                LLWU_IRQHandler
                0x000004e8                ENET_Receive_IRQHandler
                0x000004e8                ENET_1588_Timer_IRQHandler
                0x000004e8                SWI_IRQHandler
                0x000004e8                UsageFault_Handler
                0x000004e8                I2S0_Tx_IRQHandler
                0x000004e8                CMT_IRQHandler
                0x000004e8                DefaultISR
                0x000004e8                DMA9_IRQHandler
                0x000004e8                DMA14_IRQHandler
                0x000004e8                CMP1_IRQHandler
                0x000004e8                Reserved71_IRQHandler
                0x000004e8                PORTD_IRQHandler
                0x000004e8                PORTB_IRQHandler
                0x000004e8                UART4_ERR_IRQHandler
                0x000004e8                ADC1_IRQHandler
                0x000004e8                I2C2_IRQHandler
                0x000004e8                PIT2_IRQHandler
                0x000004e8                I2S0_Rx_IRQHandler
                0x000004e8                DMA5_IRQHandler
                0x000004e8                RTC_IRQHandler
                0x000004e8                PDB0_IRQHandler
                0x000004e8                CAN0_Rx_Warning_IRQHandler
                0x000004e8                FTM1_IRQHandler
                0x000004e8                UART3_ERR_IRQHandler
                0x000004e8                PIT3_IRQHandler
                0x000004e8                SDHC_IRQHandler
                0x000004e8                RTC_Seconds_IRQHandler
                0x000004e8                MCG_IRQHandler
                0x000004e8                FTFE_IRQHandler
                0x000004e8                UART2_ERR_IRQHandler
                0x000004e8                DMA11_IRQHandler
                0x000004e8                UART5_ERR_IRQHandler
                0x000004e8                Read_Collision_IRQHandler
                0x000004e8                DMA7_IRQHandler
                0x000004e8                ENET_Transmit_IRQHandler
                0x000004e8                USBDCD_IRQHandler
                0x000004e8                USB0_IRQHandler
                0x000004e8                WDOG_EWM_IRQHandler
                0x000004e8                MemManage_Handler
                0x000004e8                SVC_Handler
                0x000004e8                DMA13_IRQHandler
                0x000004e8                DMA3_IRQHandler
                0x000004e8                UART0_LON_IRQHandler
                0x000004e8                RNG_IRQHandler
                0x000004e8                DMA0_IRQHandler
                0x000004e8                DMA15_IRQHandler
                0x000004e8                DAC0_IRQHandler
                0x000004e8                DMA4_IRQHandler
                0x000004e8                UART0_ERR_IRQHandler
                0x000004e8                DMA_Error_IRQHandler
                0x000004e8                LVD_LVW_IRQHandler
                0x000004e8                FTM0_IRQHandler
                0x000004e8                DAC1_IRQHandler
                0x000004e8                MCM_IRQHandler
                0x000004e8                DMA12_IRQHandler
                0x000004e8                FTM3_IRQHandler
                0x000004e8                PORTE_IRQHandler
                0x000004e8                FTM2_IRQHandler
                0x000004e8                BusFault_Handler
                0x000004e8                DMA8_IRQHandler
                0x000004e8                DMA10_IRQHandler
                0x000004e8                UART1_ERR_IRQHandler
                0x000004e8                CMP0_IRQHandler
                0x000004e8                DMA6_IRQHandler
                0x000004e8                DMA1_IRQHandler
 .text          0x000004ec       0x2c c:/freescale/kds_3.0.0/toolchain/bin/../lib/gcc/arm-none-eabi/4.8.4/armv7e-m/fpu\libgcc.a(_aeabi_uldivmod.o)
                0x000004ec                __aeabi_uldivmod
 .text          0x00000518       0x60 c:/freescale/kds_3.0.0/toolchain/bin/../lib/gcc/arm-none-eabi/4.8.4/armv7e-m/fpu\libgcc.a(bpabi.o)
                0x00000518                __gnu_ldivmod_helper
                0x00000548                __gnu_uldivmod_helper
 .text          0x00000578        0x4 c:/freescale/kds_3.0.0/toolchain/bin/../lib/gcc/arm-none-eabi/4.8.4/armv7e-m/fpu\libgcc.a(_dvmd_tls.o)
                0x00000578                __aeabi_idiv0
                0x00000578                __aeabi_ldiv0
 .text          0x0000057c      0x298 c:/freescale/kds_3.0.0/toolchain/bin/../lib/gcc/arm-none-eabi/4.8.4/armv7e-m/fpu\libgcc.a(_divdi3.o)
                0x0000057c                __divdi3
 .text          0x00000814      0x284 c:/freescale/kds_3.0.0/toolchain/bin/../lib/gcc/arm-none-eabi/4.8.4/armv7e-m/fpu\libgcc.a(_udivdi3.o)
                0x00000814                __udivdi3
 *(.text*)
 .text.getVSCPFrame
                0x00000a98       0x64 ./Sources/VSCP/external_vscp_func.o
                0x00000a98                getVSCPFrame
 .text.sendVSCPFrame
                0x00000afc       0x48 ./Sources/VSCP/external_vscp_func.o
                0x00000afc                sendVSCPFrame
 .text.sendCANFrame
                0x00000b44       0x4c ./Sources/VSCP/external_vscp_func.o
                0x00000b44                sendCANFrame
 .text.getCANFrame
                0x00000b90       0x98 ./Sources/VSCP/external_vscp_func.o
                0x00000b90                getCANFrame
 .text.vscp_getMajorVersion
                0x00000c28       0x10 ./Sources/VSCP/external_vscp_func.o
                0x00000c28                vscp_getMajorVersion
 .text.vscp_getMinorVersion
                0x00000c38       0x10 ./Sources/VSCP/external_vscp_func.o
                0x00000c38                vscp_getMinorVersion
 .text.vscp_getSubMinorVersion
                0x00000c48       0x10 ./Sources/VSCP/external_vscp_func.o
                0x00000c48                vscp_getSubMinorVersion
 .text.vscp_getGUID
                0x00000c58       0x20 ./Sources/VSCP/external_vscp_func.o
                0x00000c58                vscp_getGUID
 .text.vscp_getUserID
                0x00000c78       0x20 ./Sources/VSCP/external_vscp_func.o
                0x00000c78                vscp_getUserID
 .text.vscp_setUserID
                0x00000c98       0x20 ./Sources/VSCP/external_vscp_func.o
                0x00000c98                vscp_setUserID
 .text.vscp_getManufacturerId
                0x00000cb8       0x20 ./Sources/VSCP/external_vscp_func.o
                0x00000cb8                vscp_getManufacturerId
 .text.vscp_getBufferSize
                0x00000cd8       0x10 ./Sources/VSCP/external_vscp_func.o
                0x00000cd8                vscp_getBufferSize
 .text.vscp_getRegisterPagesUsed
                0x00000ce8       0x10 ./Sources/VSCP/external_vscp_func.o
                0x00000ce8                vscp_getRegisterPagesUsed
 .text.vscp_getMDF_URL
                0x00000cf8       0x20 ./Sources/VSCP/external_vscp_func.o
                0x00000cf8                vscp_getMDF_URL
 .text.vscp_readNicknamePermanent
                0x00000d18       0x10 ./Sources/VSCP/external_vscp_func.o
                0x00000d18                vscp_readNicknamePermanent
 .text.vscp_writeNicknamePermanent
                0x00000d28       0x1c ./Sources/VSCP/external_vscp_func.o
                0x00000d28                vscp_writeNicknamePermanent
 .text.vscp_getSegmentCRC
                0x00000d44       0x10 ./Sources/VSCP/external_vscp_func.o
                0x00000d44                vscp_getSegmentCRC
 .text.vscp_setSegmentCRC
                0x00000d54       0x1c ./Sources/VSCP/external_vscp_func.o
                0x00000d54                vscp_setSegmentCRC
 .text.vscp_setControlByte
                0x00000d70       0x1c ./Sources/VSCP/external_vscp_func.o
                0x00000d70                vscp_setControlByte
 .text.doWork   0x00000d8c      0x3a8 ./Sources/VSCP/external_vscp_func.o
                0x00000d8c                doWork
 .text.doApplicationOneSecondWork
                0x00001134       0x84 ./Sources/VSCP/external_vscp_func.o
                0x00001134                doApplicationOneSecondWork
 .text.sendAccelEvent
                0x000011b8       0x48 ./Sources/VSCP/external_vscp_func.o
                0x000011b8                sendAccelEvent
 .text.sendTempEvent
                0x00001200       0x94 ./Sources/VSCP/external_vscp_func.o
                0x00001200                sendTempEvent
 .text.setEventData
                0x00001294       0x38 ./Sources/VSCP/external_vscp_func.o
                0x00001294                setEventData
 .text.vscp_readAppReg
                0x000012cc      0x108 ./Sources/VSCP/external_vscp_func.o
                0x000012cc                vscp_readAppReg
 .text.vscp_writeAppReg
                0x000013d4      0x168 ./Sources/VSCP/external_vscp_func.o
                0x000013d4                vscp_writeAppReg
 .text.vscp_getMatrixInfo
                0x0000153c       0x30 ./Sources/VSCP/external_vscp_func.o
                0x0000153c                vscp_getMatrixInfo
 .text.vscp_goBootloaderMode
                0x0000156c       0x18 ./Sources/VSCP/external_vscp_func.o
                0x0000156c                vscp_goBootloaderMode
 .text.vscp_getZone
                0x00001584       0x10 ./Sources/VSCP/external_vscp_func.o
                0x00001584                vscp_getZone
 .text.vscp_getSubzone
                0x00001594       0x10 ./Sources/VSCP/external_vscp_func.o
                0x00001594                vscp_getSubzone
 .text.vscp_getFamilyCode
                0x000015a4       0x10 ./Sources/VSCP/external_vscp_func.o
                0x000015a4                vscp_getFamilyCode
 .text.vscp_getFamilyType
                0x000015b4       0x10 ./Sources/VSCP/external_vscp_func.o
                0x000015b4                vscp_getFamilyType
 .text.vscp_restoreDefaults
                0x000015c4       0x10 ./Sources/VSCP/external_vscp_func.o
                0x000015c4                vscp_restoreDefaults
 .text.init_app_ram
                0x000015d4       0x6c ./Sources/VSCP/external_vscp_func.o
                0x000015d4                init_app_ram
 .text.init_app_eeprom
                0x00001640       0x50 ./Sources/VSCP/external_vscp_func.o
                0x00001640                init_app_eeprom
 .text.vscp_getBootLoaderAlgorithm
                0x00001690       0x10 ./Sources/VSCP/external_vscp_func.o
                0x00001690                vscp_getBootLoaderAlgorithm
 .text.Celsius2Fahrenheit
                0x000016a0       0x10 ./Sources/VSCP/temperature.o
                0x000016a0                Celsius2Fahrenheit
 .text.vscp_init
                0x000016b0       0xa0 ./Sources/VSCP/vscp_firmware.o
                0x000016b0                vscp_init
 .text.vscp_check_pstorage
                0x00001750       0x28 ./Sources/VSCP/vscp_firmware.o
                0x00001750                vscp_check_pstorage
 .text.vscp_error
                0x00001778        0xc ./Sources/VSCP/vscp_firmware.o
                0x00001778                vscp_error
 .text.vscp_handleHeartbeat
                0x00001784       0x50 ./Sources/VSCP/vscp_firmware.o
                0x00001784                vscp_handleHeartbeat
 .text.vscp_handleSetNickname
                0x000017d4       0x34 ./Sources/VSCP/vscp_firmware.o
                0x000017d4                vscp_handleSetNickname
 .text.vscp_handleDropNickname
                0x00001808       0x38 ./Sources/VSCP/vscp_firmware.o
                0x00001808                vscp_handleDropNickname
 .text.vscp_readStdReg
                0x00001840      0x110 ./Sources/VSCP/vscp_firmware.o
                0x00001840                vscp_readStdReg
 .text.vscp_readRegister
                0x00001950        0xc ./Sources/VSCP/vscp_firmware.o
                0x00001950                vscp_readRegister
 .text.vscp_writeStdReg
                0x0000195c       0x80 ./Sources/VSCP/vscp_firmware.o
                0x0000195c                vscp_writeStdReg
 .text.vscp_writeRegister
                0x000019dc        0xc ./Sources/VSCP/vscp_firmware.o
                0x000019dc                vscp_writeRegister
 .text.vscp_sendEvent
                0x000019e8       0x38 ./Sources/VSCP/vscp_firmware.o
                0x000019e8                vscp_sendEvent
 .text.vscp_goActiveState
                0x00001a20       0x30 ./Sources/VSCP/vscp_firmware.o
                0x00001a20                vscp_goActiveState
 .text.vscp_handleProbeState
                0x00001a50      0x100 ./Sources/VSCP/vscp_firmware.o
                0x00001a50                vscp_handleProbeState
 .text.vscp_sendHeartBeat
                0x00001b50       0x24 ./Sources/VSCP/vscp_firmware.o
                0x00001b50                vscp_sendHeartBeat
 .text.vscp_doOneSecondWork
                0x00001b74       0x88 ./Sources/VSCP/vscp_firmware.o
                0x00001b74                vscp_doOneSecondWork
 .text.vscp_newNodeOnline
                0x00001bfc       0x38 ./Sources/VSCP/vscp_firmware.o
                0x00001bfc                vscp_newNodeOnline
 .text.vscp_handleProtocolEvent
                0x00001c34      0x5c0 ./Sources/VSCP/vscp_firmware.o
                0x00001c34                vscp_handleProtocolEvent
 .text.vscp_getEvent
                0x000021f4       0x38 ./Sources/VSCP/vscp_firmware.o
                0x000021f4                vscp_getEvent
 .text.debug_putc
                0x0000222c       0x28 ./Sources/Utilities/fsl_debug_console.o
 .text.DbgConsole_Init
                0x00002254       0xa8 ./Sources/Utilities/fsl_debug_console.o
                0x00002254                DbgConsole_Init
 .text._write   0x000022fc       0x28 ./Sources/Utilities/fsl_debug_console.o
                0x000022fc                _write
 .text._read    0x00002324       0x20 ./Sources/Utilities/fsl_debug_console.o
                0x00002324                _read
 .text.debug_printf
                0x00002344       0x38 ./Sources/Utilities/fsl_debug_console.o
                0x00002344                debug_printf
 .text.mknumstr
                0x0000237c       0x6c ./Sources/Utilities/print_scan.o
 .text.fput_pad.isra.0
                0x000023e8       0x2a ./Sources/Utilities/print_scan.o
 *fill*         0x00002412        0x2 
 .text._doprint
                0x00002414      0x3e8 ./Sources/Utilities/print_scan.o
                0x00002414                _doprint
 .text.updateTemp
                0x000027fc       0x30 ./Sources/Test/test_adc.o
                0x000027fc                updateTemp
 .text.init_spi
                0x0000282c       0x8c ./Sources/Spi/spi.o
                0x0000282c                init_spi
 .text.spi_eeprom_write
                0x000028b8       0xc8 ./Sources/Spi/spi.o
                0x000028b8                spi_eeprom_write
 .text.spi_eeprom_read
                0x00002980       0x60 ./Sources/Spi/spi.o
                0x00002980                spi_eeprom_read
 .text.spi_eeprom_guid_init
                0x000029e0      0x134 ./Sources/Spi/spi.o
                0x000029e0                spi_eeprom_guid_init
 .text.ADC_TEST_InstallCallback
                0x00002b14       0x10 ./Sources/Interrupt/fsl_adc_irq.o
                0x00002b14                ADC_TEST_InstallCallback
 .text.ADC_TEST_GetConvValueRAWInt
                0x00002b24       0x14 ./Sources/Interrupt/fsl_adc_irq.o
                0x00002b24                ADC_TEST_GetConvValueRAWInt
 .text.ADC0_IRQHandler
                0x00002b38       0x3c ./Sources/Interrupt/fsl_adc_irq.o
                0x00002b38                ADC0_IRQHandler
 .text.PIT0_IRQHandler
                0x00002b74       0x98 ./Sources/Interrupt/fsl_irq.o
                0x00002b74                PIT0_IRQHandler
 .text.PIT1_IRQHandler
                0x00002c0c       0x10 ./Sources/Interrupt/fsl_irq.o
                0x00002c0c                PIT1_IRQHandler
 .text.LPTMR0_IRQHandler
                0x00002c1c        0x6 ./Sources/Interrupt/fsl_irq.o
                0x00002c1c                LPTMR0_IRQHandler
 .text.CAN0_ORed_Message_buffer_IRQHandler
                0x00002c22        0x6 ./Sources/Interrupt/fsl_irq.o
                0x00002c22                CAN0_ORed_Message_buffer_IRQHandler
 .text.CAN0_Bus_Off_IRQHandler
                0x00002c28        0x6 ./Sources/Interrupt/fsl_irq.o
                0x00002c28                CAN0_Bus_Off_IRQHandler
 .text.CAN0_Error_IRQHandler
                0x00002c2e        0x6 ./Sources/Interrupt/fsl_irq.o
                0x00002c2e                CAN0_Error_IRQHandler
 .text.CAN0_Wake_Up_IRQHandler
                0x00002c34        0x6 ./Sources/Interrupt/fsl_irq.o
                0x00002c34                CAN0_Wake_Up_IRQHandler
 .text.UART0_RX_TX_IRQHandler
                0x00002c3a        0x6 ./Sources/Interrupt/fsl_irq.o
                0x00002c3a                UART0_RX_TX_IRQHandler
 .text.UART1_RX_TX_IRQHandler
                0x00002c40        0x6 ./Sources/Interrupt/fsl_irq.o
                0x00002c40                UART1_RX_TX_IRQHandler
 .text.UART2_RX_TX_IRQHandler
                0x00002c46        0x6 ./Sources/Interrupt/fsl_irq.o
                0x00002c46                UART2_RX_TX_IRQHandler
 .text.UART3_RX_TX_IRQHandler
                0x00002c4c        0x6 ./Sources/Interrupt/fsl_irq.o
                0x00002c4c                UART3_RX_TX_IRQHandler
 .text.UART4_RX_TX_IRQHandler
                0x00002c52        0x6 ./Sources/Interrupt/fsl_irq.o
                0x00002c52                UART4_RX_TX_IRQHandler
 .text.UART5_RX_TX_IRQHandler
                0x00002c58        0x6 ./Sources/Interrupt/fsl_irq.o
                0x00002c58                UART5_RX_TX_IRQHandler
 .text.SPI0_IRQHandler
                0x00002c5e        0x6 ./Sources/Interrupt/fsl_irq.o
                0x00002c5e                SPI0_IRQHandler
 .text.SPI1_IRQHandler
                0x00002c64        0x6 ./Sources/Interrupt/fsl_irq.o
                0x00002c64                SPI1_IRQHandler
 .text.SPI2_IRQHandler
                0x00002c6a        0x6 ./Sources/Interrupt/fsl_irq.o
                0x00002c6a                SPI2_IRQHandler
 .text.FLEXCAN_HAL_GetClock
                0x00002c70       0x2c ./Sources/Flexcan/flexcan.o
 .text.init_flexcan
                0x00002c9c      0x1fc ./Sources/Flexcan/flexcan.o
                0x00002c9c                init_flexcan
 .text.receive_mb_config
                0x00002e98       0x58 ./Sources/Flexcan/flexcan.o
                0x00002e98                receive_mb_config
 .text.FLEXCANSendMessage
                0x00002ef0       0xc8 ./Sources/Flexcan/flexcan.o
                0x00002ef0                FLEXCANSendMessage
 .text.FLEXCANReceiveMessage
                0x00002fb8       0xd0 ./Sources/Flexcan/flexcan.o
                0x00002fb8                FLEXCANReceiveMessage
 .text.BOARD_InitOsc0
                0x00003088       0x28 ./Sources/Board/board.o
                0x00003088                BOARD_InitOsc0
 .text.BOARD_InitRtcOsc
                0x000030b0       0x20 ./Sources/Board/board.o
                0x000030b0                BOARD_InitRtcOsc
 .text.BOARD_ClockInit
                0x000030d0       0x34 ./Sources/Board/board.o
                0x000030d0                BOARD_ClockInit
 .text.dbg_uart_init
                0x00003104       0x18 ./Sources/Board/board.o
                0x00003104                dbg_uart_init
 .text.configure_can_pins
                0x0000311c       0x28 ./Sources/Board/pin_mux.o
                0x0000311c                configure_can_pins
 .text.configure_i2c_pins
                0x00003144       0x7c ./Sources/Board/pin_mux.o
                0x00003144                configure_i2c_pins
 .text.configure_spi_pins
                0x000031c0       0x94 ./Sources/Board/pin_mux.o
                0x000031c0                configure_spi_pins
 .text.configure_uart_pins
                0x00003254       0x58 ./Sources/Board/pin_mux.o
                0x00003254                configure_uart_pins
 .text.ADC1IRQHandler
                0x000032ac       0x20 ./Sources/Adc16/adc16.o
                0x000032ac                ADC1IRQHandler
 .text.calibrateParams
                0x000032cc       0xb8 ./Sources/Adc16/adc16.o
                0x000032cc                calibrateParams
 .text.init_adc
                0x00003384       0x64 ./Sources/Adc16/adc16.o
                0x00003384                init_adc
 .text.GetCurrentTempValue
                0x000033e8       0x28 ./Sources/Adc16/adc16.o
                0x000033e8                GetCurrentTempValue
 .text.FXOS_WriteReg
                0x00003410       0x2e ./Sources/Accel/fsl_fxos8700_driver.o
                0x00003410                FXOS_WriteReg
 .text.FXOS_ReadReg
                0x0000343e       0x36 ./Sources/Accel/fsl_fxos8700_driver.o
                0x0000343e                FXOS_ReadReg
 .text.FXOS_ModifyReg
                0x00003474       0x34 ./Sources/Accel/fsl_fxos8700_driver.o
                0x00003474                FXOS_ModifyReg
 .text.FXOS_Init
                0x000034a8       0xd4 ./Sources/Accel/fsl_fxos8700_driver.o
                0x000034a8                FXOS_Init
 .text.I2C0_IRQHandler
                0x0000357c        0x6 ./Sources/Accel/fsl_i2c_irq.o
                0x0000357c                I2C0_IRQHandler
 *fill*         0x00003582        0x2 
 .text.hardware_init
                0x00003584       0xa0 ./Sources/main.o
                0x00003584                hardware_init
 .text.init_pit
                0x00003624       0x68 ./Sources/main.o
                0x00003624                init_pit
 .text.main     0x0000368c      0x16c ./Sources/main.o
                0x0000368c                main
 .text.PORTC_IRQHandler
                0x000037f8       0x18 ./Sources/main.o
                0x000037f8                PORTC_IRQHandler
 .text.PORTA_IRQHandler
                0x00003810       0x18 ./Sources/main.o
                0x00003810                PORTA_IRQHandler
 .text.init_data_bss
                0x00003828       0x7c ./Project_Settings/Startup_Code/startup.o
                0x00003828                init_data_bss
 .text.SystemInit
                0x000038a4       0x2c ./Project_Settings/Startup_Code/system_MK64F12.o
                0x000038a4                SystemInit
 .text.UART_HAL_SetBaudRate
                0x000038d0       0x42 C:\Freescale\KSDK_1.2.0\lib\ksdk_platform_lib\kds\K64F12\debug\libksdk_platform.a(fsl_uart_hal.o)
                0x000038d0                UART_HAL_SetBaudRate
 .text.UART_HAL_SetParityMode
                0x00003912       0x14 C:\Freescale\KSDK_1.2.0\lib\ksdk_platform_lib\kds\K64F12\debug\libksdk_platform.a(fsl_uart_hal.o)
                0x00003912                UART_HAL_SetParityMode
 .text.UART_HAL_Putchar
                0x00003926        0x6 C:\Freescale\KSDK_1.2.0\lib\ksdk_platform_lib\kds\K64F12\debug\libksdk_platform.a(fsl_uart_hal.o)
                0x00003926                UART_HAL_Putchar
 .text.UART_HAL_Getchar
                0x0000392c        0x8 C:\Freescale\KSDK_1.2.0\lib\ksdk_platform_lib\kds\K64F12\debug\libksdk_platform.a(fsl_uart_hal.o)
                0x0000392c                UART_HAL_Getchar
 .text.UART_HAL_SendDataPolling
                0x00003934       0x22 C:\Freescale\KSDK_1.2.0\lib\ksdk_platform_lib\kds\K64F12\debug\libksdk_platform.a(fsl_uart_hal.o)
                0x00003934                UART_HAL_SendDataPolling
 .text.UART_HAL_ReceiveDataPolling
                0x00003956       0x3a C:\Freescale\KSDK_1.2.0\lib\ksdk_platform_lib\kds\K64F12\debug\libksdk_platform.a(fsl_uart_hal.o)
                0x00003956                UART_HAL_ReceiveDataPolling
 .text.UART_HAL_SetIntMode
                0x00003990       0x68 C:\Freescale\KSDK_1.2.0\lib\ksdk_platform_lib\kds\K64F12\debug\libksdk_platform.a(fsl_uart_hal.o)
                0x00003990                UART_HAL_SetIntMode
 .text.UART_HAL_GetStatusFlag
                0x000039f8       0x2a C:\Freescale\KSDK_1.2.0\lib\ksdk_platform_lib\kds\K64F12\debug\libksdk_platform.a(fsl_uart_hal.o)
                0x000039f8                UART_HAL_GetStatusFlag
 .text.UART_HAL_ClearStatusFlag
                0x00003a22       0x64 C:\Freescale\KSDK_1.2.0\lib\ksdk_platform_lib\kds\K64F12\debug\libksdk_platform.a(fsl_uart_hal.o)
                0x00003a22                UART_HAL_ClearStatusFlag
 *fill*         0x00003a86        0x2 
 .text.UART_DRV_CompleteSendData
                0x00003a88       0x54 C:\Freescale\KSDK_1.2.0\lib\ksdk_platform_lib\kds\K64F12\debug\libksdk_platform.a(fsl_uart_driver.o)
 .text.UART_DRV_CompleteReceiveData
                0x00003adc       0x5c C:\Freescale\KSDK_1.2.0\lib\ksdk_platform_lib\kds\K64F12\debug\libksdk_platform.a(fsl_uart_driver.o)
 .text.UART_DRV_IRQHandler
                0x00003b38       0xd4 C:\Freescale\KSDK_1.2.0\lib\ksdk_platform_lib\kds\K64F12\debug\libksdk_platform.a(fsl_uart_driver.o)
                0x00003b38                UART_DRV_IRQHandler
 .text.CLOCK_HAL_SetOutDiv
                0x00003c0c       0x28 C:\Freescale\KSDK_1.2.0\lib\ksdk_platform_lib\kds\K64F12\debug\libksdk_platform.a(fsl_sim_hal_MK64F12.o)
                0x00003c0c                CLOCK_HAL_SetOutDiv
 .text.SIM_HAL_SetAdcAlternativeTriggerCmd
                0x00003c34       0x38 C:\Freescale\KSDK_1.2.0\lib\ksdk_platform_lib\kds\K64F12\debug\libksdk_platform.a(fsl_sim_hal_MK64F12.o)
                0x00003c34                SIM_HAL_SetAdcAlternativeTriggerCmd
 .text.SIM_HAL_SetAdcPreTriggerMode
                0x00003c6c       0x38 C:\Freescale\KSDK_1.2.0\lib\ksdk_platform_lib\kds\K64F12\debug\libksdk_platform.a(fsl_sim_hal_MK64F12.o)
                0x00003c6c                SIM_HAL_SetAdcPreTriggerMode
 .text.SIM_HAL_SetAdcTriggerMode
                0x00003ca4       0x40 C:\Freescale\KSDK_1.2.0\lib\ksdk_platform_lib\kds\K64F12\debug\libksdk_platform.a(fsl_sim_hal_MK64F12.o)
                0x00003ca4                SIM_HAL_SetAdcTriggerMode
 .text.unlikely.PIT_HAL_SetIntCmd.part.3
                0x00003ce4       0x1c C:\Freescale\KSDK_1.2.0\lib\ksdk_platform_lib\kds\K64F12\debug\libksdk_platform.a(fsl_pit_driver.o)
 .text.unlikely.PIT_HAL_StartTimer.part.4
                0x00003d00       0x1c C:\Freescale\KSDK_1.2.0\lib\ksdk_platform_lib\kds\K64F12\debug\libksdk_platform.a(fsl_pit_driver.o)
 .text.unlikely.PIT_HAL_SetTimerPeriodByCount.part.5
                0x00003d1c       0x1c C:\Freescale\KSDK_1.2.0\lib\ksdk_platform_lib\kds\K64F12\debug\libksdk_platform.a(fsl_pit_driver.o)
 .text.PIT_DRV_Init
                0x00003d38       0x54 C:\Freescale\KSDK_1.2.0\lib\ksdk_platform_lib\kds\K64F12\debug\libksdk_platform.a(fsl_pit_driver.o)
                0x00003d38                PIT_DRV_Init
 .text.PIT_DRV_StartTimer
                0x00003d8c       0x40 C:\Freescale\KSDK_1.2.0\lib\ksdk_platform_lib\kds\K64F12\debug\libksdk_platform.a(fsl_pit_driver.o)
                0x00003d8c                PIT_DRV_StartTimer
 .text.PIT_DRV_SetTimerPeriodByUs
                0x00003dcc       0x58 C:\Freescale\KSDK_1.2.0\lib\ksdk_platform_lib\kds\K64F12\debug\libksdk_platform.a(fsl_pit_driver.o)
                0x00003dcc                PIT_DRV_SetTimerPeriodByUs
 .text.PIT_DRV_InitChannel
                0x00003e24       0x98 C:\Freescale\KSDK_1.2.0\lib\ksdk_platform_lib\kds\K64F12\debug\libksdk_platform.a(fsl_pit_driver.o)
                0x00003e24                PIT_DRV_InitChannel
 .text.LPTMR_DRV_IRQHandler
                0x00003ebc       0x64 C:\Freescale\KSDK_1.2.0\lib\ksdk_platform_lib\kds\K64F12\debug\libksdk_platform.a(fsl_lptmr_driver.o)
                0x00003ebc                LPTMR_DRV_IRQHandler
 .text.I2C_DRV_MasterWait
                0x00003f20       0x44 C:\Freescale\KSDK_1.2.0\lib\ksdk_platform_lib\kds\K64F12\debug\libksdk_platform.a(fsl_i2c_master_driver.o)
 .text.I2C_DRV_SendAddress.isra.2
                0x00003f64      0x120 C:\Freescale\KSDK_1.2.0\lib\ksdk_platform_lib\kds\K64F12\debug\libksdk_platform.a(fsl_i2c_master_driver.o)
 .text.I2C_DRV_CompleteTransfer
                0x00004084       0x6c C:\Freescale\KSDK_1.2.0\lib\ksdk_platform_lib\kds\K64F12\debug\libksdk_platform.a(fsl_i2c_master_driver.o)
 .text.I2C_DRV_MasterInit
                0x000040f0       0xd8 C:\Freescale\KSDK_1.2.0\lib\ksdk_platform_lib\kds\K64F12\debug\libksdk_platform.a(fsl_i2c_master_driver.o)
                0x000040f0                I2C_DRV_MasterInit
 .text.I2C_DRV_MasterSetBaudRate
                0x000041c8       0x64 C:\Freescale\KSDK_1.2.0\lib\ksdk_platform_lib\kds\K64F12\debug\libksdk_platform.a(fsl_i2c_master_driver.o)
                0x000041c8                I2C_DRV_MasterSetBaudRate
 .text.I2C_DRV_MasterSend
                0x0000422c       0xfc C:\Freescale\KSDK_1.2.0\lib\ksdk_platform_lib\kds\K64F12\debug\libksdk_platform.a(fsl_i2c_master_driver.o)
 .text.I2C_DRV_MasterReceive
                0x00004328       0xfc C:\Freescale\KSDK_1.2.0\lib\ksdk_platform_lib\kds\K64F12\debug\libksdk_platform.a(fsl_i2c_master_driver.o)
 .text.I2C_DRV_MasterSendDataBlocking
                0x00004424       0x1a C:\Freescale\KSDK_1.2.0\lib\ksdk_platform_lib\kds\K64F12\debug\libksdk_platform.a(fsl_i2c_master_driver.o)
                0x00004424                I2C_DRV_MasterSendDataBlocking
 .text.I2C_DRV_MasterReceiveDataBlocking
                0x0000443e       0x1a C:\Freescale\KSDK_1.2.0\lib\ksdk_platform_lib\kds\K64F12\debug\libksdk_platform.a(fsl_i2c_master_driver.o)
                0x0000443e                I2C_DRV_MasterReceiveDataBlocking
 .text.I2C_DRV_MasterIRQHandler
                0x00004458       0xa0 C:\Freescale\KSDK_1.2.0\lib\ksdk_platform_lib\kds\K64F12\debug\libksdk_platform.a(fsl_i2c_master_driver.o)
                0x00004458                I2C_DRV_MasterIRQHandler
 .text.I2C_DRV_IRQHandler
                0x000044f8       0x44 C:\Freescale\KSDK_1.2.0\lib\ksdk_platform_lib\kds\K64F12\debug\libksdk_platform.a(fsl_i2c_shared_function.o)
                0x000044f8                I2C_DRV_IRQHandler
 .text.unlikely.PORT_HAL_SetMuxMode.part.0
                0x0000453c       0x1c C:\Freescale\KSDK_1.2.0\lib\ksdk_platform_lib\kds\K64F12\debug\libksdk_platform.a(fsl_gpio_driver.o)
 .text.GPIO_DRV_InputPinInit
                0x00004558       0xe4 C:\Freescale\KSDK_1.2.0\lib\ksdk_platform_lib\kds\K64F12\debug\libksdk_platform.a(fsl_gpio_driver.o)
                0x00004558                GPIO_DRV_InputPinInit
 .text.GPIO_DRV_OutputPinInit
                0x0000463c       0x70 C:\Freescale\KSDK_1.2.0\lib\ksdk_platform_lib\kds\K64F12\debug\libksdk_platform.a(fsl_gpio_driver.o)
                0x0000463c                GPIO_DRV_OutputPinInit
 .text.GPIO_DRV_WritePinOutput
                0x000046ac       0x18 C:\Freescale\KSDK_1.2.0\lib\ksdk_platform_lib\kds\K64F12\debug\libksdk_platform.a(fsl_gpio_driver.o)
                0x000046ac                GPIO_DRV_WritePinOutput
 .text.GPIO_DRV_TogglePinOutput
                0x000046c4       0x38 C:\Freescale\KSDK_1.2.0\lib\ksdk_platform_lib\kds\K64F12\debug\libksdk_platform.a(fsl_gpio_driver.o)
                0x000046c4                GPIO_DRV_TogglePinOutput
 .text.GPIO_DRV_ClearPinIntFlag
                0x000046fc       0x44 C:\Freescale\KSDK_1.2.0\lib\ksdk_platform_lib\kds\K64F12\debug\libksdk_platform.a(fsl_gpio_driver.o)
                0x000046fc                GPIO_DRV_ClearPinIntFlag
 .text.FLEXCAN_DRV_StartRxMessageBufferData
                0x00004740       0x44 C:\Freescale\KSDK_1.2.0\lib\ksdk_platform_lib\kds\K64F12\debug\libksdk_platform.a(fsl_flexcan_driver.o)
 .text.INT_SYS_EnableIRQ
                0x00004784       0x48 C:\Freescale\KSDK_1.2.0\lib\ksdk_platform_lib\kds\K64F12\debug\libksdk_platform.a(fsl_flexcan_driver.o)
 .text.FLEXCAN_DRV_CompleteRxMessageBufferData
                0x000047cc       0x5c C:\Freescale\KSDK_1.2.0\lib\ksdk_platform_lib\kds\K64F12\debug\libksdk_platform.a(fsl_flexcan_driver.o)
 .text.FLEXCAN_DRV_CompleteSendData
                0x00004828       0x5c C:\Freescale\KSDK_1.2.0\lib\ksdk_platform_lib\kds\K64F12\debug\libksdk_platform.a(fsl_flexcan_driver.o)
 .text.FLEXCAN_DRV_SetBitrate
                0x00004884       0x30 C:\Freescale\KSDK_1.2.0\lib\ksdk_platform_lib\kds\K64F12\debug\libksdk_platform.a(fsl_flexcan_driver.o)
                0x00004884                FLEXCAN_DRV_SetBitrate
 .text.FLEXCAN_DRV_SetRxMaskType
                0x000048b4       0x2c C:\Freescale\KSDK_1.2.0\lib\ksdk_platform_lib\kds\K64F12\debug\libksdk_platform.a(fsl_flexcan_driver.o)
                0x000048b4                FLEXCAN_DRV_SetRxMaskType
 .text.FLEXCAN_DRV_SetRxMbGlobalMask
                0x000048e0       0x44 C:\Freescale\KSDK_1.2.0\lib\ksdk_platform_lib\kds\K64F12\debug\libksdk_platform.a(fsl_flexcan_driver.o)
                0x000048e0                FLEXCAN_DRV_SetRxMbGlobalMask
 .text.FLEXCAN_DRV_Init
                0x00004924       0xe4 C:\Freescale\KSDK_1.2.0\lib\ksdk_platform_lib\kds\K64F12\debug\libksdk_platform.a(fsl_flexcan_driver.o)
                0x00004924                FLEXCAN_DRV_Init
 .text.FLEXCAN_DRV_ConfigTxMb
                0x00004a08       0x50 C:\Freescale\KSDK_1.2.0\lib\ksdk_platform_lib\kds\K64F12\debug\libksdk_platform.a(fsl_flexcan_driver.o)
                0x00004a08                FLEXCAN_DRV_ConfigTxMb
 .text.FLEXCAN_DRV_SendBlocking
                0x00004a58       0x98 C:\Freescale\KSDK_1.2.0\lib\ksdk_platform_lib\kds\K64F12\debug\libksdk_platform.a(fsl_flexcan_driver.o)
                0x00004a58                FLEXCAN_DRV_SendBlocking
 .text.FLEXCAN_DRV_ConfigRxMb
                0x00004af0       0x78 C:\Freescale\KSDK_1.2.0\lib\ksdk_platform_lib\kds\K64F12\debug\libksdk_platform.a(fsl_flexcan_driver.o)
                0x00004af0                FLEXCAN_DRV_ConfigRxMb
 .text.FLEXCAN_DRV_RxMessageBuffer
                0x00004b68       0x44 C:\Freescale\KSDK_1.2.0\lib\ksdk_platform_lib\kds\K64F12\debug\libksdk_platform.a(fsl_flexcan_driver.o)
                0x00004b68                FLEXCAN_DRV_RxMessageBuffer
 .text.FLEXCAN_DRV_IRQHandler
                0x00004bac      0x110 C:\Freescale\KSDK_1.2.0\lib\ksdk_platform_lib\kds\K64F12\debug\libksdk_platform.a(fsl_flexcan_driver.o)
                0x00004bac                FLEXCAN_DRV_IRQHandler
 .text.FLEXCAN_DRV_GetReceiveStatus
                0x00004cbc       0x34 C:\Freescale\KSDK_1.2.0\lib\ksdk_platform_lib\kds\K64F12\debug\libksdk_platform.a(fsl_flexcan_driver.o)
                0x00004cbc                FLEXCAN_DRV_GetReceiveStatus
 .text.DSPI_DRV_MasterFillupTxFifo
                0x00004cf0      0x120 C:\Freescale\KSDK_1.2.0\lib\ksdk_platform_lib\kds\K64F12\debug\libksdk_platform.a(fsl_dspi_master_driver.o)
 .text.DSPI_DRV_MasterCompleteTransfer
                0x00004e10       0x44 C:\Freescale\KSDK_1.2.0\lib\ksdk_platform_lib\kds\K64F12\debug\libksdk_platform.a(fsl_dspi_master_driver.o)
 .text.DSPI_DRV_MasterInit
                0x00004e54       0xe4 C:\Freescale\KSDK_1.2.0\lib\ksdk_platform_lib\kds\K64F12\debug\libksdk_platform.a(fsl_dspi_master_driver.o)
                0x00004e54                DSPI_DRV_MasterInit
 .text.DSPI_DRV_MasterConfigureBus
                0x00004f38       0x60 C:\Freescale\KSDK_1.2.0\lib\ksdk_platform_lib\kds\K64F12\debug\libksdk_platform.a(fsl_dspi_master_driver.o)
                0x00004f38                DSPI_DRV_MasterConfigureBus
 .text.DSPI_DRV_MasterStartTransfer
                0x00004f98       0xb8 C:\Freescale\KSDK_1.2.0\lib\ksdk_platform_lib\kds\K64F12\debug\libksdk_platform.a(fsl_dspi_master_driver.o)
 .text.DSPI_DRV_MasterTransferBlocking
                0x00005050       0x64 C:\Freescale\KSDK_1.2.0\lib\ksdk_platform_lib\kds\K64F12\debug\libksdk_platform.a(fsl_dspi_master_driver.o)
                0x00005050                DSPI_DRV_MasterTransferBlocking
 .text.DSPI_DRV_MasterIRQHandler
                0x000050b4       0xb4 C:\Freescale\KSDK_1.2.0\lib\ksdk_platform_lib\kds\K64F12\debug\libksdk_platform.a(fsl_dspi_master_driver.o)
                0x000050b4                DSPI_DRV_MasterIRQHandler
 .text.DSPI_DRV_IRQHandler
                0x00005168       0x40 C:\Freescale\KSDK_1.2.0\lib\ksdk_platform_lib\kds\K64F12\debug\libksdk_platform.a(fsl_dspi_shared_function.o)
                0x00005168                DSPI_DRV_IRQHandler
 .text.SIM_HAL_EnableClock.constprop.12
                0x000051a8       0x10 C:\Freescale\KSDK_1.2.0\lib\ksdk_platform_lib\kds\K64F12\debug\libksdk_platform.a(fsl_clock_MK64F12.o)
 .text.CLOCK_SYS_GetCoreClockFreq
                0x000051b8       0x24 C:\Freescale\KSDK_1.2.0\lib\ksdk_platform_lib\kds\K64F12\debug\libksdk_platform.a(fsl_clock_MK64F12.o)
                0x000051b8                CLOCK_SYS_GetCoreClockFreq
 .text.CLOCK_SYS_SetConfiguration
                0x000051dc       0x94 C:\Freescale\KSDK_1.2.0\lib\ksdk_platform_lib\kds\K64F12\debug\libksdk_platform.a(fsl_clock_MK64F12.o)
                0x000051dc                CLOCK_SYS_SetConfiguration
 .text.CLOCK_SYS_FllStableDelay
                0x00005270       0x1a C:\Freescale\KSDK_1.2.0\lib\ksdk_platform_lib\kds\K64F12\debug\libksdk_platform.a(fsl_clock_MK64F12.o)
 *fill*         0x0000528a        0x2 
 .text.CLOCK_SYS_GetSystemClockFreq
                0x0000528c       0x24 C:\Freescale\KSDK_1.2.0\lib\ksdk_platform_lib\kds\K64F12\debug\libksdk_platform.a(fsl_clock_MK64F12.o)
                0x0000528c                CLOCK_SYS_GetSystemClockFreq
 .text.CLOCK_SYS_GetBusClockFreq
                0x000052b0       0x24 C:\Freescale\KSDK_1.2.0\lib\ksdk_platform_lib\kds\K64F12\debug\libksdk_platform.a(fsl_clock_MK64F12.o)
                0x000052b0                CLOCK_SYS_GetBusClockFreq
 .text.CLOCK_SYS_GetOsc0ExternalRefClockFreq
                0x000052d4       0x20 C:\Freescale\KSDK_1.2.0\lib\ksdk_platform_lib\kds\K64F12\debug\libksdk_platform.a(fsl_clock_MK64F12.o)
                0x000052d4                CLOCK_SYS_GetOsc0ExternalRefClockFreq
 .text.CLOCK_SYS_GetFlexcanFreq
                0x000052f4        0xa C:\Freescale\KSDK_1.2.0\lib\ksdk_platform_lib\kds\K64F12\debug\libksdk_platform.a(fsl_clock_MK64F12.o)
                0x000052f4                CLOCK_SYS_GetFlexcanFreq
 .text.CLOCK_SYS_GetUartFreq
                0x000052fe       0x1a C:\Freescale\KSDK_1.2.0\lib\ksdk_platform_lib\kds\K64F12\debug\libksdk_platform.a(fsl_clock_MK64F12.o)
                0x000052fe                CLOCK_SYS_GetUartFreq
 .text.CLOCK_SYS_EnablePortClock
                0x00005318       0x30 C:\Freescale\KSDK_1.2.0\lib\ksdk_platform_lib\kds\K64F12\debug\libksdk_platform.a(fsl_clock_MK64F12.o)
                0x00005318                CLOCK_SYS_EnablePortClock
 .text.CLOCK_SYS_EnableAdcClock
                0x00005348       0x30 C:\Freescale\KSDK_1.2.0\lib\ksdk_platform_lib\kds\K64F12\debug\libksdk_platform.a(fsl_clock_MK64F12.o)
                0x00005348                CLOCK_SYS_EnableAdcClock
 .text.CLOCK_SYS_EnableSpiClock
                0x00005378       0x30 C:\Freescale\KSDK_1.2.0\lib\ksdk_platform_lib\kds\K64F12\debug\libksdk_platform.a(fsl_clock_MK64F12.o)
                0x00005378                CLOCK_SYS_EnableSpiClock
 .text.CLOCK_SYS_EnableI2cClock
                0x000053a8       0x30 C:\Freescale\KSDK_1.2.0\lib\ksdk_platform_lib\kds\K64F12\debug\libksdk_platform.a(fsl_clock_MK64F12.o)
                0x000053a8                CLOCK_SYS_EnableI2cClock
 .text.CLOCK_SYS_EnableUartClock
                0x000053d8       0x30 C:\Freescale\KSDK_1.2.0\lib\ksdk_platform_lib\kds\K64F12\debug\libksdk_platform.a(fsl_clock_MK64F12.o)
                0x000053d8                CLOCK_SYS_EnableUartClock
 .text.CLOCK_SYS_SetMcgPeeToFbe
                0x00005408       0x38 C:\Freescale\KSDK_1.2.0\lib\ksdk_platform_lib\kds\K64F12\debug\libksdk_platform.a(fsl_clock_manager.o)
 .text.CLOCK_SYS_SetMcgMode
                0x00005440      0x12c C:\Freescale\KSDK_1.2.0\lib\ksdk_platform_lib\kds\K64F12\debug\libksdk_platform.a(fsl_clock_manager.o)
                0x00005440                CLOCK_SYS_SetMcgMode
 .text.CLOCK_SYS_SetOscerConfigration
                0x0000556c       0x1c C:\Freescale\KSDK_1.2.0\lib\ksdk_platform_lib\kds\K64F12\debug\libksdk_platform.a(fsl_clock_manager.o)
                0x0000556c                CLOCK_SYS_SetOscerConfigration
 .text.CLOCK_SYS_OscInit
                0x00005588       0x98 C:\Freescale\KSDK_1.2.0\lib\ksdk_platform_lib\kds\K64F12\debug\libksdk_platform.a(fsl_clock_manager.o)
                0x00005588                CLOCK_SYS_OscInit
 .text.CLOCK_SYS_RtcOscInit
                0x00005620       0x68 C:\Freescale\KSDK_1.2.0\lib\ksdk_platform_lib\kds\K64F12\debug\libksdk_platform.a(fsl_clock_manager.o)
                0x00005620                CLOCK_SYS_RtcOscInit
 .text.unlikely.ADC16_HAL_GetChnConvCompletedFlag.part.0
                0x00005688       0x1c C:\Freescale\KSDK_1.2.0\lib\ksdk_platform_lib\kds\K64F12\debug\libksdk_platform.a(fsl_adc16_driver.o)
 .text.ADC16_DRV_GetAutoCalibrationParam
                0x000056a4       0x80 C:\Freescale\KSDK_1.2.0\lib\ksdk_platform_lib\kds\K64F12\debug\libksdk_platform.a(fsl_adc16_driver.o)
                0x000056a4                ADC16_DRV_GetAutoCalibrationParam
 .text.ADC16_DRV_SetCalibrationParam
                0x00005724       0x58 C:\Freescale\KSDK_1.2.0\lib\ksdk_platform_lib\kds\K64F12\debug\libksdk_platform.a(fsl_adc16_driver.o)
                0x00005724                ADC16_DRV_SetCalibrationParam
 .text.ADC16_DRV_StructInitUserConfigDefault
                0x0000577c       0x24 C:\Freescale\KSDK_1.2.0\lib\ksdk_platform_lib\kds\K64F12\debug\libksdk_platform.a(fsl_adc16_driver.o)
                0x0000577c                ADC16_DRV_StructInitUserConfigDefault
 .text.ADC16_DRV_Init
                0x000057a0       0x94 C:\Freescale\KSDK_1.2.0\lib\ksdk_platform_lib\kds\K64F12\debug\libksdk_platform.a(fsl_adc16_driver.o)
                0x000057a0                ADC16_DRV_Init
 .text.ADC16_DRV_ConfigHwAverage
                0x00005834       0x38 C:\Freescale\KSDK_1.2.0\lib\ksdk_platform_lib\kds\K64F12\debug\libksdk_platform.a(fsl_adc16_driver.o)
                0x00005834                ADC16_DRV_ConfigHwAverage
 .text.ADC16_DRV_ConfigConvChn
                0x0000586c       0x38 C:\Freescale\KSDK_1.2.0\lib\ksdk_platform_lib\kds\K64F12\debug\libksdk_platform.a(fsl_adc16_driver.o)
                0x0000586c                ADC16_DRV_ConfigConvChn
 .text.ADC16_DRV_WaitConvDone
                0x000058a4       0x48 C:\Freescale\KSDK_1.2.0\lib\ksdk_platform_lib\kds\K64F12\debug\libksdk_platform.a(fsl_adc16_driver.o)
                0x000058a4                ADC16_DRV_WaitConvDone
 .text.ADC16_DRV_PauseConv
                0x000058ec       0x3c C:\Freescale\KSDK_1.2.0\lib\ksdk_platform_lib\kds\K64F12\debug\libksdk_platform.a(fsl_adc16_driver.o)
                0x000058ec                ADC16_DRV_PauseConv
 .text.ADC16_DRV_GetConvValueRAW
                0x00005928       0x50 C:\Freescale\KSDK_1.2.0\lib\ksdk_platform_lib\kds\K64F12\debug\libksdk_platform.a(fsl_adc16_driver.o)
                0x00005928                ADC16_DRV_GetConvValueRAW
 .text.ADC16_DRV_GetConvValueSigned
                0x00005978        0xa C:\Freescale\KSDK_1.2.0\lib\ksdk_platform_lib\kds\K64F12\debug\libksdk_platform.a(fsl_adc16_driver.o)
                0x00005978                ADC16_DRV_GetConvValueSigned
 *fill*         0x00005982        0x2 
 .text.ADC16_DRV_GetChnFlag
                0x00005984       0x50 C:\Freescale\KSDK_1.2.0\lib\ksdk_platform_lib\kds\K64F12\debug\libksdk_platform.a(fsl_adc16_driver.o)
                0x00005984                ADC16_DRV_GetChnFlag
 .text.OSA_TimeInit
                0x000059d4       0x44 C:\Freescale\KSDK_1.2.0\lib\ksdk_platform_lib\kds\K64F12\debug\libksdk_platform.a(fsl_os_abstraction_bm.o)
                0x000059d4                OSA_TimeInit
 .text.OSA_TimeDiff
                0x00005a18        0xe C:\Freescale\KSDK_1.2.0\lib\ksdk_platform_lib\kds\K64F12\debug\libksdk_platform.a(fsl_os_abstraction_bm.o)
                0x00005a18                OSA_TimeDiff
 *fill*         0x00005a26        0x2 
 .text.OSA_SemaCreate
                0x00005a28       0x2c C:\Freescale\KSDK_1.2.0\lib\ksdk_platform_lib\kds\K64F12\debug\libksdk_platform.a(fsl_os_abstraction_bm.o)
                0x00005a28                OSA_SemaCreate
 .text.OSA_SemaPost
                0x00005a54       0x3c C:\Freescale\KSDK_1.2.0\lib\ksdk_platform_lib\kds\K64F12\debug\libksdk_platform.a(fsl_os_abstraction_bm.o)
                0x00005a54                OSA_SemaPost
 .text.OSA_EventSet
                0x00005a90       0x34 C:\Freescale\KSDK_1.2.0\lib\ksdk_platform_lib\kds\K64F12\debug\libksdk_platform.a(fsl_os_abstraction_bm.o)
                0x00005a90                OSA_EventSet
 .text.task_init
                0x00005ac4       0x38 C:\Freescale\KSDK_1.2.0\lib\ksdk_platform_lib\kds\K64F12\debug\libksdk_platform.a(fsl_os_abstraction_bm.o)
                0x00005ac4                task_init
 .text.OSA_TimeGetMsec
                0x00005afc        0xc C:\Freescale\KSDK_1.2.0\lib\ksdk_platform_lib\kds\K64F12\debug\libksdk_platform.a(fsl_os_abstraction_bm.o)
                0x00005afc                OSA_TimeGetMsec
 .text.OSA_SemaWait
                0x00005b08       0x88 C:\Freescale\KSDK_1.2.0\lib\ksdk_platform_lib\kds\K64F12\debug\libksdk_platform.a(fsl_os_abstraction_bm.o)
                0x00005b08                OSA_SemaWait
 .text.OSA_TimeDelay
                0x00005b90       0x1c C:\Freescale\KSDK_1.2.0\lib\ksdk_platform_lib\kds\K64F12\debug\libksdk_platform.a(fsl_os_abstraction_bm.o)
                0x00005b90                OSA_TimeDelay
 .text.OSA_Init
                0x00005bac        0xe C:\Freescale\KSDK_1.2.0\lib\ksdk_platform_lib\kds\K64F12\debug\libksdk_platform.a(fsl_os_abstraction_bm.o)
                0x00005bac                OSA_Init
 .text.OSC_HAL_SetCapacitor
                0x00005bba        0xe C:\Freescale\KSDK_1.2.0\lib\ksdk_platform_lib\kds\K64F12\debug\libksdk_platform.a(fsl_osc_hal.o)
                0x00005bba                OSC_HAL_SetCapacitor
 .text.CLOCK_HAL_TestOscFreq
                0x00005bc8       0x28 C:\Freescale\KSDK_1.2.0\lib\ksdk_platform_lib\kds\K64F12\debug\libksdk_platform.a(fsl_mcg_hal.o)
                0x00005bc8                CLOCK_HAL_TestOscFreq
 .text.CLOCK_HAL_GetMcgExternalClkFreq
                0x00005bf0        0xa C:\Freescale\KSDK_1.2.0\lib\ksdk_platform_lib\kds\K64F12\debug\libksdk_platform.a(fsl_mcg_hal.o)
 .text.CLOCK_HAL_TestFllExternalRefFreq
                0x00005bfa       0x32 C:\Freescale\KSDK_1.2.0\lib\ksdk_platform_lib\kds\K64F12\debug\libksdk_platform.a(fsl_mcg_hal.o)
                0x00005bfa                CLOCK_HAL_TestFllExternalRefFreq
 .text.CLOCK_HAL_GetFllRefClk
                0x00005c2c       0x3c C:\Freescale\KSDK_1.2.0\lib\ksdk_platform_lib\kds\K64F12\debug\libksdk_platform.a(fsl_mcg_hal.o)
                0x00005c2c                CLOCK_HAL_GetFllRefClk
 .text.CLOCK_HAL_TestFllFreq
                0x00005c68       0x34 C:\Freescale\KSDK_1.2.0\lib\ksdk_platform_lib\kds\K64F12\debug\libksdk_platform.a(fsl_mcg_hal.o)
                0x00005c68                CLOCK_HAL_TestFllFreq
 .text.CLOCK_HAL_GetFllClk
                0x00005c9c       0x36 C:\Freescale\KSDK_1.2.0\lib\ksdk_platform_lib\kds\K64F12\debug\libksdk_platform.a(fsl_mcg_hal.o)
                0x00005c9c                CLOCK_HAL_GetFllClk
 .text.CLOCK_HAL_UpdateFastClkInternalRefDiv
                0x00005cd2       0x58 C:\Freescale\KSDK_1.2.0\lib\ksdk_platform_lib\kds\K64F12\debug\libksdk_platform.a(fsl_mcg_hal.o)
                0x00005cd2                CLOCK_HAL_UpdateFastClkInternalRefDiv
 .text.CLOCK_HAL_GetPll0Clk
                0x00005d2a       0x3e C:\Freescale\KSDK_1.2.0\lib\ksdk_platform_lib\kds\K64F12\debug\libksdk_platform.a(fsl_mcg_hal.o)
                0x00005d2a                CLOCK_HAL_GetPll0Clk
 .text.CLOCK_HAL_EnablePll0InFllMode
                0x00005d68       0x3a C:\Freescale\KSDK_1.2.0\lib\ksdk_platform_lib\kds\K64F12\debug\libksdk_platform.a(fsl_mcg_hal.o)
                0x00005d68                CLOCK_HAL_EnablePll0InFllMode
 *fill*         0x00005da2        0x2 
 .text.CLOCK_HAL_GetInternalRefClk
                0x00005da4       0x3c C:\Freescale\KSDK_1.2.0\lib\ksdk_platform_lib\kds\K64F12\debug\libksdk_platform.a(fsl_mcg_hal.o)
                0x00005da4                CLOCK_HAL_GetInternalRefClk
 .text.CLOCK_HAL_GetOutClk
                0x00005de0       0x22 C:\Freescale\KSDK_1.2.0\lib\ksdk_platform_lib\kds\K64F12\debug\libksdk_platform.a(fsl_mcg_hal.o)
                0x00005de0                CLOCK_HAL_GetOutClk
 .text.CLOCK_HAL_SetOsc0Mode
                0x00005e02       0x24 C:\Freescale\KSDK_1.2.0\lib\ksdk_platform_lib\kds\K64F12\debug\libksdk_platform.a(fsl_mcg_hal.o)
                0x00005e02                CLOCK_HAL_SetOsc0Mode
 .text.CLOCK_HAL_PrepareOsc
                0x00005e26       0x2c C:\Freescale\KSDK_1.2.0\lib\ksdk_platform_lib\kds\K64F12\debug\libksdk_platform.a(fsl_mcg_hal_modes.o)
 .text.CLOCK_HAL_GetMcgMode
                0x00005e52       0x76 C:\Freescale\KSDK_1.2.0\lib\ksdk_platform_lib\kds\K64F12\debug\libksdk_platform.a(fsl_mcg_hal_modes.o)
                0x00005e52                CLOCK_HAL_GetMcgMode
 .text.CLOCK_HAL_SetFbiMode
                0x00005ec8       0xbc C:\Freescale\KSDK_1.2.0\lib\ksdk_platform_lib\kds\K64F12\debug\libksdk_platform.a(fsl_mcg_hal_modes.o)
                0x00005ec8                CLOCK_HAL_SetFbiMode
 .text.CLOCK_HAL_SetFbeMode
                0x00005f84       0xf4 C:\Freescale\KSDK_1.2.0\lib\ksdk_platform_lib\kds\K64F12\debug\libksdk_platform.a(fsl_mcg_hal_modes.o)
                0x00005f84                CLOCK_HAL_SetFbeMode
 .text.CLOCK_HAL_SetPbeMode
                0x00006078       0xd0 C:\Freescale\KSDK_1.2.0\lib\ksdk_platform_lib\kds\K64F12\debug\libksdk_platform.a(fsl_mcg_hal_modes.o)
                0x00006078                CLOCK_HAL_SetPbeMode
 .text.LPTMR_HAL_SetTimerWorkingMode
                0x00006148       0x40 C:\Freescale\KSDK_1.2.0\lib\ksdk_platform_lib\kds\K64F12\debug\libksdk_platform.a(fsl_lptmr_hal.o)
                0x00006148                LPTMR_HAL_SetTimerWorkingMode
 .text.LPTMR_HAL_SetPrescalerMode
                0x00006188       0x1c C:\Freescale\KSDK_1.2.0\lib\ksdk_platform_lib\kds\K64F12\debug\libksdk_platform.a(fsl_lptmr_hal.o)
                0x00006188                LPTMR_HAL_SetPrescalerMode
 .text.LPTMR_HAL_GetCounterValue
                0x000061a4        0xe C:\Freescale\KSDK_1.2.0\lib\ksdk_platform_lib\kds\K64F12\debug\libksdk_platform.a(fsl_lptmr_hal.o)
                0x000061a4                LPTMR_HAL_GetCounterValue
 *fill*         0x000061b2        0x2 
 .text.INT_SYS_EnableIRQGlobal
                0x000061b4       0x14 C:\Freescale\KSDK_1.2.0\lib\ksdk_platform_lib\kds\K64F12\debug\libksdk_platform.a(fsl_interrupt_manager.o)
                0x000061b4                INT_SYS_EnableIRQGlobal
 .text.INT_SYS_DisableIRQGlobal
                0x000061c8       0x10 C:\Freescale\KSDK_1.2.0\lib\ksdk_platform_lib\kds\K64F12\debug\libksdk_platform.a(fsl_interrupt_manager.o)
                0x000061c8                INT_SYS_DisableIRQGlobal
 .text.I2C_HAL_Init
                0x000061d8       0x1c C:\Freescale\KSDK_1.2.0\lib\ksdk_platform_lib\kds\K64F12\debug\libksdk_platform.a(fsl_i2c_hal.o)
                0x000061d8                I2C_HAL_Init
 .text.I2C_HAL_SetBaudRate
                0x000061f4       0x78 C:\Freescale\KSDK_1.2.0\lib\ksdk_platform_lib\kds\K64F12\debug\libksdk_platform.a(fsl_i2c_hal.o)
                0x000061f4                I2C_HAL_SetBaudRate
 .text.I2C_HAL_SendStart
                0x0000626c       0x1c C:\Freescale\KSDK_1.2.0\lib\ksdk_platform_lib\kds\K64F12\debug\libksdk_platform.a(fsl_i2c_hal.o)
                0x0000626c                I2C_HAL_SendStart
 .text.I2C_HAL_SendStop
                0x00006288       0x50 C:\Freescale\KSDK_1.2.0\lib\ksdk_platform_lib\kds\K64F12\debug\libksdk_platform.a(fsl_i2c_hal.o)
                0x00006288                I2C_HAL_SendStop
 .text.I2C_HAL_SetIntCmd
                0x000062d8        0xc C:\Freescale\KSDK_1.2.0\lib\ksdk_platform_lib\kds\K64F12\debug\libksdk_platform.a(fsl_i2c_slave_driver.o)
 .text.I2C_DRV_SlaveIRQHandler
                0x000062e4      0x1f0 C:\Freescale\KSDK_1.2.0\lib\ksdk_platform_lib\kds\K64F12\debug\libksdk_platform.a(fsl_i2c_slave_driver.o)
                0x000062e4                I2C_DRV_SlaveIRQHandler
 .text.GPIO_HAL_SetPinDir
                0x000064d4       0x3c C:\Freescale\KSDK_1.2.0\lib\ksdk_platform_lib\kds\K64F12\debug\libksdk_platform.a(fsl_gpio_hal.o)
                0x000064d4                GPIO_HAL_SetPinDir
 .text.GPIO_HAL_WritePinOutput
                0x00006510       0x30 C:\Freescale\KSDK_1.2.0\lib\ksdk_platform_lib\kds\K64F12\debug\libksdk_platform.a(fsl_gpio_hal.o)
                0x00006510                GPIO_HAL_WritePinOutput
 .text.FLEXCAN_HAL_Enable
                0x00006540       0x20 C:\Freescale\KSDK_1.2.0\lib\ksdk_platform_lib\kds\K64F12\debug\libksdk_platform.a(fsl_flexcan_hal.o)
                0x00006540                FLEXCAN_HAL_Enable
 .text.FLEXCAN_HAL_SelectClock
                0x00006560        0xe C:\Freescale\KSDK_1.2.0\lib\ksdk_platform_lib\kds\K64F12\debug\libksdk_platform.a(fsl_flexcan_hal.o)
                0x00006560                FLEXCAN_HAL_SelectClock
 *fill*         0x0000656e        0x2 
 .text.FLEXCAN_HAL_SetTxMsgBuff
                0x00006570      0x174 C:\Freescale\KSDK_1.2.0\lib\ksdk_platform_lib\kds\K64F12\debug\libksdk_platform.a(fsl_flexcan_hal.o)
                0x00006570                FLEXCAN_HAL_SetTxMsgBuff
 .text.FLEXCAN_HAL_SetRxMsgBuff
                0x000066e4      0x104 C:\Freescale\KSDK_1.2.0\lib\ksdk_platform_lib\kds\K64F12\debug\libksdk_platform.a(fsl_flexcan_hal.o)
                0x000066e4                FLEXCAN_HAL_SetRxMsgBuff
 .text.FLEXCAN_HAL_GetMsgBuff
                0x000067e8       0x7e C:\Freescale\KSDK_1.2.0\lib\ksdk_platform_lib\kds\K64F12\debug\libksdk_platform.a(fsl_flexcan_hal.o)
                0x000067e8                FLEXCAN_HAL_GetMsgBuff
 .text.FLEXCAN_HAL_LockRxMsgBuff
                0x00006866       0x1e C:\Freescale\KSDK_1.2.0\lib\ksdk_platform_lib\kds\K64F12\debug\libksdk_platform.a(fsl_flexcan_hal.o)
                0x00006866                FLEXCAN_HAL_LockRxMsgBuff
 .text.FLEXCAN_HAL_SetMsgBuffIntCmd
                0x00006884       0x28 C:\Freescale\KSDK_1.2.0\lib\ksdk_platform_lib\kds\K64F12\debug\libksdk_platform.a(fsl_flexcan_hal.o)
                0x00006884                FLEXCAN_HAL_SetMsgBuffIntCmd
 .text.FLEXCAN_HAL_SetErrIntCmd
                0x000068ac       0x44 C:\Freescale\KSDK_1.2.0\lib\ksdk_platform_lib\kds\K64F12\debug\libksdk_platform.a(fsl_flexcan_hal.o)
                0x000068ac                FLEXCAN_HAL_SetErrIntCmd
 .text.FLEXCAN_HAL_ExitFreezeMode
                0x000068f0       0x16 C:\Freescale\KSDK_1.2.0\lib\ksdk_platform_lib\kds\K64F12\debug\libksdk_platform.a(fsl_flexcan_hal.o)
                0x000068f0                FLEXCAN_HAL_ExitFreezeMode
 .text.FLEXCAN_HAL_EnterFreezeMode
                0x00006906       0x16 C:\Freescale\KSDK_1.2.0\lib\ksdk_platform_lib\kds\K64F12\debug\libksdk_platform.a(fsl_flexcan_hal.o)
                0x00006906                FLEXCAN_HAL_EnterFreezeMode
 .text.FLEXCAN_HAL_Init
                0x0000691c       0x38 C:\Freescale\KSDK_1.2.0\lib\ksdk_platform_lib\kds\K64F12\debug\libksdk_platform.a(fsl_flexcan_hal.o)
                0x0000691c                FLEXCAN_HAL_Init
 .text.FLEXCAN_HAL_SetTimeSegments
                0x00006954       0x52 C:\Freescale\KSDK_1.2.0\lib\ksdk_platform_lib\kds\K64F12\debug\libksdk_platform.a(fsl_flexcan_hal.o)
                0x00006954                FLEXCAN_HAL_SetTimeSegments
 *fill*         0x000069a6        0x2 
 .text.FLEXCAN_HAL_EnableRxFifo
                0x000069a8       0x50 C:\Freescale\KSDK_1.2.0\lib\ksdk_platform_lib\kds\K64F12\debug\libksdk_platform.a(fsl_flexcan_hal.o)
                0x000069a8                FLEXCAN_HAL_EnableRxFifo
 .text.FLEXCAN_HAL_SetMaxMsgBuffNum
                0x000069f8       0x42 C:\Freescale\KSDK_1.2.0\lib\ksdk_platform_lib\kds\K64F12\debug\libksdk_platform.a(fsl_flexcan_hal.o)
                0x000069f8                FLEXCAN_HAL_SetMaxMsgBuffNum
 .text.FLEXCAN_HAL_ClearErrIntStatusFlag
                0x00006a3a        0xc C:\Freescale\KSDK_1.2.0\lib\ksdk_platform_lib\kds\K64F12\debug\libksdk_platform.a(fsl_flexcan_hal.o)
                0x00006a3a                FLEXCAN_HAL_ClearErrIntStatusFlag
 .text.FLEXCAN_HAL_ReadRxFifo
                0x00006a46       0x50 C:\Freescale\KSDK_1.2.0\lib\ksdk_platform_lib\kds\K64F12\debug\libksdk_platform.a(fsl_flexcan_hal.o)
                0x00006a46                FLEXCAN_HAL_ReadRxFifo
 .text.FLEXCAN_HAL_SetRxMaskType
                0x00006a96       0x26 C:\Freescale\KSDK_1.2.0\lib\ksdk_platform_lib\kds\K64F12\debug\libksdk_platform.a(fsl_flexcan_hal.o)
                0x00006a96                FLEXCAN_HAL_SetRxMaskType
 .text.FLEXCAN_HAL_SetRxMsgBuffGlobalStdMask
                0x00006abc       0x20 C:\Freescale\KSDK_1.2.0\lib\ksdk_platform_lib\kds\K64F12\debug\libksdk_platform.a(fsl_flexcan_hal.o)
                0x00006abc                FLEXCAN_HAL_SetRxMsgBuffGlobalStdMask
 .text.FLEXCAN_HAL_SetRxMsgBuffGlobalExtMask
                0x00006adc       0x1a C:\Freescale\KSDK_1.2.0\lib\ksdk_platform_lib\kds\K64F12\debug\libksdk_platform.a(fsl_flexcan_hal.o)
                0x00006adc                FLEXCAN_HAL_SetRxMsgBuffGlobalExtMask
 .text.FLEXCAN_HAL_SetOperationMode
                0x00006af6       0x5e C:\Freescale\KSDK_1.2.0\lib\ksdk_platform_lib\kds\K64F12\debug\libksdk_platform.a(fsl_flexcan_hal.o)
                0x00006af6                FLEXCAN_HAL_SetOperationMode
 .text.DSPI_HAL_Init
                0x00006b54       0x34 C:\Freescale\KSDK_1.2.0\lib\ksdk_platform_lib\kds\K64F12\debug\libksdk_platform.a(fsl_dspi_hal.o)
                0x00006b54                DSPI_HAL_Init
 .text.DSPI_HAL_SetBaudRate
                0x00006b88       0xdc C:\Freescale\KSDK_1.2.0\lib\ksdk_platform_lib\kds\K64F12\debug\libksdk_platform.a(fsl_dspi_hal.o)
                0x00006b88                DSPI_HAL_SetBaudRate
 .text.DSPI_HAL_SetPcsPolarityMode
                0x00006c64       0x20 C:\Freescale\KSDK_1.2.0\lib\ksdk_platform_lib\kds\K64F12\debug\libksdk_platform.a(fsl_dspi_hal.o)
                0x00006c64                DSPI_HAL_SetPcsPolarityMode
 .text.DSPI_HAL_SetFifoCmd
                0x00006c84       0x2a C:\Freescale\KSDK_1.2.0\lib\ksdk_platform_lib\kds\K64F12\debug\libksdk_platform.a(fsl_dspi_hal.o)
                0x00006c84                DSPI_HAL_SetFifoCmd
 .text.DSPI_HAL_SetFlushFifoCmd
                0x00006cae        0xc C:\Freescale\KSDK_1.2.0\lib\ksdk_platform_lib\kds\K64F12\debug\libksdk_platform.a(fsl_dspi_hal.o)
                0x00006cae                DSPI_HAL_SetFlushFifoCmd
 .text.DSPI_HAL_SetDataFormat
                0x00006cba       0x80 C:\Freescale\KSDK_1.2.0\lib\ksdk_platform_lib\kds\K64F12\debug\libksdk_platform.a(fsl_dspi_hal.o)
                0x00006cba                DSPI_HAL_SetDataFormat
 .text.DSPI_HAL_SetDelay
                0x00006d3a       0x7e C:\Freescale\KSDK_1.2.0\lib\ksdk_platform_lib\kds\K64F12\debug\libksdk_platform.a(fsl_dspi_hal.o)
                0x00006d3a                DSPI_HAL_SetDelay
 .text.DSPI_HAL_SetTxFifoFillDmaIntMode
                0x00006db8        0xe C:\Freescale\KSDK_1.2.0\lib\ksdk_platform_lib\kds\K64F12\debug\libksdk_platform.a(fsl_dspi_hal.o)
                0x00006db8                DSPI_HAL_SetTxFifoFillDmaIntMode
 .text.DSPI_HAL_SetRxFifoDrainDmaIntMode
                0x00006dc6        0xe C:\Freescale\KSDK_1.2.0\lib\ksdk_platform_lib\kds\K64F12\debug\libksdk_platform.a(fsl_dspi_hal.o)
                0x00006dc6                DSPI_HAL_SetRxFifoDrainDmaIntMode
 .text.DSPI_HAL_SetIntMode
                0x00006dd4       0x14 C:\Freescale\KSDK_1.2.0\lib\ksdk_platform_lib\kds\K64F12\debug\libksdk_platform.a(fsl_dspi_hal.o)
                0x00006dd4                DSPI_HAL_SetIntMode
 .text.DSPI_HAL_GetFormattedCommand
                0x00006de8       0x1e C:\Freescale\KSDK_1.2.0\lib\ksdk_platform_lib\kds\K64F12\debug\libksdk_platform.a(fsl_dspi_hal.o)
                0x00006de8                DSPI_HAL_GetFormattedCommand
 *fill*         0x00006e06        0x2 
 .text.DSPI_DRV_SlaveCompleteTransfer
                0x00006e08       0x5c C:\Freescale\KSDK_1.2.0\lib\ksdk_platform_lib\kds\K64F12\debug\libksdk_platform.a(fsl_dspi_slave_driver.o)
 .text.DSPI_DRV_SlaveIRQHandler
                0x00006e64      0x108 C:\Freescale\KSDK_1.2.0\lib\ksdk_platform_lib\kds\K64F12\debug\libksdk_platform.a(fsl_dspi_slave_driver.o)
                0x00006e64                DSPI_DRV_SlaveIRQHandler
 .text.ADC16_HAL_Init
                0x00006f6c       0x10 C:\Freescale\KSDK_1.2.0\lib\ksdk_platform_lib\kds\K64F12\debug\libksdk_platform.a(fsl_adc16_hal.o)
                0x00006f6c                ADC16_HAL_Init
 .text.ADC16_HAL_GetAutoPlusSideGainValue
                0x00006f7c       0x34 C:\Freescale\KSDK_1.2.0\lib\ksdk_platform_lib\kds\K64F12\debug\libksdk_platform.a(fsl_adc16_hal.o)
                0x00006f7c                ADC16_HAL_GetAutoPlusSideGainValue
 .text.ADC16_HAL_GetAutoMinusSideGainValue
                0x00006fb0       0x34 C:\Freescale\KSDK_1.2.0\lib\ksdk_platform_lib\kds\K64F12\debug\libksdk_platform.a(fsl_adc16_hal.o)
                0x00006fb0                ADC16_HAL_GetAutoMinusSideGainValue
 .text.ADC16_HAL_ConfigChn
                0x00006fe4       0x40 C:\Freescale\KSDK_1.2.0\lib\ksdk_platform_lib\kds\K64F12\debug\libksdk_platform.a(fsl_adc16_hal.o)
                0x00006fe4                ADC16_HAL_ConfigChn
 .text.ADC16_HAL_ConfigConverter
                0x00007024       0x92 C:\Freescale\KSDK_1.2.0\lib\ksdk_platform_lib\kds\K64F12\debug\libksdk_platform.a(fsl_adc16_hal.o)
                0x00007024                ADC16_HAL_ConfigConverter
 .text.ADC16_HAL_ConfigHwAverage
                0x000070b6       0x1c C:\Freescale\KSDK_1.2.0\lib\ksdk_platform_lib\kds\K64F12\debug\libksdk_platform.a(fsl_adc16_hal.o)
                0x000070b6                ADC16_HAL_ConfigHwAverage
 *fill*         0x000070d2        0x2 
 .text.__assert_func
                0x000070d4       0x38 c:/freescale/kds_3.0.0/toolchain/bin/../lib/gcc/arm-none-eabi/4.8.4/../../../../arm-none-eabi/lib/armv7e-m/fpu\libg_s.a(lib_a-assert.o)
                0x000070d4                __assert_func
 .text.exit     0x0000710c       0x28 c:/freescale/kds_3.0.0/toolchain/bin/../lib/gcc/arm-none-eabi/4.8.4/../../../../arm-none-eabi/lib/armv7e-m/fpu\libg_s.a(lib_a-exit.o)
                0x0000710c                exit
 .text.fprintf  0x00007134       0x24 c:/freescale/kds_3.0.0/toolchain/bin/../lib/gcc/arm-none-eabi/4.8.4/../../../../arm-none-eabi/lib/armv7e-m/fpu\libg_s.a(lib_a-fprintf.o)
                0x00007134                fiprintf
                0x00007134                fprintf
 .text.__libc_init_array
                0x00007158       0x4c c:/freescale/kds_3.0.0/toolchain/bin/../lib/gcc/arm-none-eabi/4.8.4/../../../../arm-none-eabi/lib/armv7e-m/fpu\libg_s.a(lib_a-init.o)
                0x00007158                __libc_init_array
 .text.memcpy   0x000071a4       0x12 c:/freescale/kds_3.0.0/toolchain/bin/../lib/gcc/arm-none-eabi/4.8.4/../../../../arm-none-eabi/lib/armv7e-m/fpu\libg_s.a(lib_a-memcpy-stub.o)
                0x000071a4                memcpy
 .text.memset   0x000071b6       0x10 c:/freescale/kds_3.0.0/toolchain/bin/../lib/gcc/arm-none-eabi/4.8.4/../../../../arm-none-eabi/lib/armv7e-m/fpu\libg_s.a(lib_a-memset.o)
                0x000071b6                memset
 *fill*         0x000071c6        0x2 
 .text._free_r  0x000071c8       0x88 c:/freescale/kds_3.0.0/toolchain/bin/../lib/gcc/arm-none-eabi/4.8.4/../../../../arm-none-eabi/lib/armv7e-m/fpu\libg_s.a(lib_a-nano-freer.o)
                0x000071c8                _free_r
 .text._malloc_r
                0x00007250       0xa8 c:/freescale/kds_3.0.0/toolchain/bin/../lib/gcc/arm-none-eabi/4.8.4/../../../../arm-none-eabi/lib/armv7e-m/fpu\libg_s.a(lib_a-nano-mallocr.o)
                0x00007250                _malloc_r
 .text.printf   0x000072f8       0x30 c:/freescale/kds_3.0.0/toolchain/bin/../lib/gcc/arm-none-eabi/4.8.4/../../../../arm-none-eabi/lib/armv7e-m/fpu\libg_s.a(lib_a-printf.o)
                0x000072f8                iprintf
                0x000072f8                printf
 .text._puts_r  0x00007328       0xc0 c:/freescale/kds_3.0.0/toolchain/bin/../lib/gcc/arm-none-eabi/4.8.4/../../../../arm-none-eabi/lib/armv7e-m/fpu\libg_s.a(lib_a-puts.o)
                0x00007328                _puts_r
 .text.puts     0x000073e8       0x10 c:/freescale/kds_3.0.0/toolchain/bin/../lib/gcc/arm-none-eabi/4.8.4/../../../../arm-none-eabi/lib/armv7e-m/fpu\libg_s.a(lib_a-puts.o)
                0x000073e8                puts
 .text._sbrk_r  0x000073f8       0x20 c:/freescale/kds_3.0.0/toolchain/bin/../lib/gcc/arm-none-eabi/4.8.4/../../../../arm-none-eabi/lib/armv7e-m/fpu\libg_s.a(lib_a-sbrkr.o)
                0x000073f8                _sbrk_r
 .text.strlen   0x00007418       0x10 c:/freescale/kds_3.0.0/toolchain/bin/../lib/gcc/arm-none-eabi/4.8.4/../../../../arm-none-eabi/lib/armv7e-m/fpu\libg_s.a(lib_a-strlen.o)
                0x00007418                strlen
 .text.__sfputc_r
                0x00007428       0x2c c:/freescale/kds_3.0.0/toolchain/bin/../lib/gcc/arm-none-eabi/4.8.4/../../../../arm-none-eabi/lib/armv7e-m/fpu\libg_s.a(lib_a-vfprintf.o)
 .text.__sfputs_r
                0x00007454       0x24 c:/freescale/kds_3.0.0/toolchain/bin/../lib/gcc/arm-none-eabi/4.8.4/../../../../arm-none-eabi/lib/armv7e-m/fpu\libg_s.a(lib_a-vfprintf.o)
                0x00007454                __sfputs_r
 .text._vfprintf_r
                0x00007478      0x208 c:/freescale/kds_3.0.0/toolchain/bin/../lib/gcc/arm-none-eabi/4.8.4/../../../../arm-none-eabi/lib/armv7e-m/fpu\libg_s.a(lib_a-vfprintf.o)
                0x00007478                _vfprintf_r
                0x00007478                _vfiprintf_r
 .text._printf_common
                0x00007680       0xe4 c:/freescale/kds_3.0.0/toolchain/bin/../lib/gcc/arm-none-eabi/4.8.4/../../../../arm-none-eabi/lib/armv7e-m/fpu\libg_s.a(lib_a-vfprintf_i.o)
                0x00007680                _printf_common
 .text._printf_i
                0x00007764      0x228 c:/freescale/kds_3.0.0/toolchain/bin/../lib/gcc/arm-none-eabi/4.8.4/../../../../arm-none-eabi/lib/armv7e-m/fpu\libg_s.a(lib_a-vfprintf_i.o)
                0x00007764                _printf_i
 .text.__swbuf_r
                0x0000798c       0xa8 c:/freescale/kds_3.0.0/toolchain/bin/../lib/gcc/arm-none-eabi/4.8.4/../../../../arm-none-eabi/lib/armv7e-m/fpu\libg_s.a(lib_a-wbuf.o)
                0x0000798c                __swbuf_r
 .text.__swsetup_r
                0x00007a34       0xdc c:/freescale/kds_3.0.0/toolchain/bin/../lib/gcc/arm-none-eabi/4.8.4/../../../../arm-none-eabi/lib/armv7e-m/fpu\libg_s.a(lib_a-wsetup.o)
                0x00007a34                __swsetup_r
 .text.abort    0x00007b10        0xe c:/freescale/kds_3.0.0/toolchain/bin/../lib/gcc/arm-none-eabi/4.8.4/../../../../arm-none-eabi/lib/armv7e-m/fpu\libg_s.a(lib_a-abort.o)
                0x00007b10                abort
 .text.__sflush_r
                0x00007b1e      0x106 c:/freescale/kds_3.0.0/toolchain/bin/../lib/gcc/arm-none-eabi/4.8.4/../../../../arm-none-eabi/lib/armv7e-m/fpu\libg_s.a(lib_a-fflush.o)
                0x00007b1e                __sflush_r
 .text._fflush_r
                0x00007c24       0x54 c:/freescale/kds_3.0.0/toolchain/bin/../lib/gcc/arm-none-eabi/4.8.4/../../../../arm-none-eabi/lib/armv7e-m/fpu\libg_s.a(lib_a-fflush.o)
                0x00007c24                _fflush_r
 .text._cleanup_r
                0x00007c78       0x32 c:/freescale/kds_3.0.0/toolchain/bin/../lib/gcc/arm-none-eabi/4.8.4/../../../../arm-none-eabi/lib/armv7e-m/fpu\libg_s.a(lib_a-findfp.o)
                0x00007c78                _cleanup_r
 *fill*         0x00007caa        0x2 
 .text.std.isra.0
                0x00007cac       0x48 c:/freescale/kds_3.0.0/toolchain/bin/../lib/gcc/arm-none-eabi/4.8.4/../../../../arm-none-eabi/lib/armv7e-m/fpu\libg_s.a(lib_a-findfp.o)
 .text.__sfmoreglue
                0x00007cf4       0x2c c:/freescale/kds_3.0.0/toolchain/bin/../lib/gcc/arm-none-eabi/4.8.4/../../../../arm-none-eabi/lib/armv7e-m/fpu\libg_s.a(lib_a-findfp.o)
                0x00007cf4                __sfmoreglue
 .text.__sinit  0x00007d20       0x60 c:/freescale/kds_3.0.0/toolchain/bin/../lib/gcc/arm-none-eabi/4.8.4/../../../../arm-none-eabi/lib/armv7e-m/fpu\libg_s.a(lib_a-findfp.o)
                0x00007d20                __sinit
 .text.__sfp    0x00007d80       0x74 c:/freescale/kds_3.0.0/toolchain/bin/../lib/gcc/arm-none-eabi/4.8.4/../../../../arm-none-eabi/lib/armv7e-m/fpu\libg_s.a(lib_a-findfp.o)
                0x00007d80                __sfp
 .text.__smakebuf_r
                0x00007df4       0x9c c:/freescale/kds_3.0.0/toolchain/bin/../lib/gcc/arm-none-eabi/4.8.4/../../../../arm-none-eabi/lib/armv7e-m/fpu\libg_s.a(lib_a-makebuf.o)
                0x00007df4                __smakebuf_r
 .text.memchr   0x00007e90       0x1e c:/freescale/kds_3.0.0/toolchain/bin/../lib/gcc/arm-none-eabi/4.8.4/../../../../arm-none-eabi/lib/armv7e-m/fpu\libg_s.a(lib_a-memchr-stub.o)
                0x00007e90                memchr
 .text._raise_r
                0x00007eae       0x50 c:/freescale/kds_3.0.0/toolchain/bin/../lib/gcc/arm-none-eabi/4.8.4/../../../../arm-none-eabi/lib/armv7e-m/fpu\libg_s.a(lib_a-signal.o)
                0x00007eae                _raise_r
 *fill*         0x00007efe        0x2 
 .text.raise    0x00007f00       0x10 c:/freescale/kds_3.0.0/toolchain/bin/../lib/gcc/arm-none-eabi/4.8.4/../../../../arm-none-eabi/lib/armv7e-m/fpu\libg_s.a(lib_a-signal.o)
                0x00007f00                raise
 .text._kill_r  0x00007f10       0x24 c:/freescale/kds_3.0.0/toolchain/bin/../lib/gcc/arm-none-eabi/4.8.4/../../../../arm-none-eabi/lib/armv7e-m/fpu\libg_s.a(lib_a-signalr.o)
                0x00007f10                _kill_r
 .text._getpid_r
                0x00007f34        0x4 c:/freescale/kds_3.0.0/toolchain/bin/../lib/gcc/arm-none-eabi/4.8.4/../../../../arm-none-eabi/lib/armv7e-m/fpu\libg_s.a(lib_a-signalr.o)
                0x00007f34                _getpid_r
 .text.__sread  0x00007f38       0x22 c:/freescale/kds_3.0.0/toolchain/bin/../lib/gcc/arm-none-eabi/4.8.4/../../../../arm-none-eabi/lib/armv7e-m/fpu\libg_s.a(lib_a-stdio.o)
                0x00007f38                __sread
 .text.__swrite
                0x00007f5a       0x38 c:/freescale/kds_3.0.0/toolchain/bin/../lib/gcc/arm-none-eabi/4.8.4/../../../../arm-none-eabi/lib/armv7e-m/fpu\libg_s.a(lib_a-stdio.o)
                0x00007f5a                __swrite
 .text.__sseek  0x00007f92       0x24 c:/freescale/kds_3.0.0/toolchain/bin/../lib/gcc/arm-none-eabi/4.8.4/../../../../arm-none-eabi/lib/armv7e-m/fpu\libg_s.a(lib_a-stdio.o)
                0x00007f92                __sseek
 .text.__sclose
                0x00007fb6        0x8 c:/freescale/kds_3.0.0/toolchain/bin/../lib/gcc/arm-none-eabi/4.8.4/../../../../arm-none-eabi/lib/armv7e-m/fpu\libg_s.a(lib_a-stdio.o)
                0x00007fb6                __sclose
 *fill*         0x00007fbe        0x2 
 .text._write_r
                0x00007fc0       0x24 c:/freescale/kds_3.0.0/toolchain/bin/../lib/gcc/arm-none-eabi/4.8.4/../../../../arm-none-eabi/lib/armv7e-m/fpu\libg_s.a(lib_a-writer.o)
                0x00007fc0                _write_r
 .text._close_r
                0x00007fe4       0x20 c:/freescale/kds_3.0.0/toolchain/bin/../lib/gcc/arm-none-eabi/4.8.4/../../../../arm-none-eabi/lib/armv7e-m/fpu\libg_s.a(lib_a-closer.o)
                0x00007fe4                _close_r
 .text._fstat_r
                0x00008004       0x24 c:/freescale/kds_3.0.0/toolchain/bin/../lib/gcc/arm-none-eabi/4.8.4/../../../../arm-none-eabi/lib/armv7e-m/fpu\libg_s.a(lib_a-fstatr.o)
                0x00008004                _fstat_r
 .text._isatty_r
                0x00008028       0x20 c:/freescale/kds_3.0.0/toolchain/bin/../lib/gcc/arm-none-eabi/4.8.4/../../../../arm-none-eabi/lib/armv7e-m/fpu\libg_s.a(lib_a-isattyr.o)
                0x00008028                _isatty_r
 .text._lseek_r
                0x00008048       0x24 c:/freescale/kds_3.0.0/toolchain/bin/../lib/gcc/arm-none-eabi/4.8.4/../../../../arm-none-eabi/lib/armv7e-m/fpu\libg_s.a(lib_a-lseekr.o)
                0x00008048                _lseek_r
 .text._read_r  0x0000806c       0x24 c:/freescale/kds_3.0.0/toolchain/bin/../lib/gcc/arm-none-eabi/4.8.4/../../../../arm-none-eabi/lib/armv7e-m/fpu\libg_s.a(lib_a-readr.o)
                0x0000806c                _read_r
 .text._close   0x00008090       0x10 c:/freescale/kds_3.0.0/toolchain/bin/../lib/gcc/arm-none-eabi/4.8.4/../../../../arm-none-eabi/lib/armv7e-m/fpu\libnosys.a(close.o)
                0x00008090                _close
 .text._fstat   0x000080a0       0x10 c:/freescale/kds_3.0.0/toolchain/bin/../lib/gcc/arm-none-eabi/4.8.4/../../../../arm-none-eabi/lib/armv7e-m/fpu\libnosys.a(fstat.o)
                0x000080a0                _fstat
 .text._getpid  0x000080b0       0x10 c:/freescale/kds_3.0.0/toolchain/bin/../lib/gcc/arm-none-eabi/4.8.4/../../../../arm-none-eabi/lib/armv7e-m/fpu\libnosys.a(getpid.o)
                0x000080b0                _getpid
 .text._isatty  0x000080c0       0x10 c:/freescale/kds_3.0.0/toolchain/bin/../lib/gcc/arm-none-eabi/4.8.4/../../../../arm-none-eabi/lib/armv7e-m/fpu\libnosys.a(isatty.o)
                0x000080c0                _isatty
 .text._kill    0x000080d0       0x10 c:/freescale/kds_3.0.0/toolchain/bin/../lib/gcc/arm-none-eabi/4.8.4/../../../../arm-none-eabi/lib/armv7e-m/fpu\libnosys.a(kill.o)
                0x000080d0                _kill
 .text._lseek   0x000080e0       0x10 c:/freescale/kds_3.0.0/toolchain/bin/../lib/gcc/arm-none-eabi/4.8.4/../../../../arm-none-eabi/lib/armv7e-m/fpu\libnosys.a(lseek.o)
                0x000080e0                _lseek
 .text._sbrk    0x000080f0       0x34 c:/freescale/kds_3.0.0/toolchain/bin/../lib/gcc/arm-none-eabi/4.8.4/../../../../arm-none-eabi/lib/armv7e-m/fpu\libnosys.a(sbrk.o)
                0x000080f0                _sbrk
 .text._exit    0x00008124        0x4 c:/freescale/kds_3.0.0/toolchain/bin/../lib/gcc/arm-none-eabi/4.8.4/../../../../arm-none-eabi/lib/armv7e-m/fpu\libnosys.a(_exit.o)
                0x00008124                _exit
 *(.rodata)
 .rodata        0x00008128       0x18 ./Sources/Utilities/fsl_debug_console.o
 .rodata        0x00008140       0xcc ./Sources/Spi/spi.o
 .rodata        0x0000820c      0x320 ./Sources/Flexcan/flexcan.o
 .rodata        0x0000852c        0xc ./Sources/Board/board.o
 .rodata        0x00008538       0x18 ./Sources/main.o
 *(.rodata*)
 .rodata.str1.1
                0x00008550       0x14 ./Sources/Test/test_adc.o
 .rodata.g_defaultClockConfigRun
                0x00008564       0x16 ./Sources/Board/board.o
                0x00008564                g_defaultClockConfigRun
 *fill*         0x0000857a        0x2 
 .rodata.ledPins
                0x0000857c       0x30 ./Sources/Board/gpio_pins.o
                0x0000857c                ledPins
 .rodata.gpioPins
                0x000085ac       0x30 ./Sources/Board/gpio_pins.o
                0x000085ac                gpioPins
 .rodata.vscp_deviceURL
                0x000085dc       0x14 ./Sources/main.o
                0x000085dc                vscp_deviceURL
 .rodata.__func__.8649
                0x000085f0       0x1d C:\Freescale\KSDK_1.2.0\lib\ksdk_platform_lib\kds\K64F12\debug\libksdk_platform.a(fsl_uart_driver.o)
 .rodata.str1.1
                0x0000860d      0x11a C:\Freescale\KSDK_1.2.0\lib\ksdk_platform_lib\kds\K64F12\debug\libksdk_platform.a(fsl_uart_driver.o)
 .rodata.__func__.8635
                0x00008727       0x1a C:\Freescale\KSDK_1.2.0\lib\ksdk_platform_lib\kds\K64F12\debug\libksdk_platform.a(fsl_uart_driver.o)
 .rodata.__func__.6601
                0x00008741       0x1d C:\Freescale\KSDK_1.2.0\lib\ksdk_platform_lib\kds\K64F12\debug\libksdk_platform.a(fsl_sim_hal_MK64F12.o)
 .rodata.str1.1
                0x0000875e       0xe1 C:\Freescale\KSDK_1.2.0\lib\ksdk_platform_lib\kds\K64F12\debug\libksdk_platform.a(fsl_sim_hal_MK64F12.o)
 .rodata.__func__.6581
                0x0000883f       0x24 C:\Freescale\KSDK_1.2.0\lib\ksdk_platform_lib\kds\K64F12\debug\libksdk_platform.a(fsl_sim_hal_MK64F12.o)
 .rodata.__func__.6621
                0x00008863       0x1a C:\Freescale\KSDK_1.2.0\lib\ksdk_platform_lib\kds\K64F12\debug\libksdk_platform.a(fsl_sim_hal_MK64F12.o)
 .rodata.g_pitIrqId
                0x0000887d        0x4 C:\Freescale\KSDK_1.2.0\lib\ksdk_platform_lib\kds\K64F12\debug\libksdk_platform.a(fsl_pit_common.o)
                0x0000887d                g_pitIrqId
 *fill*         0x00008881        0x3 
 .rodata.g_pitBase
                0x00008884        0x4 C:\Freescale\KSDK_1.2.0\lib\ksdk_platform_lib\kds\K64F12\debug\libksdk_platform.a(fsl_pit_common.o)
                0x00008884                g_pitBase
 .rodata.__func__.7779
                0x00008888       0x1b C:\Freescale\KSDK_1.2.0\lib\ksdk_platform_lib\kds\K64F12\debug\libksdk_platform.a(fsl_pit_driver.o)
 .rodata.__func__.7744
                0x000088a3        0xd C:\Freescale\KSDK_1.2.0\lib\ksdk_platform_lib\kds\K64F12\debug\libksdk_platform.a(fsl_pit_driver.o)
 .rodata.__func__.7751
                0x000088b0       0x14 C:\Freescale\KSDK_1.2.0\lib\ksdk_platform_lib\kds\K64F12\debug\libksdk_platform.a(fsl_pit_driver.o)
 .rodata.__func__.7766
                0x000088c4       0x13 C:\Freescale\KSDK_1.2.0\lib\ksdk_platform_lib\kds\K64F12\debug\libksdk_platform.a(fsl_pit_driver.o)
 .rodata.__func__.6051
                0x000088d7       0x13 C:\Freescale\KSDK_1.2.0\lib\ksdk_platform_lib\kds\K64F12\debug\libksdk_platform.a(fsl_pit_driver.o)
 .rodata.__func__.6067
                0x000088ea       0x1e C:\Freescale\KSDK_1.2.0\lib\ksdk_platform_lib\kds\K64F12\debug\libksdk_platform.a(fsl_pit_driver.o)
 .rodata.str1.1
                0x00008908       0xc1 C:\Freescale\KSDK_1.2.0\lib\ksdk_platform_lib\kds\K64F12\debug\libksdk_platform.a(fsl_pit_driver.o)
                                0x136 (size before relaxing)
 .rodata.__func__.7728
                0x000089c9       0x12 C:\Freescale\KSDK_1.2.0\lib\ksdk_platform_lib\kds\K64F12\debug\libksdk_platform.a(fsl_pit_driver.o)
 .rodata.__func__.6083
                0x000089db       0x12 C:\Freescale\KSDK_1.2.0\lib\ksdk_platform_lib\kds\K64F12\debug\libksdk_platform.a(fsl_pit_driver.o)
 .rodata.__func__.8001
                0x000089ed       0x15 C:\Freescale\KSDK_1.2.0\lib\ksdk_platform_lib\kds\K64F12\debug\libksdk_platform.a(fsl_lptmr_driver.o)
 .rodata.str1.1
                0x00008a02       0xa6 C:\Freescale\KSDK_1.2.0\lib\ksdk_platform_lib\kds\K64F12\debug\libksdk_platform.a(fsl_lptmr_driver.o)
                                0x11b (size before relaxing)
 .rodata.__func__.8264
                0x00008aa8       0x13 C:\Freescale\KSDK_1.2.0\lib\ksdk_platform_lib\kds\K64F12\debug\libksdk_platform.a(fsl_i2c_master_driver.o)
 .rodata.__func__.8386
                0x00008abb       0x13 C:\Freescale\KSDK_1.2.0\lib\ksdk_platform_lib\kds\K64F12\debug\libksdk_platform.a(fsl_i2c_master_driver.o)
 .rodata.__func__.8276
                0x00008ace       0x1a C:\Freescale\KSDK_1.2.0\lib\ksdk_platform_lib\kds\K64F12\debug\libksdk_platform.a(fsl_i2c_master_driver.o)
 .rodata.__func__.8221
                0x00008ae8       0x12 C:\Freescale\KSDK_1.2.0\lib\ksdk_platform_lib\kds\K64F12\debug\libksdk_platform.a(fsl_i2c_master_driver.o)
 .rodata.__func__.8335
                0x00008afa       0x19 C:\Freescale\KSDK_1.2.0\lib\ksdk_platform_lib\kds\K64F12\debug\libksdk_platform.a(fsl_i2c_master_driver.o)
 .rodata.str1.1
                0x00008b13       0x75 C:\Freescale\KSDK_1.2.0\lib\ksdk_platform_lib\kds\K64F12\debug\libksdk_platform.a(fsl_i2c_master_driver.o)
                                 0xf8 (size before relaxing)
 .rodata.__func__.8399
                0x00008b88       0x16 C:\Freescale\KSDK_1.2.0\lib\ksdk_platform_lib\kds\K64F12\debug\libksdk_platform.a(fsl_i2c_master_driver.o)
 .rodata.__func__.8347
                0x00008b9e       0x13 C:\Freescale\KSDK_1.2.0\lib\ksdk_platform_lib\kds\K64F12\debug\libksdk_platform.a(fsl_i2c_master_driver.o)
 .rodata.__func__.8355
                0x00008bb1       0x19 C:\Freescale\KSDK_1.2.0\lib\ksdk_platform_lib\kds\K64F12\debug\libksdk_platform.a(fsl_i2c_master_driver.o)
 .rodata.__func__.8366
                0x00008bca       0x14 C:\Freescale\KSDK_1.2.0\lib\ksdk_platform_lib\kds\K64F12\debug\libksdk_platform.a(fsl_i2c_master_driver.o)
 .rodata.g_i2cIrqId
                0x00008bde        0x3 C:\Freescale\KSDK_1.2.0\lib\ksdk_platform_lib\kds\K64F12\debug\libksdk_platform.a(fsl_i2c_common.o)
                0x00008bde                g_i2cIrqId
 *fill*         0x00008be1        0x3 
 .rodata.g_i2cBase
                0x00008be4        0xc C:\Freescale\KSDK_1.2.0\lib\ksdk_platform_lib\kds\K64F12\debug\libksdk_platform.a(fsl_i2c_common.o)
                0x00008be4                g_i2cBase
 .rodata.str1.1
                0x00008bf0       0x4b C:\Freescale\KSDK_1.2.0\lib\ksdk_platform_lib\kds\K64F12\debug\libksdk_platform.a(fsl_i2c_shared_function.o)
                                 0x69 (size before relaxing)
 .rodata.__func__.6242
                0x00008c3b       0x13 C:\Freescale\KSDK_1.2.0\lib\ksdk_platform_lib\kds\K64F12\debug\libksdk_platform.a(fsl_i2c_shared_function.o)
 .rodata.__func__.6154
                0x00008c4e       0x19 C:\Freescale\KSDK_1.2.0\lib\ksdk_platform_lib\kds\K64F12\debug\libksdk_platform.a(fsl_gpio_driver.o)
 .rodata.__func__.6105
                0x00008c67       0x14 C:\Freescale\KSDK_1.2.0\lib\ksdk_platform_lib\kds\K64F12\debug\libksdk_platform.a(fsl_gpio_driver.o)
 .rodata.__func__.6213
                0x00008c7b       0x19 C:\Freescale\KSDK_1.2.0\lib\ksdk_platform_lib\kds\K64F12\debug\libksdk_platform.a(fsl_gpio_driver.o)
 .rodata.str1.1
                0x00008c94       0x71 C:\Freescale\KSDK_1.2.0\lib\ksdk_platform_lib\kds\K64F12\debug\libksdk_platform.a(fsl_gpio_driver.o)
                                 0xe6 (size before relaxing)
 .rodata.__func__.7870
                0x00008d05       0x12 C:\Freescale\KSDK_1.2.0\lib\ksdk_platform_lib\kds\K64F12\debug\libksdk_platform.a(fsl_gpio_driver.o)
 .rodata.g_flexcanBusOffIrqId
                0x00008d17        0x1 C:\Freescale\KSDK_1.2.0\lib\ksdk_platform_lib\kds\K64F12\debug\libksdk_platform.a(fsl_flexcan_common.o)
                0x00008d17                g_flexcanBusOffIrqId
 .rodata.g_flexcanErrorIrqId
                0x00008d18        0x1 C:\Freescale\KSDK_1.2.0\lib\ksdk_platform_lib\kds\K64F12\debug\libksdk_platform.a(fsl_flexcan_common.o)
                0x00008d18                g_flexcanErrorIrqId
 .rodata.g_flexcanOredMessageBufferIrqId
                0x00008d19        0x1 C:\Freescale\KSDK_1.2.0\lib\ksdk_platform_lib\kds\K64F12\debug\libksdk_platform.a(fsl_flexcan_common.o)
                0x00008d19                g_flexcanOredMessageBufferIrqId
 *fill*         0x00008d1a        0x2 
 .rodata.g_flexcanBase
                0x00008d1c        0x4 C:\Freescale\KSDK_1.2.0\lib\ksdk_platform_lib\kds\K64F12\debug\libksdk_platform.a(fsl_flexcan_common.o)
                0x00008d1c                g_flexcanBase
 .rodata.g_flexcanWakeUpIrqId
                0x00008d20        0x1 C:\Freescale\KSDK_1.2.0\lib\ksdk_platform_lib\kds\K64F12\debug\libksdk_platform.a(fsl_flexcan_common.o)
                0x00008d20                g_flexcanWakeUpIrqId
 .rodata.__func__.8265
                0x00008d21       0x1c C:\Freescale\KSDK_1.2.0\lib\ksdk_platform_lib\kds\K64F12\debug\libksdk_platform.a(fsl_flexcan_driver.o)
 .rodata.__func__.8152
                0x00008d3d       0x17 C:\Freescale\KSDK_1.2.0\lib\ksdk_platform_lib\kds\K64F12\debug\libksdk_platform.a(fsl_flexcan_driver.o)
 .rodata.__func__.8162
                0x00008d54       0x1a C:\Freescale\KSDK_1.2.0\lib\ksdk_platform_lib\kds\K64F12\debug\libksdk_platform.a(fsl_flexcan_driver.o)
 .rodata.str1.1
                0x00008d6e       0x73 C:\Freescale\KSDK_1.2.0\lib\ksdk_platform_lib\kds\K64F12\debug\libksdk_platform.a(fsl_flexcan_driver.o)
                                 0xe8 (size before relaxing)
 .rodata.__func__.8351
                0x00008de1       0x1d C:\Freescale\KSDK_1.2.0\lib\ksdk_platform_lib\kds\K64F12\debug\libksdk_platform.a(fsl_flexcan_driver.o)
 .rodata.__func__.8211
                0x00008dfe       0x19 C:\Freescale\KSDK_1.2.0\lib\ksdk_platform_lib\kds\K64F12\debug\libksdk_platform.a(fsl_flexcan_driver.o)
 .rodata.__func__.8175
                0x00008e17       0x1e C:\Freescale\KSDK_1.2.0\lib\ksdk_platform_lib\kds\K64F12\debug\libksdk_platform.a(fsl_flexcan_driver.o)
 .rodata.__func__.8357
                0x00008e35       0x28 C:\Freescale\KSDK_1.2.0\lib\ksdk_platform_lib\kds\K64F12\debug\libksdk_platform.a(fsl_flexcan_driver.o)
 .rodata.__func__.8363
                0x00008e5d       0x26 C:\Freescale\KSDK_1.2.0\lib\ksdk_platform_lib\kds\K64F12\debug\libksdk_platform.a(fsl_flexcan_driver.o)
 .rodata.__func__.8190
                0x00008e83       0x11 C:\Freescale\KSDK_1.2.0\lib\ksdk_platform_lib\kds\K64F12\debug\libksdk_platform.a(fsl_flexcan_driver.o)
 .rodata.__func__.8235
                0x00008e94       0x17 C:\Freescale\KSDK_1.2.0\lib\ksdk_platform_lib\kds\K64F12\debug\libksdk_platform.a(fsl_flexcan_driver.o)
 .rodata.__func__.8199
                0x00008eab       0x17 C:\Freescale\KSDK_1.2.0\lib\ksdk_platform_lib\kds\K64F12\debug\libksdk_platform.a(fsl_flexcan_driver.o)
 .rodata.__func__.8119
                0x00008ec2       0x12 C:\Freescale\KSDK_1.2.0\lib\ksdk_platform_lib\kds\K64F12\debug\libksdk_platform.a(fsl_flexcan_driver.o)
 .rodata.__func__.8306
                0x00008ed4       0x1d C:\Freescale\KSDK_1.2.0\lib\ksdk_platform_lib\kds\K64F12\debug\libksdk_platform.a(fsl_flexcan_driver.o)
 .rodata.__func__.8268
                0x00008ef1       0x1c C:\Freescale\KSDK_1.2.0\lib\ksdk_platform_lib\kds\K64F12\debug\libksdk_platform.a(fsl_dspi_master_driver.o)
 .rodata.__func__.8223
                0x00008f0d       0x12 C:\Freescale\KSDK_1.2.0\lib\ksdk_platform_lib\kds\K64F12\debug\libksdk_platform.a(fsl_dspi_master_driver.o)
 .rodata.str1.1
                0x00008f1f       0x4b C:\Freescale\KSDK_1.2.0\lib\ksdk_platform_lib\kds\K64F12\debug\libksdk_platform.a(fsl_dspi_master_driver.o)
                                 0xc7 (size before relaxing)
 *fill*         0x00008f6a        0x2 
 .rodata.g_dspiFifoSize
                0x00008f6c        0xc C:\Freescale\KSDK_1.2.0\lib\ksdk_platform_lib\kds\K64F12\debug\libksdk_platform.a(fsl_dspi_common.o)
                0x00008f6c                g_dspiFifoSize
 .rodata.g_dspiIrqId
                0x00008f78        0x3 C:\Freescale\KSDK_1.2.0\lib\ksdk_platform_lib\kds\K64F12\debug\libksdk_platform.a(fsl_dspi_common.o)
                0x00008f78                g_dspiIrqId
 *fill*         0x00008f7b        0x1 
 .rodata.g_dspiBase
                0x00008f7c        0xc C:\Freescale\KSDK_1.2.0\lib\ksdk_platform_lib\kds\K64F12\debug\libksdk_platform.a(fsl_dspi_common.o)
                0x00008f7c                g_dspiBase
 .rodata.__func__.6274
                0x00008f88       0x14 C:\Freescale\KSDK_1.2.0\lib\ksdk_platform_lib\kds\K64F12\debug\libksdk_platform.a(fsl_dspi_shared_function.o)
 .rodata.str1.1
                0x00008f9c       0x6b C:\Freescale\KSDK_1.2.0\lib\ksdk_platform_lib\kds\K64F12\debug\libksdk_platform.a(fsl_dspi_shared_function.o)
 .rodata.__func__.7832
                0x00009007       0x1a C:\Freescale\KSDK_1.2.0\lib\ksdk_platform_lib\kds\K64F12\debug\libksdk_platform.a(fsl_clock_MK64F12.o)
 .rodata.uartGateTable
                0x00009021        0x6 C:\Freescale\KSDK_1.2.0\lib\ksdk_platform_lib\kds\K64F12\debug\libksdk_platform.a(fsl_clock_MK64F12.o)
 .rodata.__func__.7819
                0x00009027       0x19 C:\Freescale\KSDK_1.2.0\lib\ksdk_platform_lib\kds\K64F12\debug\libksdk_platform.a(fsl_clock_MK64F12.o)
 .rodata.spiGateTable
                0x00009040        0x3 C:\Freescale\KSDK_1.2.0\lib\ksdk_platform_lib\kds\K64F12\debug\libksdk_platform.a(fsl_clock_MK64F12.o)
 .rodata.i2cGateTable
                0x00009043        0x3 C:\Freescale\KSDK_1.2.0\lib\ksdk_platform_lib\kds\K64F12\debug\libksdk_platform.a(fsl_clock_MK64F12.o)
 .rodata.__func__.7754