Archive member included because of file (symbol)

C:\Freescale\KSDK_1.2.0\lib\ksdk_platform_lib\kds\K64F12\debug\libksdk_platform.a(fsl_uart_hal.o)
                              ./Sources/Utilities/fsl_debug_console.o (UART_HAL_SetBaudRate)
C:\Freescale\KSDK_1.2.0\lib\ksdk_platform_lib\kds\K64F12\debug\libksdk_platform.a(fsl_uart_driver.o)
                              ./Sources/Interrupt/fsl_irq.o (UART_DRV_IRQHandler)
C:\Freescale\KSDK_1.2.0\lib\ksdk_platform_lib\kds\K64F12\debug\libksdk_platform.a(fsl_sim_hal_MK64F12.o)
                              ./Sources/main.o (SIM_HAL_SetAdcAlternativeTriggerCmd)
C:\Freescale\KSDK_1.2.0\lib\ksdk_platform_lib\kds\K64F12\debug\libksdk_platform.a(fsl_pit_common.o)
                              ./Sources/Interrupt/fsl_irq.o (g_pitBase)
C:\Freescale\KSDK_1.2.0\lib\ksdk_platform_lib\kds\K64F12\debug\libksdk_platform.a(fsl_pit_driver.o)
                              ./Sources/main.o (PIT_DRV_Init)
C:\Freescale\KSDK_1.2.0\lib\ksdk_platform_lib\kds\K64F12\debug\libksdk_platform.a(fsl_lptmr_driver.o)
                              ./Sources/Interrupt/fsl_irq.o (LPTMR_DRV_IRQHandler)
C:\Freescale\KSDK_1.2.0\lib\ksdk_platform_lib\kds\K64F12\debug\libksdk_platform.a(fsl_i2c_master_driver.o)
                              ./Sources/Accel/fsl_fxos8700_driver.o (I2C_DRV_MasterInit)
C:\Freescale\KSDK_1.2.0\lib\ksdk_platform_lib\kds\K64F12\debug\libksdk_platform.a(fsl_i2c_common.o)
                              C:\Freescale\KSDK_1.2.0\lib\ksdk_platform_lib\kds\K64F12\debug\libksdk_platform.a(fsl_i2c_master_driver.o) (g_i2cIrqId)
C:\Freescale\KSDK_1.2.0\lib\ksdk_platform_lib\kds\K64F12\debug\libksdk_platform.a(fsl_i2c_shared_function.o)
                              ./Sources/Accel/fsl_i2c_irq.o (I2C_DRV_IRQHandler)
C:\Freescale\KSDK_1.2.0\lib\ksdk_platform_lib\kds\K64F12\debug\libksdk_platform.a(fsl_gpio_driver.o)
                              ./Sources/main.o (GPIO_DRV_InputPinInit)
C:\Freescale\KSDK_1.2.0\lib\ksdk_platform_lib\kds\K64F12\debug\libksdk_platform.a(fsl_flexcan_common.o)
                              ./Sources/Flexcan/flexcan.o (g_flexcanBase)
C:\Freescale\KSDK_1.2.0\lib\ksdk_platform_lib\kds\K64F12\debug\libksdk_platform.a(fsl_flexcan_driver.o)
                              ./Sources/Flexcan/flexcan.o (FLEXCAN_DRV_SetBitrate)
C:\Freescale\KSDK_1.2.0\lib\ksdk_platform_lib\kds\K64F12\debug\libksdk_platform.a(fsl_dspi_master_driver.o)
                              ./Sources/Spi/spi.o (DSPI_DRV_MasterInit)
C:\Freescale\KSDK_1.2.0\lib\ksdk_platform_lib\kds\K64F12\debug\libksdk_platform.a(fsl_dspi_common.o)
                              C:\Freescale\KSDK_1.2.0\lib\ksdk_platform_lib\kds\K64F12\debug\libksdk_platform.a(fsl_dspi_master_driver.o) (g_dspiIrqId)
C:\Freescale\KSDK_1.2.0\lib\ksdk_platform_lib\kds\K64F12\debug\libksdk_platform.a(fsl_dspi_shared_function.o)
                              ./Sources/Interrupt/fsl_irq.o (DSPI_DRV_IRQHandler)
C:\Freescale\KSDK_1.2.0\lib\ksdk_platform_lib\kds\K64F12\debug\libksdk_platform.a(fsl_clock_MK64F12.o)
                              ./Sources/Board/board.o (CLOCK_SYS_SetConfiguration)
C:\Freescale\KSDK_1.2.0\lib\ksdk_platform_lib\kds\K64F12\debug\libksdk_platform.a(fsl_clock_manager.o)
                              C:\Freescale\KSDK_1.2.0\lib\ksdk_platform_lib\kds\K64F12\debug\libksdk_platform.a(fsl_clock_MK64F12.o) (CLOCK_SYS_SetMcgMode)
C:\Freescale\KSDK_1.2.0\lib\ksdk_platform_lib\kds\K64F12\debug\libksdk_platform.a(fsl_clock_manager_common.o)
                              C:\Freescale\KSDK_1.2.0\lib\ksdk_platform_lib\kds\K64F12\debug\libksdk_platform.a(fsl_clock_MK64F12.o) (g_oscBase)
C:\Freescale\KSDK_1.2.0\lib\ksdk_platform_lib\kds\K64F12\debug\libksdk_platform.a(fsl_adc16_driver.o)
                              ./Sources/Adc16/adc16.o (ADC16_DRV_GetAutoCalibrationParam)
C:\Freescale\KSDK_1.2.0\lib\ksdk_platform_lib\kds\K64F12\debug\libksdk_platform.a(fsl_os_abstraction_bm.o)
                              C:\Freescale\KSDK_1.2.0\lib\ksdk_platform_lib\kds\K64F12\debug\libksdk_platform.a(fsl_uart_driver.o) (OSA_SemaCreate)
C:\Freescale\KSDK_1.2.0\lib\ksdk_platform_lib\kds\K64F12\debug\libksdk_platform.a(fsl_uart_common.o)
                              C:\Freescale\KSDK_1.2.0\lib\ksdk_platform_lib\kds\K64F12\debug\libksdk_platform.a(fsl_uart_driver.o) (g_uartRxTxIrqId)
C:\Freescale\KSDK_1.2.0\lib\ksdk_platform_lib\kds\K64F12\debug\libksdk_platform.a(fsl_rtc_common.o)
                              C:\Freescale\KSDK_1.2.0\lib\ksdk_platform_lib\kds\K64F12\debug\libksdk_platform.a(fsl_clock_manager.o) (g_rtcBase)
C:\Freescale\KSDK_1.2.0\lib\ksdk_platform_lib\kds\K64F12\debug\libksdk_platform.a(fsl_osc_hal.o)
                              C:\Freescale\KSDK_1.2.0\lib\ksdk_platform_lib\kds\K64F12\debug\libksdk_platform.a(fsl_clock_manager.o) (OSC_HAL_SetCapacitor)
C:\Freescale\KSDK_1.2.0\lib\ksdk_platform_lib\kds\K64F12\debug\libksdk_platform.a(fsl_mcg_hal.o)
[...]
Memory Configuration

Name             Origin             Length             Attributes
m_interrupts     0x00000000         0x00000400         xr
m_flash_config   0x00000400         0x00000010         xr
m_text           0x00000410         0x000f9bf0         xr
m_vscp_data      0x000fa000         0x00006000         xr
m_data           0x1fff0000         0x00010000         rw
m_data_2         0x20000000         0x00030000         rw
*default*        0x00000000         0xffffffff

Linker script and memory map

LOAD c:/freescale/kds_3.0.0/toolchain/bin/../lib/gcc/arm-none-eabi/4.8.4/armv7e-m/fpu/crti.o
LOAD c:/freescale/kds_3.0.0/toolchain/bin/../lib/gcc/arm-none-eabi/4.8.4/armv7e-m/fpu/crtbegin.o
LOAD c:/freescale/kds_3.0.0/toolchain/bin/../lib/gcc/arm-none-eabi/4.8.4/../../../../arm-none-eabi/lib/armv7e-m/fpu/crt0.o
LOAD ./Sources/VSCP/external_vscp_func.o
LOAD ./Sources/VSCP/vscp_firmware.o
LOAD ./Sources/Utilities/fsl_debug_console.o
LOAD ./Sources/Utilities/print_scan.o
LOAD ./Sources/Test/test_adc.o
LOAD ./Sources/Test/test_flexcan_functions.o
LOAD ./Sources/Test/test_spi_functions.o
LOAD ./Sources/Test/test_vscp_functions.o
LOAD ./Sources/Spi/spi.o
LOAD ./Sources/Interrupt/fsl_adc_irq.o
LOAD ./Sources/Interrupt/fsl_irq.o
LOAD ./Sources/Flexcan/flexcan.o
LOAD ./Sources/Flash/CopyToRam.o
LOAD ./Sources/Flash/FlashCommandSequence.o
LOAD ./Sources/Flash/FlashEraseSector.o
LOAD ./Sources/Flash/FlashGetSecurityState.o
LOAD ./Sources/Flash/FlashInit.o
LOAD ./Sources/Flash/FlashProgram.o
LOAD ./Sources/Flash/FlashProgramCheck.o
LOAD ./Sources/Flash/FlashVerifySection.o
LOAD ./Sources/Flash/flash_al.o
LOAD ./Sources/Board/board.o
LOAD ./Sources/Board/gpio_pins.o
LOAD ./Sources/Board/pin_mux.o
LOAD ./Sources/Adc16/adc16.o
LOAD ./Sources/Accel/accel.o
LOAD ./Sources/Accel/fsl_fxos8700_driver.o
LOAD ./Sources/Accel/fsl_i2c_irq.o
LOAD ./Sources/main.o
LOAD ./Project_Settings/Startup_Code/startup.o
LOAD ./Project_Settings/Startup_Code/startup_MK64F12.o
LOAD ./Project_Settings/Startup_Code/system_MK64F12.o
LOAD C:\Freescale\KSDK_1.2.0\lib\ksdk_platform_lib\kds\K64F12\debug\libksdk_platform.a
LOAD c:/freescale/kds_3.0.0/toolchain/bin/../lib/gcc/arm-none-eabi/4.8.4/../../../../arm-none-eabi/lib/armv7e-m/fpu\libstdc++_s.a
LOAD c:/freescale/kds_3.0.0/toolchain/bin/../lib/gcc/arm-none-eabi/4.8.4/../../../../arm-none-eabi/lib/armv7e-m/fpu\libm.a
START GROUP
LOAD c:/freescale/kds_3.0.0/toolchain/bin/../lib/gcc/arm-none-eabi/4.8.4/armv7e-m/fpu\libgcc.a
LOAD c:/freescale/kds_3.0.0/toolchain/bin/../lib/gcc/arm-none-eabi/4.8.4/../../../../arm-none-eabi/lib/armv7e-m/fpu\libg_s.a
LOAD c:/freescale/kds_3.0.0/toolchain/bin/../lib/gcc/arm-none-eabi/4.8.4/../../../../arm-none-eabi/lib/armv7e-m/fpu\libc_s.a
END GROUP
START GROUP
LOAD c:/freescale/kds_3.0.0/toolchain/bin/../lib/gcc/arm-none-eabi/4.8.4/armv7e-m/fpu\libgcc.a
LOAD c:/freescale/kds_3.0.0/toolchain/bin/../lib/gcc/arm-none-eabi/4.8.4/../../../../arm-none-eabi/lib/armv7e-m/fpu\libc_s.a
LOAD c:/freescale/kds_3.0.0/toolchain/bin/../lib/gcc/arm-none-eabi/4.8.4/../../../../arm-none-eabi/lib/armv7e-m/fpu\libnosys.a
END GROUP
START GROUP
LOAD c:/freescale/kds_3.0.0/toolchain/bin/../lib/gcc/arm-none-eabi/4.8.4/armv7e-m/fpu\libgcc.a
LOAD c:/freescale/kds_3.0.0/toolchain/bin/../lib/gcc/arm-none-eabi/4.8.4/../../../../arm-none-eabi/lib/armv7e-m/fpu\libc_s.a
LOAD c:/freescale/kds_3.0.0/toolchain/bin/../lib/gcc/arm-none-eabi/4.8.4/../../../../arm-none-eabi/lib/armv7e-m/fpu\libnosys.a
END GROUP
LOAD c:/freescale/kds_3.0.0/toolchain/bin/../lib/gcc/arm-none-eabi/4.8.4/armv7e-m/fpu/crtend.o
LOAD c:/freescale/kds_3.0.0/toolchain/bin/../lib/gcc/arm-none-eabi/4.8.4/armv7e-m/fpu/crtn.o
                0x00000400                HEAP_SIZE = DEFINED (__heap_size__)?__heap_size__:0x400
                0x00000400                STACK_SIZE = DEFINED (__stack_size__)?__stack_size__:0x400
                0x00000000                M_VECTOR_RAM_SIZE = DEFINED (__ram_vector_table__)?0x400:0x0

.interrupts     0x00000000      0x400
                0x00000000                __VECTOR_TABLE = .
                0x00000000                . = ALIGN (0x4)
 *(.isr_vector)
 .isr_vector    0x00000000      0x400 ./Project_Settings/Startup_Code/startup_MK64F12.o
                0x00000000                __isr_vector
                0x00000400                . = ALIGN (0x4)

.flash_config   0x00000400       0x10
                0x00000400                . = ALIGN (0x4)
 *(.FlashConfig)
 .FlashConfig   0x00000400       0x10 ./Project_Settings/Startup_Code/startup_MK64F12.o
                0x00000410                . = ALIGN (0x4)

.text           0x00000410     0x8478
                0x00000410                . = ALIGN (0x4)
 *(.text)
 .text          0x00000410       0x54 c:/freescale/kds_3.0.0/toolchain/bin/../lib/gcc/arm-none-eabi/4.8.4/armv7e-m/fpu/crtbegin.o
 .text          0x00000464       0x74 c:/freescale/kds_3.0.0/toolchain/bin/../lib/gcc/arm-none-eabi/4.8.4/../../../../arm-none-eabi/lib/armv7e-m/fpu/crt0.o
                0x00000464                _start
                0x00000464                _mainCRTStartup
 .text          0x000004d8       0x14 ./Project_Settings/Startup_Code/startup_MK64F12.o
                0x000004d8                Reset_Handler
                0x000004e8                DebugMon_Handler
                0x000004e8                HardFault_Handler
                0x000004e8                SysTick_Handler
                0x000004e8                PendSV_Handler
                0x000004e8                NMI_Handler
                0x000004e8                I2C1_IRQHandler
                0x000004e8                DMA2_IRQHandler
                0x000004e8                ENET_Error_IRQHandler
                0x000004e8                CAN0_Tx_Warning_IRQHandler
                0x000004e8                CMP2_IRQHandler
                0x000004e8                LLWU_IRQHandler
                0x000004e8                ENET_Receive_IRQHandler
                0x000004e8                ENET_1588_Timer_IRQHandler
                0x000004e8                SWI_IRQHandler
                0x000004e8                UsageFault_Handler
                0x000004e8                I2S0_Tx_IRQHandler
                0x000004e8                CMT_IRQHandler
                0x000004e8                DefaultISR
                0x000004e8                DMA9_IRQHandler
                0x000004e8                DMA14_IRQHandler
                0x000004e8                CMP1_IRQHandler
                0x000004e8                Reserved71_IRQHandler
                0x000004e8                PORTD_IRQHandler
                0x000004e8                PORTB_IRQHandler
                0x000004e8                UART4_ERR_IRQHandler
                0x000004e8                ADC1_IRQHandler
                0x000004e8                I2C2_IRQHandler
                0x000004e8                PIT2_IRQHandler
                0x000004e8                I2S0_Rx_IRQHandler
                0x000004e8                DMA5_IRQHandler
                0x000004e8                RTC_IRQHandler
                0x000004e8                PDB0_IRQHandler
                0x000004e8                CAN0_Rx_Warning_IRQHandler
                0x000004e8                FTM1_IRQHandler
                0x000004e8                UART3_ERR_IRQHandler
                0x000004e8                PIT3_IRQHandler
                0x000004e8                SDHC_IRQHandler
                0x000004e8                RTC_Seconds_IRQHandler
                0x000004e8                MCG_IRQHandler
                0x000004e8                FTFE_IRQHandler
                0x000004e8                UART2_ERR_IRQHandler
                0x000004e8                DMA11_IRQHandler
                0x000004e8                UART5_ERR_IRQHandler
                0x000004e8                Read_Collision_IRQHandler
                0x000004e8                DMA7_IRQHandler
                0x000004e8                ENET_Transmit_IRQHandler
                0x000004e8                USBDCD_IRQHandler
                0x000004e8                USB0_IRQHandler
                0x000004e8                WDOG_EWM_IRQHandler
                0x000004e8                MemManage_Handler
                0x000004e8                SVC_Handler
                0x000004e8                DMA13_IRQHandler
                0x000004e8                DMA3_IRQHandler
                0x000004e8                UART0_LON_IRQHandler
                0x000004e8                RNG_IRQHandler
                0x000004e8                DMA0_IRQHandler
                0x000004e8                DMA15_IRQHandler
                0x000004e8                DAC0_IRQHandler
                0x000004e8                DMA4_IRQHandler
                0x000004e8                UART0_ERR_IRQHandler
                0x000004e8                DMA_Error_IRQHandler
                0x000004e8                LVD_LVW_IRQHandler
                0x000004e8                FTM0_IRQHandler
                0x000004e8                DAC1_IRQHandler
                0x000004e8                MCM_IRQHandler
                0x000004e8                DMA12_IRQHandler
                0x000004e8                FTM3_IRQHandler
                0x000004e8                PORTE_IRQHandler
                0x000004e8                FTM2_IRQHandler
                0x000004e8                BusFault_Handler
                0x000004e8                DMA8_IRQHandler
                0x000004e8                DMA10_IRQHandler
                0x000004e8                UART1_ERR_IRQHandler
                0x000004e8                CMP0_IRQHandler
                0x000004e8                DMA6_IRQHandler
                0x000004e8                DMA1_IRQHandler
 .text          0x000004ec       0x2c c:/freescale/kds_3.0.0/toolchain/bin/../lib/gcc/arm-none-eabi/4.8.4/armv7e-m/fpu\libgcc.a(_aeabi_uldivmod.o)
                0x000004ec                __aeabi_uldivmod
 .text          0x00000518       0x60 c:/freescale/kds_3.0.0/toolchain/bin/../lib/gcc/arm-none-eabi/4.8.4/armv7e-m/fpu\libgcc.a(bpabi.o)
                0x00000518                __gnu_ldivmod_helper
                0x00000548                __gnu_uldivmod_helper
 .text          0x00000578        0x4 c:/freescale/kds_3.0.0/toolchain/bin/../lib/gcc/arm-none-eabi/4.8.4/armv7e-m/fpu\libgcc.a(_dvmd_tls.o)
                0x00000578                __aeabi_idiv0
                0x00000578                __aeabi_ldiv0
 .text          0x0000057c      0x298 c:/freescale/kds_3.0.0/toolchain/bin/../lib/gcc/arm-none-eabi/4.8.4/armv7e-m/fpu\libgcc.a(_divdi3.o)
                0x0000057c                __divdi3
 .text          0x00000814      0x284 c:/freescale/kds_3.0.0/toolchain/bin/../lib/gcc/arm-none-eabi/4.8.4/armv7e-m/fpu\libgcc.a(_udivdi3.o)
                0x00000814                __udivdi3
 *(.text*)
 .text.UART_HAL_EnableTransmitter
                0x00000a98       0x24 ./Sources/Utilities/fsl_debug_console.o
 .text.UART_HAL_EnableReceiver
                0x00000abc       0x24 ./Sources/Utilities/fsl_debug_console.o
 .text.UART_HAL_SetBitCountPerChar
                0x00000ae0       0x28 ./Sources/Utilities/fsl_debug_console.o
 .text.UART_HAL_SetStopBitCount
                0x00000b08       0x24 ./Sources/Utilities/fsl_debug_console.o
 .text.DbgConsole_Init
                0x00000b2c       0xc8 ./Sources/Utilities/fsl_debug_console.o
                0x00000b2c                DbgConsole_Init
 .text._write   0x00000bf4       0x58 ./Sources/Utilities/fsl_debug_console.o
                0x00000bf4                _write
 .text._read    0x00000c4c       0x44 ./Sources/Utilities/fsl_debug_console.o
                0x00000c4c                _read
 .text.debug_printf
                0x00000c90       0x48 ./Sources/Utilities/fsl_debug_console.o
                0x00000c90                debug_printf
 .text.debug_putc
                0x00000cd8       0x40 ./Sources/Utilities/fsl_debug_console.o
 .text.debug_getchar
                0x00000d18       0x34 ./Sources/Utilities/fsl_debug_console.o
                0x00000d18                debug_getchar
 .text._doprint
                0x00000d4c      0x754 ./Sources/Utilities/print_scan.o
                0x00000d4c                _doprint
 .text.mknumstr
                0x000014a0      0x110 ./Sources/Utilities/print_scan.o
 .text.fput_pad
                0x000015b0       0x40 ./Sources/Utilities/print_scan.o
 .text.test_spi_generic
                0x000015f0       0x54 ./Sources/Test/test_spi_functions.o
                0x000015f0                test_spi_generic
 .text.init_spi
                0x00001644       0x9c ./Sources/Spi/spi.o
                0x00001644                init_spi
 .text.spi_eeprom_read
                0x000016e0       0x60 ./Sources/Spi/spi.o
                0x000016e0                spi_eeprom_read
 .text.spi_eeprom_guid_init
                0x00001740      0x170 ./Sources/Spi/spi.o
                0x00001740                spi_eeprom_guid_init
 .text.ADC_TEST_InstallCallback
                0x000018b0       0x2c ./Sources/Interrupt/fsl_adc_irq.o
                0x000018b0                ADC_TEST_InstallCallback
 .text.ADC_TEST_GetConvValueRAWInt
                0x000018dc       0x2c ./Sources/Interrupt/fsl_adc_irq.o
                0x000018dc                ADC_TEST_GetConvValueRAWInt
 .text.ADC16_TEST_IRQHandler
                0x00001908       0x74 ./Sources/Interrupt/fsl_adc_irq.o
 .text.ADC0_IRQHandler
                0x0000197c        0xc ./Sources/Interrupt/fsl_adc_irq.o
                0x0000197c                ADC0_IRQHandler
 .text.PIT_HAL_ClearIntFlag
                0x00001988       0x40 ./Sources/Interrupt/fsl_irq.o
 .text.PIT0_IRQHandler
                0x000019c8       0xa8 ./Sources/Interrupt/fsl_irq.o
                0x000019c8                PIT0_IRQHandler
 .text.PIT1_IRQHandler
                0x00001a70       0x20 ./Sources/Interrupt/fsl_irq.o
                0x00001a70                PIT1_IRQHandler
 .text.LPTMR0_IRQHandler
                0x00001a90        0xc ./Sources/Interrupt/fsl_irq.o
                0x00001a90                LPTMR0_IRQHandler
 .text.CAN0_ORed_Message_buffer_IRQHandler
                0x00001a9c        0xc ./Sources/Interrupt/fsl_irq.o
                0x00001a9c                CAN0_ORed_Message_buffer_IRQHandler
 .text.CAN0_Bus_Off_IRQHandler
                0x00001aa8        0xc ./Sources/Interrupt/fsl_irq.o
                0x00001aa8                CAN0_Bus_Off_IRQHandler
 .text.CAN0_Error_IRQHandler
                0x00001ab4        0xc ./Sources/Interrupt/fsl_irq.o
                0x00001ab4                CAN0_Error_IRQHandler
 .text.CAN0_Wake_Up_IRQHandler
                0x00001ac0        0xc ./Sources/Interrupt/fsl_irq.o
                0x00001ac0                CAN0_Wake_Up_IRQHandler
 .text.UART0_RX_TX_IRQHandler
                0x00001acc        0xc ./Sources/Interrupt/fsl_irq.o
                0x00001acc                UART0_RX_TX_IRQHandler
 .text.UART1_RX_TX_IRQHandler
                0x00001ad8        0xc ./Sources/Interrupt/fsl_irq.o
                0x00001ad8                UART1_RX_TX_IRQHandler
 .text.UART2_RX_TX_IRQHandler
                0x00001ae4        0xc ./Sources/Interrupt/fsl_irq.o
                0x00001ae4                UART2_RX_TX_IRQHandler
 .text.UART3_RX_TX_IRQHandler
                0x00001af0        0xc ./Sources/Interrupt/fsl_irq.o
                0x00001af0                UART3_RX_TX_IRQHandler
 .text.UART4_RX_TX_IRQHandler
                0x00001afc        0xc ./Sources/Interrupt/fsl_irq.o
                0x00001afc                UART4_RX_TX_IRQHandler
 .text.UART5_RX_TX_IRQHandler
                0x00001b08        0xc ./Sources/Interrupt/fsl_irq.o
                0x00001b08                UART5_RX_TX_IRQHandler
 .text.SPI0_IRQHandler
                0x00001b14        0xc ./Sources/Interrupt/fsl_irq.o
                0x00001b14                SPI0_IRQHandler
 .text.SPI1_IRQHandler
                0x00001b20        0xc ./Sources/Interrupt/fsl_irq.o
                0x00001b20                SPI1_IRQHandler
 .text.SPI2_IRQHandler
                0x00001b2c        0xc ./Sources/Interrupt/fsl_irq.o
                0x00001b2c                SPI2_IRQHandler
 .text.FLEXCAN_HAL_GetClock
                0x00001b38       0x2c ./Sources/Flexcan/flexcan.o
 .text.init_flexcan
                0x00001b64      0x21c ./Sources/Flexcan/flexcan.o
                0x00001b64                init_flexcan
 .text.receive_mb_config
                0x00001d80       0x58 ./Sources/Flexcan/flexcan.o
                0x00001d80                receive_mb_config
 .text.PORT_HAL_SetMuxMode
                0x00001dd8       0x58 ./Sources/Board/board.o
 .text.SMC_HAL_SetProtection
                0x00001e30       0x1c ./Sources/Board/board.o
 .text.BOARD_InitOsc0
                0x00001e4c       0x3c ./Sources/Board/board.o
                0x00001e4c                BOARD_InitOsc0
 .text.BOARD_InitRtcOsc
                0x00001e88       0x24 ./Sources/Board/board.o
                0x00001e88                BOARD_InitRtcOsc
 .text.BOARD_ClockInit
                0x00001eac       0x34 ./Sources/Board/board.o
                0x00001eac                BOARD_ClockInit
 .text.dbg_uart_init
                0x00001ee0       0x18 ./Sources/Board/board.o
                0x00001ee0                dbg_uart_init
 .text.PORT_HAL_SetOpenDrainCmd
                0x00001ef8       0x48 ./Sources/Board/pin_mux.o
 .text.PORT_HAL_SetMuxMode
                0x00001f40       0x58 ./Sources/Board/pin_mux.o
 .text.configure_can_pins
                0x00001f98       0x28 ./Sources/Board/pin_mux.o
                0x00001f98                configure_can_pins
 .text.configure_i2c_pins
                0x00001fc0       0x78 ./Sources/Board/pin_mux.o
                0x00001fc0                configure_i2c_pins
 .text.configure_spi_pins
                0x00002038       0x74 ./Sources/Board/pin_mux.o
                0x00002038                configure_spi_pins
 .text.configure_uart_pins
                0x000020ac       0x50 ./Sources/Board/pin_mux.o
                0x000020ac                configure_uart_pins
 .text.PMC_HAL_BandgapBufferConfig
                0x000020fc       0x30 ./Sources/Adc16/adc16.o
 .text.ADC1IRQHandler
                0x0000212c       0x24 ./Sources/Adc16/adc16.o
                0x0000212c                ADC1IRQHandler
 .text.calibrateParams
                0x00002150       0xf8 ./Sources/Adc16/adc16.o
                0x00002150                calibrateParams
 .text.init_adc
                0x00002248       0x74 ./Sources/Adc16/adc16.o
                0x00002248                init_adc
 .text.FXOS_Init
                0x000022bc      0x100 ./Sources/Accel/fsl_fxos8700_driver.o
                0x000022bc                FXOS_Init
 .text.FXOS_I2CInit
                0x000023bc       0x40 ./Sources/Accel/fsl_fxos8700_driver.o
 .text.FXOS_WriteReg
                0x000023fc       0x5c ./Sources/Accel/fsl_fxos8700_driver.o
                0x000023fc                FXOS_WriteReg
 .text.FXOS_ReadReg
                0x00002458       0x5c ./Sources/Accel/fsl_fxos8700_driver.o
                0x00002458                FXOS_ReadReg
 .text.FXOS_ModifyReg
                0x000024b4       0x6c ./Sources/Accel/fsl_fxos8700_driver.o
                0x000024b4                FXOS_ModifyReg
 .text.I2C0_IRQHandler
                0x00002520        0xc ./Sources/Accel/fsl_i2c_irq.o
                0x00002520                I2C0_IRQHandler
 .text.hardware_init
                0x0000252c       0xa0 ./Sources/main.o
                0x0000252c                hardware_init
 .text.init_pit
                0x000025cc       0x7c ./Sources/main.o
                0x000025cc                init_pit
 .text.main     0x00002648       0x40 ./Sources/main.o
                0x00002648                main
 .text.PORTC_IRQHandler
                0x00002688       0x18 ./Sources/main.o
                0x00002688                PORTC_IRQHandler
 .text.PORTA_IRQHandler
                0x000026a0       0x18 ./Sources/main.o
                0x000026a0                PORTA_IRQHandler
 .text.init_data_bss
                0x000026b8       0xcc ./Project_Settings/Startup_Code/startup.o
                0x000026b8                init_data_bss
 .text.SystemInit
                0x00002784       0x3c ./Project_Settings/Startup_Code/system_MK64F12.o
                0x00002784                SystemInit
 .text.UART_HAL_SetBaudRate
                0x000027c0       0x42 C:\Freescale\KSDK_1.2.0\lib\ksdk_platform_lib\kds\K64F12\debug\libksdk_platform.a(fsl_uart_hal.o)
                0x000027c0                UART_HAL_SetBaudRate
 .text.UART_HAL_SetParityMode
                0x00002802       0x14 C:\Freescale\KSDK_1.2.0\lib\ksdk_platform_lib\kds\K64F12\debug\libksdk_platform.a(fsl_uart_hal.o)
                0x00002802                UART_HAL_SetParityMode
 .text.UART_HAL_Putchar
                0x00002816        0x6 C:\Freescale\KSDK_1.2.0\lib\ksdk_platform_lib\kds\K64F12\debug\libksdk_platform.a(fsl_uart_hal.o)
                0x00002816                UART_HAL_Putchar
 .text.UART_HAL_Getchar
                0x0000281c        0x8 C:\Freescale\KSDK_1.2.0\lib\ksdk_platform_lib\kds\K64F12\debug\libksdk_platform.a(fsl_uart_hal.o)
                0x0000281c                UART_HAL_Getchar
 .text.UART_HAL_SendDataPolling
                0x00002824       0x22 C:\Freescale\KSDK_1.2.0\lib\ksdk_platform_lib\kds\K64F12\debug\libksdk_platform.a(fsl_uart_hal.o)
                0x00002824                UART_HAL_SendDataPolling
 .text.UART_HAL_ReceiveDataPolling
                0x00002846       0x3a C:\Freescale\KSDK_1.2.0\lib\ksdk_platform_lib\kds\K64F12\debug\libksdk_platform.a(fsl_uart_hal.o)
                0x00002846                UART_HAL_ReceiveDataPolling
 .text.UART_HAL_SetIntMode
                0x00002880       0x68 C:\Freescale\KSDK_1.2.0\lib\ksdk_platform_lib\kds\K64F12\debug\libksdk_platform.a(fsl_uart_hal.o)
                0x00002880                UART_HAL_SetIntMode
 .text.UART_HAL_GetStatusFlag
                0x000028e8       0x2a C:\Freescale\KSDK_1.2.0\lib\ksdk_platform_lib\kds\K64F12\debug\libksdk_platform.a(fsl_uart_hal.o)
                0x000028e8                UART_HAL_GetStatusFlag
 .text.UART_HAL_ClearStatusFlag
                0x00002912       0x64 C:\Freescale\KSDK_1.2.0\lib\ksdk_platform_lib\kds\K64F12\debug\libksdk_platform.a(fsl_uart_hal.o)
                0x00002912                UART_HAL_ClearStatusFlag
 *fill*         0x00002976        0x2 
 .text.UART_DRV_CompleteSendData
                0x00002978       0x54 C:\Freescale\KSDK_1.2.0\lib\ksdk_platform_lib\kds\K64F12\debug\libksdk_platform.a(fsl_uart_driver.o)
 .text.UART_DRV_CompleteReceiveData
                0x000029cc       0x5c C:\Freescale\KSDK_1.2.0\lib\ksdk_platform_lib\kds\K64F12\debug\libksdk_platform.a(fsl_uart_driver.o)
 .text.UART_DRV_IRQHandler
                0x00002a28       0xd4 C:\Freescale\KSDK_1.2.0\lib\ksdk_platform_lib\kds\K64F12\debug\libksdk_platform.a(fsl_uart_driver.o)
                0x00002a28                UART_DRV_IRQHandler
 .text.CLOCK_HAL_SetOutDiv
                0x00002afc       0x28 C:\Freescale\KSDK_1.2.0\lib\ksdk_platform_lib\kds\K64F12\debug\libksdk_platform.a(fsl_sim_hal_MK64F12.o)
                0x00002afc                CLOCK_HAL_SetOutDiv
 .text.SIM_HAL_SetAdcAlternativeTriggerCmd
                0x00002b24       0x38 C:\Freescale\KSDK_1.2.0\lib\ksdk_platform_lib\kds\K64F12\debug\libksdk_platform.a(fsl_sim_hal_MK64F12.o)
                0x00002b24                SIM_HAL_SetAdcAlternativeTriggerCmd
 .text.SIM_HAL_SetAdcPreTriggerMode
                0x00002b5c       0x38 C:\Freescale\KSDK_1.2.0\lib\ksdk_platform_lib\kds\K64F12\debug\libksdk_platform.a(fsl_sim_hal_MK64F12.o)
                0x00002b5c                SIM_HAL_SetAdcPreTriggerMode
 .text.SIM_HAL_SetAdcTriggerMode
                0x00002b94       0x40 C:\Freescale\KSDK_1.2.0\lib\ksdk_platform_lib\kds\K64F12\debug\libksdk_platform.a(fsl_sim_hal_MK64F12.o)
                0x00002b94                SIM_HAL_SetAdcTriggerMode
 .text.unlikely.PIT_HAL_SetIntCmd.part.3
                0x00002bd4       0x1c C:\Freescale\KSDK_1.2.0\lib\ksdk_platform_lib\kds\K64F12\debug\libksdk_platform.a(fsl_pit_driver.o)
 .text.unlikely.PIT_HAL_StartTimer.part.4
                0x00002bf0       0x1c C:\Freescale\KSDK_1.2.0\lib\ksdk_platform_lib\kds\K64F12\debug\libksdk_platform.a(fsl_pit_driver.o)
 .text.unlikely.PIT_HAL_SetTimerPeriodByCount.part.5
                0x00002c0c       0x1c C:\Freescale\KSDK_1.2.0\lib\ksdk_platform_lib\kds\K64F12\debug\libksdk_platform.a(fsl_pit_driver.o)
 .text.PIT_DRV_Init
                0x00002c28       0x54 C:\Freescale\KSDK_1.2.0\lib\ksdk_platform_lib\kds\K64F12\debug\libksdk_platform.a(fsl_pit_driver.o)
                0x00002c28                PIT_DRV_Init
 .text.PIT_DRV_StartTimer
                0x00002c7c       0x40 C:\Freescale\KSDK_1.2.0\lib\ksdk_platform_lib\kds\K64F12\debug\libksdk_platform.a(fsl_pit_driver.o)
                0x00002c7c                PIT_DRV_StartTimer
 .text.PIT_DRV_SetTimerPeriodByUs
                0x00002cbc       0x58 C:\Freescale\KSDK_1.2.0\lib\ksdk_platform_lib\kds\K64F12\debug\libksdk_platform.a(fsl_pit_driver.o)
                0x00002cbc                PIT_DRV_SetTimerPeriodByUs
 .text.PIT_DRV_InitChannel
                0x00002d14       0x98 C:\Freescale\KSDK_1.2.0\lib\ksdk_platform_lib\kds\K64F12\debug\libksdk_platform.a(fsl_pit_driver.o)
                0x00002d14                PIT_DRV_InitChannel
 .text.LPTMR_DRV_IRQHandler
                0x00002dac       0x64 C:\Freescale\KSDK_1.2.0\lib\ksdk_platform_lib\kds\K64F12\debug\libksdk_platform.a(fsl_lptmr_driver.o)
                0x00002dac                LPTMR_DRV_IRQHandler
 .text.I2C_DRV_MasterWait
                0x00002e10       0x44 C:\Freescale\KSDK_1.2.0\lib\ksdk_platform_lib\kds\K64F12\debug\libksdk_platform.a(fsl_i2c_master_driver.o)
 .text.I2C_DRV_SendAddress.isra.2
                0x00002e54      0x120 C:\Freescale\KSDK_1.2.0\lib\ksdk_platform_lib\kds\K64F12\debug\libksdk_platform.a(fsl_i2c_master_driver.o)
 .text.I2C_DRV_CompleteTransfer
                0x00002f74       0x6c C:\Freescale\KSDK_1.2.0\lib\ksdk_platform_lib\kds\K64F12\debug\libksdk_platform.a(fsl_i2c_master_driver.o)
 .text.I2C_DRV_MasterInit
                0x00002fe0       0xd8 C:\Freescale\KSDK_1.2.0\lib\ksdk_platform_lib\kds\K64F12\debug\libksdk_platform.a(fsl_i2c_master_driver.o)
                0x00002fe0                I2C_DRV_MasterInit
 .text.I2C_DRV_MasterSetBaudRate
                0x000030b8       0x64 C:\Freescale\KSDK_1.2.0\lib\ksdk_platform_lib\kds\K64F12\debug\libksdk_platform.a(fsl_i2c_master_driver.o)
                0x000030b8                I2C_DRV_MasterSetBaudRate
 .text.I2C_DRV_MasterSend
                0x0000311c       0xfc C:\Freescale\KSDK_1.2.0\lib\ksdk_platform_lib\kds\K64F12\debug\libksdk_platform.a(fsl_i2c_master_driver.o)
 .text.I2C_DRV_MasterReceive
                0x00003218       0xfc C:\Freescale\KSDK_1.2.0\lib\ksdk_platform_lib\kds\K64F12\debug\libksdk_platform.a(fsl_i2c_master_driver.o)
 .text.I2C_DRV_MasterSendDataBlocking
                0x00003314       0x1a C:\Freescale\KSDK_1.2.0\lib\ksdk_platform_lib\kds\K64F12\debug\libksdk_platform.a(fsl_i2c_master_driver.o)
                0x00003314                I2C_DRV_MasterSendDataBlocking
 .text.I2C_DRV_MasterReceiveDataBlocking
                0x0000332e       0x1a C:\Freescale\KSDK_1.2.0\lib\ksdk_platform_lib\kds\K64F12\debug\libksdk_platform.a(fsl_i2c_master_driver.o)
                0x0000332e                I2C_DRV_MasterReceiveDataBlocking
 .text.I2C_DRV_MasterIRQHandler
                0x00003348       0xa0 C:\Freescale\KSDK_1.2.0\lib\ksdk_platform_lib\kds\K64F12\debug\libksdk_platform.a(fsl_i2c_master_driver.o)
                0x00003348                I2C_DRV_MasterIRQHandler
 .text.I2C_DRV_IRQHandler
                0x000033e8       0x44 C:\Freescale\KSDK_1.2.0\lib\ksdk_platform_lib\kds\K64F12\debug\libksdk_platform.a(fsl_i2c_shared_function.o)
                0x000033e8                I2C_DRV_IRQHandler
 .text.unlikely.PORT_HAL_SetMuxMode.part.0
                0x0000342c       0x1c C:\Freescale\KSDK_1.2.0\lib\ksdk_platform_lib\kds\K64F12\debug\libksdk_platform.a(fsl_gpio_driver.o)
 .text.GPIO_DRV_InputPinInit
                0x00003448       0xe4 C:\Freescale\KSDK_1.2.0\lib\ksdk_platform_lib\kds\K64F12\debug\libksdk_platform.a(fsl_gpio_driver.o)
                0x00003448                GPIO_DRV_InputPinInit
 .text.GPIO_DRV_OutputPinInit
                0x0000352c       0x70 C:\Freescale\KSDK_1.2.0\lib\ksdk_platform_lib\kds\K64F12\debug\libksdk_platform.a(fsl_gpio_driver.o)
                0x0000352c                GPIO_DRV_OutputPinInit
 .text.GPIO_DRV_WritePinOutput
                0x0000359c       0x18 C:\Freescale\KSDK_1.2.0\lib\ksdk_platform_lib\kds\K64F12\debug\libksdk_platform.a(fsl_gpio_driver.o)
                0x0000359c                GPIO_DRV_WritePinOutput
 .text.GPIO_DRV_TogglePinOutput
                0x000035b4       0x38 C:\Freescale\KSDK_1.2.0\lib\ksdk_platform_lib\kds\K64F12\debug\libksdk_platform.a(fsl_gpio_driver.o)
                0x000035b4                GPIO_DRV_TogglePinOutput
 .text.GPIO_DRV_ClearPinIntFlag
                0x000035ec       0x44 C:\Freescale\KSDK_1.2.0\lib\ksdk_platform_lib\kds\K64F12\debug\libksdk_platform.a(fsl_gpio_driver.o)
                0x000035ec                GPIO_DRV_ClearPinIntFlag
 .text.INT_SYS_EnableIRQ
                0x00003630       0x48 C:\Freescale\KSDK_1.2.0\lib\ksdk_platform_lib\kds\K64F12\debug\libksdk_platform.a(fsl_flexcan_driver.o)
 .text.FLEXCAN_DRV_CompleteRxMessageBufferData
                0x00003678       0x5c C:\Freescale\KSDK_1.2.0\lib\ksdk_platform_lib\kds\K64F12\debug\libksdk_platform.a(fsl_flexcan_driver.o)
 .text.FLEXCAN_DRV_CompleteSendData
                0x000036d4       0x5c C:\Freescale\KSDK_1.2.0\lib\ksdk_platform_lib\kds\K64F12\debug\libksdk_platform.a(fsl_flexcan_driver.o)
 .text.FLEXCAN_DRV_SetBitrate
                0x00003730       0x30 C:\Freescale\KSDK_1.2.0\lib\ksdk_platform_lib\kds\K64F12\debug\libksdk_platform.a(fsl_flexcan_driver.o)
                0x00003730                FLEXCAN_DRV_SetBitrate
 .text.FLEXCAN_DRV_SetRxMaskType
                0x00003760       0x2c C:\Freescale\KSDK_1.2.0\lib\ksdk_platform_lib\kds\K64F12\debug\libksdk_platform.a(fsl_flexcan_driver.o)
                0x00003760                FLEXCAN_DRV_SetRxMaskType
 .text.FLEXCAN_DRV_SetRxMbGlobalMask
                0x0000378c       0x44 C:\Freescale\KSDK_1.2.0\lib\ksdk_platform_lib\kds\K64F12\debug\libksdk_platform.a(fsl_flexcan_driver.o)
                0x0000378c                FLEXCAN_DRV_SetRxMbGlobalMask
 .text.FLEXCAN_DRV_SetRxIndividualMask
                0x000037d0       0x48 C:\Freescale\KSDK_1.2.0\lib\ksdk_platform_lib\kds\K64F12\debug\libksdk_platform.a(fsl_flexcan_driver.o)
                0x000037d0                FLEXCAN_DRV_SetRxIndividualMask
 .text.FLEXCAN_DRV_Init
                0x00003818       0xe4 C:\Freescale\KSDK_1.2.0\lib\ksdk_platform_lib\kds\K64F12\debug\libksdk_platform.a(fsl_flexcan_driver.o)
                0x00003818                FLEXCAN_DRV_Init
 .text.FLEXCAN_DRV_ConfigRxMb
                0x000038fc       0x78 C:\Freescale\KSDK_1.2.0\lib\ksdk_platform_lib\kds\K64F12\debug\libksdk_platform.a(fsl_flexcan_driver.o)
                0x000038fc                FLEXCAN_DRV_ConfigRxMb
 .text.FLEXCAN_DRV_IRQHandler
                0x00003974      0x110 C:\Freescale\KSDK_1.2.0\lib\ksdk_platform_lib\kds\K64F12\debug\libksdk_platform.a(fsl_flexcan_driver.o)
                0x00003974                FLEXCAN_DRV_IRQHandler
 .text.DSPI_DRV_MasterFillupTxFifo
                0x00003a84      0x120 C:\Freescale\KSDK_1.2.0\lib\ksdk_platform_lib\kds\K64F12\debug\libksdk_platform.a(fsl_dspi_master_driver.o)
 .text.DSPI_DRV_MasterCompleteTransfer
                0x00003ba4       0x44 C:\Freescale\KSDK_1.2.0\lib\ksdk_platform_lib\kds\K64F12\debug\libksdk_platform.a(fsl_dspi_master_driver.o)
 .text.DSPI_DRV_MasterInit
                0x00003be8       0xe4 C:\Freescale\KSDK_1.2.0\lib\ksdk_platform_lib\kds\K64F12\debug\libksdk_platform.a(fsl_dspi_master_driver.o)
                0x00003be8                DSPI_DRV_MasterInit
 .text.DSPI_DRV_MasterConfigureBus
                0x00003ccc       0x60 C:\Freescale\KSDK_1.2.0\lib\ksdk_platform_lib\kds\K64F12\debug\libksdk_platform.a(fsl_dspi_master_driver.o)
                0x00003ccc                DSPI_DRV_MasterConfigureBus
 .text.DSPI_DRV_MasterStartTransfer
                0x00003d2c       0xb8 C:\Freescale\KSDK_1.2.0\lib\ksdk_platform_lib\kds\K64F12\debug\libksdk_platform.a(fsl_dspi_master_driver.o)
 .text.DSPI_DRV_MasterTransferBlocking
                0x00003de4       0x64 C:\Freescale\KSDK_1.2.0\lib\ksdk_platform_lib\kds\K64F12\debug\libksdk_platform.a(fsl_dspi_master_driver.o)
                0x00003de4                DSPI_DRV_MasterTransferBlocking
 .text.DSPI_DRV_MasterIRQHandler
                0x00003e48       0xb4 C:\Freescale\KSDK_1.2.0\lib\ksdk_platform_lib\kds\K64F12\debug\libksdk_platform.a(fsl_dspi_master_driver.o)
                0x00003e48                DSPI_DRV_MasterIRQHandler
 .text.DSPI_DRV_IRQHandler
                0x00003efc       0x40 C:\Freescale\KSDK_1.2.0\lib\ksdk_platform_lib\kds\K64F12\debug\libksdk_platform.a(fsl_dspi_shared_function.o)
                0x00003efc                DSPI_DRV_IRQHandler
 .text.SIM_HAL_EnableClock.constprop.12
                0x00003f3c       0x10 C:\Freescale\KSDK_1.2.0\lib\ksdk_platform_lib\kds\K64F12\debug\libksdk_platform.a(fsl_clock_MK64F12.o)
 .text.CLOCK_SYS_GetCoreClockFreq
                0x00003f4c       0x24 C:\Freescale\KSDK_1.2.0\lib\ksdk_platform_lib\kds\K64F12\debug\libksdk_platform.a(fsl_clock_MK64F12.o)
                0x00003f4c                CLOCK_SYS_GetCoreClockFreq
 .text.CLOCK_SYS_SetConfiguration
                0x00003f70       0x94 C:\Freescale\KSDK_1.2.0\lib\ksdk_platform_lib\kds\K64F12\debug\libksdk_platform.a(fsl_clock_MK64F12.o)
                0x00003f70                CLOCK_SYS_SetConfiguration
 .text.CLOCK_SYS_FllStableDelay
                0x00004004       0x1a C:\Freescale\KSDK_1.2.0\lib\ksdk_platform_lib\kds\K64F12\debug\libksdk_platform.a(fsl_clock_MK64F12.o)
 *fill*         0x0000401e        0x2 
 .text.CLOCK_SYS_GetSystemClockFreq
                0x00004020       0x24 C:\Freescale\KSDK_1.2.0\lib\ksdk_platform_lib\kds\K64F12\debug\libksdk_platform.a(fsl_clock_MK64F12.o)
                0x00004020                CLOCK_SYS_GetSystemClockFreq
 .text.CLOCK_SYS_GetBusClockFreq
                0x00004044       0x24 C:\Freescale\KSDK_1.2.0\lib\ksdk_platform_lib\kds\K64F12\debug\libksdk_platform.a(fsl_clock_MK64F12.o)
                0x00004044                CLOCK_SYS_GetBusClockFreq
 .text.CLOCK_SYS_GetOsc0ExternalRefClockFreq
                0x00004068       0x20 C:\Freescale\KSDK_1.2.0\lib\ksdk_platform_lib\kds\K64F12\debug\libksdk_platform.a(fsl_clock_MK64F12.o)
                0x00004068                CLOCK_SYS_GetOsc0ExternalRefClockFreq
 .text.CLOCK_SYS_GetFlexcanFreq
                0x00004088        0xa C:\Freescale\KSDK_1.2.0\lib\ksdk_platform_lib\kds\K64F12\debug\libksdk_platform.a(fsl_clock_MK64F12.o)
                0x00004088                CLOCK_SYS_GetFlexcanFreq
 .text.CLOCK_SYS_GetUartFreq
                0x00004092       0x1a C:\Freescale\KSDK_1.2.0\lib\ksdk_platform_lib\kds\K64F12\debug\libksdk_platform.a(fsl_clock_MK64F12.o)
                0x00004092                CLOCK_SYS_GetUartFreq
 .text.CLOCK_SYS_EnablePortClock
                0x000040ac       0x30 C:\Freescale\KSDK_1.2.0\lib\ksdk_platform_lib\kds\K64F12\debug\libksdk_platform.a(fsl_clock_MK64F12.o)
                0x000040ac                CLOCK_SYS_EnablePortClock
 .text.CLOCK_SYS_EnableAdcClock
                0x000040dc       0x30 C:\Freescale\KSDK_1.2.0\lib\ksdk_platform_lib\kds\K64F12\debug\libksdk_platform.a(fsl_clock_MK64F12.o)
                0x000040dc                CLOCK_SYS_EnableAdcClock
 .text.CLOCK_SYS_EnableSpiClock
                0x0000410c       0x30 C:\Freescale\KSDK_1.2.0\lib\ksdk_platform_lib\kds\K64F12\debug\libksdk_platform.a(fsl_clock_MK64F12.o)
                0x0000410c                CLOCK_SYS_EnableSpiClock
 .text.CLOCK_SYS_EnableI2cClock
                0x0000413c       0x30 C:\Freescale\KSDK_1.2.0\lib\ksdk_platform_lib\kds\K64F12\debug\libksdk_platform.a(fsl_clock_MK64F12.o)
                0x0000413c                CLOCK_SYS_EnableI2cClock
 .text.CLOCK_SYS_EnableUartClock
                0x0000416c       0x30 C:\Freescale\KSDK_1.2.0\lib\ksdk_platform_lib\kds\K64F12\debug\libksdk_platform.a(fsl_clock_MK64F12.o)
                0x0000416c                CLOCK_SYS_EnableUartClock
 .text.CLOCK_SYS_SetMcgPeeToFbe
                0x0000419c       0x38 C:\Freescale\KSDK_1.2.0\lib\ksdk_platform_lib\kds\K64F12\debug\libksdk_platform.a(fsl_clock_manager.o)
 .text.CLOCK_SYS_SetMcgMode
                0x000041d4      0x12c C:\Freescale\KSDK_1.2.0\lib\ksdk_platform_lib\kds\K64F12\debug\libksdk_platform.a(fsl_clock_manager.o)
                0x000041d4                CLOCK_SYS_SetMcgMode
 .text.CLOCK_SYS_SetOscerConfigration
                0x00004300       0x1c C:\Freescale\KSDK_1.2.0\lib\ksdk_platform_lib\kds\K64F12\debug\libksdk_platform.a(fsl_clock_manager.o)
                0x00004300                CLOCK_SYS_SetOscerConfigration
 .text.CLOCK_SYS_OscInit
                0x0000431c       0x98 C:\Freescale\KSDK_1.2.0\lib\ksdk_platform_lib\kds\K64F12\debug\libksdk_platform.a(fsl_clock_manager.o)
                0x0000431c                CLOCK_SYS_OscInit
 .text.CLOCK_SYS_RtcOscInit
                0x000043b4       0x68 C:\Freescale\KSDK_1.2.0\lib\ksdk_platform_lib\kds\K64F12\debug\libksdk_platform.a(fsl_clock_manager.o)
                0x000043b4                CLOCK_SYS_RtcOscInit
 .text.unlikely.ADC16_HAL_GetChnConvCompletedFlag.part.0
                0x0000441c       0x1c C:\Freescale\KSDK_1.2.0\lib\ksdk_platform_lib\kds\K64F12\debug\libksdk_platform.a(fsl_adc16_driver.o)
 .text.ADC16_DRV_GetAutoCalibrationParam
                0x00004438       0x80 C:\Freescale\KSDK_1.2.0\lib\ksdk_platform_lib\kds\K64F12\debug\libksdk_platform.a(fsl_adc16_driver.o)
                0x00004438                ADC16_DRV_GetAutoCalibrationParam
 .text.ADC16_DRV_SetCalibrationParam
                0x000044b8       0x58 C:\Freescale\KSDK_1.2.0\lib\ksdk_platform_lib\kds\K64F12\debug\libksdk_platform.a(fsl_adc16_driver.o)
                0x000044b8                ADC16_DRV_SetCalibrationParam
 .text.ADC16_DRV_StructInitUserConfigDefault
                0x00004510       0x24 C:\Freescale\KSDK_1.2.0\lib\ksdk_platform_lib\kds\K64F12\debug\libksdk_platform.a(fsl_adc16_driver.o)
                0x00004510                ADC16_DRV_StructInitUserConfigDefault
 .text.ADC16_DRV_Init
                0x00004534       0x94 C:\Freescale\KSDK_1.2.0\lib\ksdk_platform_lib\kds\K64F12\debug\libksdk_platform.a(fsl_adc16_driver.o)
                0x00004534                ADC16_DRV_Init
 .text.ADC16_DRV_ConfigHwAverage
                0x000045c8       0x38 C:\Freescale\KSDK_1.2.0\lib\ksdk_platform_lib\kds\K64F12\debug\libksdk_platform.a(fsl_adc16_driver.o)
                0x000045c8                ADC16_DRV_ConfigHwAverage
 .text.ADC16_DRV_ConfigConvChn
                0x00004600       0x38 C:\Freescale\KSDK_1.2.0\lib\ksdk_platform_lib\kds\K64F12\debug\libksdk_platform.a(fsl_adc16_driver.o)
                0x00004600                ADC16_DRV_ConfigConvChn
 .text.ADC16_DRV_WaitConvDone
                0x00004638       0x48 C:\Freescale\KSDK_1.2.0\lib\ksdk_platform_lib\kds\K64F12\debug\libksdk_platform.a(fsl_adc16_driver.o)
                0x00004638                ADC16_DRV_WaitConvDone
 .text.ADC16_DRV_PauseConv
                0x00004680       0x3c C:\Freescale\KSDK_1.2.0\lib\ksdk_platform_lib\kds\K64F12\debug\libksdk_platform.a(fsl_adc16_driver.o)
                0x00004680                ADC16_DRV_PauseConv
 .text.ADC16_DRV_GetConvValueRAW
                0x000046bc       0x50 C:\Freescale\KSDK_1.2.0\lib\ksdk_platform_lib\kds\K64F12\debug\libksdk_platform.a(fsl_adc16_driver.o)
                0x000046bc                ADC16_DRV_GetConvValueRAW
 .text.ADC16_DRV_GetConvValueSigned
                0x0000470c        0xa C:\Freescale\KSDK_1.2.0\lib\ksdk_platform_lib\kds\K64F12\debug\libksdk_platform.a(fsl_adc16_driver.o)
                0x0000470c                ADC16_DRV_GetConvValueSigned
 *fill*         0x00004716        0x2 
 .text.ADC16_DRV_GetChnFlag
                0x00004718       0x50 C:\Freescale\KSDK_1.2.0\lib\ksdk_platform_lib\kds\K64F12\debug\libksdk_platform.a(fsl_adc16_driver.o)
                0x00004718                ADC16_DRV_GetChnFlag
 .text.OSA_TimeInit
                0x00004768       0x44 C:\Freescale\KSDK_1.2.0\lib\ksdk_platform_lib\kds\K64F12\debug\libksdk_platform.a(fsl_os_abstraction_bm.o)
                0x00004768                OSA_TimeInit
 .text.OSA_TimeDiff
                0x000047ac        0xe C:\Freescale\KSDK_1.2.0\lib\ksdk_platform_lib\kds\K64F12\debug\libksdk_platform.a(fsl_os_abstraction_bm.o)
                0x000047ac                OSA_TimeDiff
 *fill*         0x000047ba        0x2 
 .text.OSA_SemaCreate
                0x000047bc       0x2c C:\Freescale\KSDK_1.2.0\lib\ksdk_platform_lib\kds\K64F12\debug\libksdk_platform.a(fsl_os_abstraction_bm.o)
                0x000047bc                OSA_SemaCreate
 .text.OSA_SemaPost
                0x000047e8       0x3c C:\Freescale\KSDK_1.2.0\lib\ksdk_platform_lib\kds\K64F12\debug\libksdk_platform.a(fsl_os_abstraction_bm.o)
                0x000047e8                OSA_SemaPost
 .text.OSA_EventSet
                0x00004824       0x34 C:\Freescale\KSDK_1.2.0\lib\ksdk_platform_lib\kds\K64F12\debug\libksdk_platform.a(fsl_os_abstraction_bm.o)
                0x00004824                OSA_EventSet
 .text.task_init
                0x00004858       0x38 C:\Freescale\KSDK_1.2.0\lib\ksdk_platform_lib\kds\K64F12\debug\libksdk_platform.a(fsl_os_abstraction_bm.o)
                0x00004858                task_init
 .text.OSA_TimeGetMsec
                0x00004890        0xc C:\Freescale\KSDK_1.2.0\lib\ksdk_platform_lib\kds\K64F12\debug\libksdk_platform.a(fsl_os_abstraction_bm.o)
                0x00004890                OSA_TimeGetMsec
 .text.OSA_SemaWait
                0x0000489c       0x88 C:\Freescale\KSDK_1.2.0\lib\ksdk_platform_lib\kds\K64F12\debug\libksdk_platform.a(fsl_os_abstraction_bm.o)
                0x0000489c                OSA_SemaWait
 .text.OSA_TimeDelay
                0x00004924       0x1c C:\Freescale\KSDK_1.2.0\lib\ksdk_platform_lib\kds\K64F12\debug\libksdk_platform.a(fsl_os_abstraction_bm.o)
                0x00004924                OSA_TimeDelay
 .text.OSA_Init
                0x00004940        0xe C:\Freescale\KSDK_1.2.0\lib\ksdk_platform_lib\kds\K64F12\debug\libksdk_platform.a(fsl_os_abstraction_bm.o)
                0x00004940                OSA_Init
 .text.OSC_HAL_SetCapacitor
                0x0000494e        0xe C:\Freescale\KSDK_1.2.0\lib\ksdk_platform_lib\kds\K64F12\debug\libksdk_platform.a(fsl_osc_hal.o)
                0x0000494e                OSC_HAL_SetCapacitor
 .text.CLOCK_HAL_TestOscFreq
                0x0000495c       0x28 C:\Freescale\KSDK_1.2.0\lib\ksdk_platform_lib\kds\K64F12\debug\libksdk_platform.a(fsl_mcg_hal.o)
                0x0000495c                CLOCK_HAL_TestOscFreq
 .text.CLOCK_HAL_GetMcgExternalClkFreq
                0x00004984        0xa C:\Freescale\KSDK_1.2.0\lib\ksdk_platform_lib\kds\K64F12\debug\libksdk_platform.a(fsl_mcg_hal.o)
 .text.CLOCK_HAL_TestFllExternalRefFreq
                0x0000498e       0x32 C:\Freescale\KSDK_1.2.0\lib\ksdk_platform_lib\kds\K64F12\debug\libksdk_platform.a(fsl_mcg_hal.o)
                0x0000498e                CLOCK_HAL_TestFllExternalRefFreq
 .text.CLOCK_HAL_GetFllRefClk
                0x000049c0       0x3c C:\Freescale\KSDK_1.2.0\lib\ksdk_platform_lib\kds\K64F12\debug\libksdk_platform.a(fsl_mcg_hal.o)
                0x000049c0                CLOCK_HAL_GetFllRefClk
 .text.CLOCK_HAL_TestFllFreq
                0x000049fc       0x34 C:\Freescale\KSDK_1.2.0\lib\ksdk_platform_lib\kds\K64F12\debug\libksdk_platform.a(fsl_mcg_hal.o)
                0x000049fc                CLOCK_HAL_TestFllFreq
 .text.CLOCK_HAL_GetFllClk
                0x00004a30       0x36 C:\Freescale\KSDK_1.2.0\lib\ksdk_platform_lib\kds\K64F12\debug\libksdk_platform.a(fsl_mcg_hal.o)
                0x00004a30                CLOCK_HAL_GetFllClk
 .text.CLOCK_HAL_UpdateFastClkInternalRefDiv
                0x00004a66       0x58 C:\Freescale\KSDK_1.2.0\lib\ksdk_platform_lib\kds\K64F12\debug\libksdk_platform.a(fsl_mcg_hal.o)
                0x00004a66                CLOCK_HAL_UpdateFastClkInternalRefDiv
 .text.CLOCK_HAL_GetPll0Clk
                0x00004abe       0x3e C:\Freescale\KSDK_1.2.0\lib\ksdk_platform_lib\kds\K64F12\debug\libksdk_platform.a(fsl_mcg_hal.o)
                0x00004abe                CLOCK_HAL_GetPll0Clk
 .text.CLOCK_HAL_EnablePll0InFllMode
                0x00004afc       0x3a C:\Freescale\KSDK_1.2.0\lib\ksdk_platform_lib\kds\K64F12\debug\libksdk_platform.a(fsl_mcg_hal.o)
                0x00004afc                CLOCK_HAL_EnablePll0InFllMode
 *fill*         0x00004b36        0x2 
 .text.CLOCK_HAL_GetInternalRefClk
                0x00004b38       0x3c C:\Freescale\KSDK_1.2.0\lib\ksdk_platform_lib\kds\K64F12\debug\libksdk_platform.a(fsl_mcg_hal.o)
                0x00004b38                CLOCK_HAL_GetInternalRefClk
 .text.CLOCK_HAL_GetOutClk
                0x00004b74       0x22 C:\Freescale\KSDK_1.2.0\lib\ksdk_platform_lib\kds\K64F12\debug\libksdk_platform.a(fsl_mcg_hal.o)
                0x00004b74                CLOCK_HAL_GetOutClk
 .text.CLOCK_HAL_SetOsc0Mode
                0x00004b96       0x24 C:\Freescale\KSDK_1.2.0\lib\ksdk_platform_lib\kds\K64F12\debug\libksdk_platform.a(fsl_mcg_hal.o)
                0x00004b96                CLOCK_HAL_SetOsc0Mode
 .text.CLOCK_HAL_PrepareOsc
                0x00004bba       0x2c C:\Freescale\KSDK_1.2.0\lib\ksdk_platform_lib\kds\K64F12\debug\libksdk_platform.a(fsl_mcg_hal_modes.o)
 .text.CLOCK_HAL_GetMcgMode
                0x00004be6       0x76 C:\Freescale\KSDK_1.2.0\lib\ksdk_platform_lib\kds\K64F12\debug\libksdk_platform.a(fsl_mcg_hal_modes.o)
                0x00004be6                CLOCK_HAL_GetMcgMode
 .text.CLOCK_HAL_SetFbiMode
                0x00004c5c       0xbc C:\Freescale\KSDK_1.2.0\lib\ksdk_platform_lib\kds\K64F12\debug\libksdk_platform.a(fsl_mcg_hal_modes.o)
                0x00004c5c                CLOCK_HAL_SetFbiMode
 .text.CLOCK_HAL_SetFbeMode
                0x00004d18       0xf4 C:\Freescale\KSDK_1.2.0\lib\ksdk_platform_lib\kds\K64F12\debug\libksdk_platform.a(fsl_mcg_hal_modes.o)
                0x00004d18                CLOCK_HAL_SetFbeMode
 .text.CLOCK_HAL_SetPbeMode
                0x00004e0c       0xd0 C:\Freescale\KSDK_1.2.0\lib\ksdk_platform_lib\kds\K64F12\debug\libksdk_platform.a(fsl_mcg_hal_modes.o)
                0x00004e0c                CLOCK_HAL_SetPbeMode
 .text.LPTMR_HAL_SetTimerWorkingMode
                0x00004edc       0x40 C:\Freescale\KSDK_1.2.0\lib\ksdk_platform_lib\kds\K64F12\debug\libksdk_platform.a(fsl_lptmr_hal.o)
                0x00004edc                LPTMR_HAL_SetTimerWorkingMode
 .text.LPTMR_HAL_SetPrescalerMode
                0x00004f1c       0x1c C:\Freescale\KSDK_1.2.0\lib\ksdk_platform_lib\kds\K64F12\debug\libksdk_platform.a(fsl_lptmr_hal.o)
                0x00004f1c                LPTMR_HAL_SetPrescalerMode
 .text.LPTMR_HAL_GetCounterValue
                0x00004f38        0xe C:\Freescale\KSDK_1.2.0\lib\ksdk_platform_lib\kds\K64F12\debug\libksdk_platform.a(fsl_lptmr_hal.o)
                0x00004f38                LPTMR_HAL_GetCounterValue
 *fill*         0x00004f46        0x2 
 .text.INT_SYS_EnableIRQGlobal
                0x00004f48       0x14 C:\Freescale\KSDK_1.2.0\lib\ksdk_platform_lib\kds\K64F12\debug\libksdk_platform.a(fsl_interrupt_manager.o)
                0x00004f48                INT_SYS_EnableIRQGlobal
 .text.INT_SYS_DisableIRQGlobal
                0x00004f5c       0x10 C:\Freescale\KSDK_1.2.0\lib\ksdk_platform_lib\kds\K64F12\debug\libksdk_platform.a(fsl_interrupt_manager.o)
                0x00004f5c                INT_SYS_DisableIRQGlobal
 .text.I2C_HAL_Init
                0x00004f6c       0x1c C:\Freescale\KSDK_1.2.0\lib\ksdk_platform_lib\kds\K64F12\debug\libksdk_platform.a(fsl_i2c_hal.o)
                0x00004f6c                I2C_HAL_Init
 .text.I2C_HAL_SetBaudRate
                0x00004f88       0x78 C:\Freescale\KSDK_1.2.0\lib\ksdk_platform_lib\kds\K64F12\debug\libksdk_platform.a(fsl_i2c_hal.o)
                0x00004f88                I2C_HAL_SetBaudRate
 .text.I2C_HAL_SendStart
                0x00005000       0x1c C:\Freescale\KSDK_1.2.0\lib\ksdk_platform_lib\kds\K64F12\debug\libksdk_platform.a(fsl_i2c_hal.o)
                0x00005000                I2C_HAL_SendStart
 .text.I2C_HAL_SendStop
                0x0000501c       0x50 C:\Freescale\KSDK_1.2.0\lib\ksdk_platform_lib\kds\K64F12\debug\libksdk_platform.a(fsl_i2c_hal.o)
                0x0000501c                I2C_HAL_SendStop
 .text.I2C_HAL_SetIntCmd
                0x0000506c        0xc C:\Freescale\KSDK_1.2.0\lib\ksdk_platform_lib\kds\K64F12\debug\libksdk_platform.a(fsl_i2c_slave_driver.o)
 .text.I2C_DRV_SlaveIRQHandler
                0x00005078      0x1f0 C:\Freescale\KSDK_1.2.0\lib\ksdk_platform_lib\kds\K64F12\debug\libksdk_platform.a(fsl_i2c_slave_driver.o)
                0x00005078                I2C_DRV_SlaveIRQHandler
 .text.GPIO_HAL_SetPinDir
                0x00005268       0x3c C:\Freescale\KSDK_1.2.0\lib\ksdk_platform_lib\kds\K64F12\debug\libksdk_platform.a(fsl_gpio_hal.o)
                0x00005268                GPIO_HAL_SetPinDir
 .text.GPIO_HAL_WritePinOutput
                0x000052a4       0x30 C:\Freescale\KSDK_1.2.0\lib\ksdk_platform_lib\kds\K64F12\debug\libksdk_platform.a(fsl_gpio_hal.o)
                0x000052a4                GPIO_HAL_WritePinOutput
 .text.FLEXCAN_HAL_Enable
                0x000052d4       0x20 C:\Freescale\KSDK_1.2.0\lib\ksdk_platform_lib\kds\K64F12\debug\libksdk_platform.a(fsl_flexcan_hal.o)
                0x000052d4                FLEXCAN_HAL_Enable
 .text.FLEXCAN_HAL_SelectClock
                0x000052f4        0xe C:\Freescale\KSDK_1.2.0\lib\ksdk_platform_lib\kds\K64F12\debug\libksdk_platform.a(fsl_flexcan_hal.o)
                0x000052f4                FLEXCAN_HAL_SelectClock
 *fill*         0x00005302        0x2 
 .text.FLEXCAN_HAL_SetRxMsgBuff
                0x00005304      0x104 C:\Freescale\KSDK_1.2.0\lib\ksdk_platform_lib\kds\K64F12\debug\libksdk_platform.a(fsl_flexcan_hal.o)
                0x00005304                FLEXCAN_HAL_SetRxMsgBuff
 .text.FLEXCAN_HAL_GetMsgBuff
                0x00005408       0x7e C:\Freescale\KSDK_1.2.0\lib\ksdk_platform_lib\kds\K64F12\debug\libksdk_platform.a(fsl_flexcan_hal.o)
                0x00005408                FLEXCAN_HAL_GetMsgBuff
 .text.FLEXCAN_HAL_LockRxMsgBuff
                0x00005486       0x1e C:\Freescale\KSDK_1.2.0\lib\ksdk_platform_lib\kds\K64F12\debug\libksdk_platform.a(fsl_flexcan_hal.o)
                0x00005486                FLEXCAN_HAL_LockRxMsgBuff
 .text.FLEXCAN_HAL_SetMsgBuffIntCmd
                0x000054a4       0x28 C:\Freescale\KSDK_1.2.0\lib\ksdk_platform_lib\kds\K64F12\debug\libksdk_platform.a(fsl_flexcan_hal.o)
                0x000054a4                FLEXCAN_HAL_SetMsgBuffIntCmd
 .text.FLEXCAN_HAL_SetErrIntCmd
                0x000054cc       0x44 C:\Freescale\KSDK_1.2.0\lib\ksdk_platform_lib\kds\K64F12\debug\libksdk_platform.a(fsl_flexcan_hal.o)
                0x000054cc                FLEXCAN_HAL_SetErrIntCmd
 .text.FLEXCAN_HAL_ExitFreezeMode
                0x00005510       0x16 C:\Freescale\KSDK_1.2.0\lib\ksdk_platform_lib\kds\K64F12\debug\libksdk_platform.a(fsl_flexcan_hal.o)
                0x00005510                FLEXCAN_HAL_ExitFreezeMode
 .text.FLEXCAN_HAL_EnterFreezeMode
                0x00005526       0x16 C:\Freescale\KSDK_1.2.0\lib\ksdk_platform_lib\kds\K64F12\debug\libksdk_platform.a(fsl_flexcan_hal.o)
                0x00005526                FLEXCAN_HAL_EnterFreezeMode
 .text.FLEXCAN_HAL_Init
                0x0000553c       0x38 C:\Freescale\KSDK_1.2.0\lib\ksdk_platform_lib\kds\K64F12\debug\libksdk_platform.a(fsl_flexcan_hal.o)
                0x0000553c                FLEXCAN_HAL_Init
 .text.FLEXCAN_HAL_SetTimeSegments
                0x00005574       0x52 C:\Freescale\KSDK_1.2.0\lib\ksdk_platform_lib\kds\K64F12\debug\libksdk_platform.a(fsl_flexcan_hal.o)
                0x00005574                FLEXCAN_HAL_SetTimeSegments
 *fill*         0x000055c6        0x2 
 .text.FLEXCAN_HAL_EnableRxFifo
                0x000055c8       0x50 C:\Freescale\KSDK_1.2.0\lib\ksdk_platform_lib\kds\K64F12\debug\libksdk_platform.a(fsl_flexcan_hal.o)
                0x000055c8                FLEXCAN_HAL_EnableRxFifo
 .text.FLEXCAN_HAL_SetMaxMsgBuffNum
                0x00005618       0x42 C:\Freescale\KSDK_1.2.0\lib\ksdk_platform_lib\kds\K64F12\debug\libksdk_platform.a(fsl_flexcan_hal.o)
                0x00005618                FLEXCAN_HAL_SetMaxMsgBuffNum
 .text.FLEXCAN_HAL_ClearErrIntStatusFlag
                0x0000565a        0xc C:\Freescale\KSDK_1.2.0\lib\ksdk_platform_lib\kds\K64F12\debug\libksdk_platform.a(fsl_flexcan_hal.o)
                0x0000565a                FLEXCAN_HAL_ClearErrIntStatusFlag
 .text.FLEXCAN_HAL_ReadRxFifo
                0x00005666       0x50 C:\Freescale\KSDK_1.2.0\lib\ksdk_platform_lib\kds\K64F12\debug\libksdk_platform.a(fsl_flexcan_hal.o)
                0x00005666                FLEXCAN_HAL_ReadRxFifo
 .text.FLEXCAN_HAL_SetRxMaskType
                0x000056b6       0x26 C:\Freescale\KSDK_1.2.0\lib\ksdk_platform_lib\kds\K64F12\debug\libksdk_platform.a(fsl_flexcan_hal.o)
                0x000056b6                FLEXCAN_HAL_SetRxMaskType
 .text.FLEXCAN_HAL_SetRxIndividualStdMask
                0x000056dc       0x38 C:\Freescale\KSDK_1.2.0\lib\ksdk_platform_lib\kds\K64F12\debug\libksdk_platform.a(fsl_flexcan_hal.o)
                0x000056dc                FLEXCAN_HAL_SetRxIndividualStdMask
 .text.FLEXCAN_HAL_SetRxIndividualExtMask
                0x00005714       0x30 C:\Freescale\KSDK_1.2.0\lib\ksdk_platform_lib\kds\K64F12\debug\libksdk_platform.a(fsl_flexcan_hal.o)
                0x00005714                FLEXCAN_HAL_SetRxIndividualExtMask
 .text.FLEXCAN_HAL_SetRxMsgBuffGlobalStdMask
                0x00005744       0x20 C:\Freescale\KSDK_1.2.0\lib\ksdk_platform_lib\kds\K64F12\debug\libksdk_platform.a(fsl_flexcan_hal.o)
                0x00005744                FLEXCAN_HAL_SetRxMsgBuffGlobalStdMask
 .text.FLEXCAN_HAL_SetRxMsgBuffGlobalExtMask
                0x00005764       0x1a C:\Freescale\KSDK_1.2.0\lib\ksdk_platform_lib\kds\K64F12\debug\libksdk_platform.a(fsl_flexcan_hal.o)
                0x00005764                FLEXCAN_HAL_SetRxMsgBuffGlobalExtMask
 .text.FLEXCAN_HAL_SetOperationMode
                0x0000577e       0x5e C:\Freescale\KSDK_1.2.0\lib\ksdk_platform_lib\kds\K64F12\debug\libksdk_platform.a(fsl_flexcan_hal.o)
                0x0000577e                FLEXCAN_HAL_SetOperationMode
 .text.DSPI_HAL_Init
                0x000057dc       0x34 C:\Freescale\KSDK_1.2.0\lib\ksdk_platform_lib\kds\K64F12\debug\libksdk_platform.a(fsl_dspi_hal.o)
                0x000057dc                DSPI_HAL_Init
 .text.DSPI_HAL_SetBaudRate
                0x00005810       0xdc C:\Freescale\KSDK_1.2.0\lib\ksdk_platform_lib\kds\K64F12\debug\libksdk_platform.a(fsl_dspi_hal.o)
                0x00005810                DSPI_HAL_SetBaudRate
 .text.DSPI_HAL_SetPcsPolarityMode
                0x000058ec       0x20 C:\Freescale\KSDK_1.2.0\lib\ksdk_platform_lib\kds\K64F12\debug\libksdk_platform.a(fsl_dspi_hal.o)
                0x000058ec                DSPI_HAL_SetPcsPolarityMode
 .text.DSPI_HAL_SetFifoCmd
                0x0000590c       0x2a C:\Freescale\KSDK_1.2.0\lib\ksdk_platform_lib\kds\K64F12\debug\libksdk_platform.a(fsl_dspi_hal.o)
                0x0000590c                DSPI_HAL_SetFifoCmd
 .text.DSPI_HAL_SetFlushFifoCmd
                0x00005936        0xc C:\Freescale\KSDK_1.2.0\lib\ksdk_platform_lib\kds\K64F12\debug\libksdk_platform.a(fsl_dspi_hal.o)
                0x00005936                DSPI_HAL_SetFlushFifoCmd
 .text.DSPI_HAL_SetDataFormat
                0x00005942       0x80 C:\Freescale\KSDK_1.2.0\lib\ksdk_platform_lib\kds\K64F12\debug\libksdk_platform.a(fsl_dspi_hal.o)
                0x00005942                DSPI_HAL_SetDataFormat
 .text.DSPI_HAL_SetDelay
                0x000059c2       0x7e C:\Freescale\KSDK_1.2.0\lib\ksdk_platform_lib\kds\K64F12\debug\libksdk_platform.a(fsl_dspi_hal.o)
                0x000059c2                DSPI_HAL_SetDelay
 .text.DSPI_HAL_SetTxFifoFillDmaIntMode
                0x00005a40        0xe C:\Freescale\KSDK_1.2.0\lib\ksdk_platform_lib\kds\K64F12\debug\libksdk_platform.a(fsl_dspi_hal.o)
                0x00005a40                DSPI_HAL_SetTxFifoFillDmaIntMode
 .text.DSPI_HAL_SetRxFifoDrainDmaIntMode
                0x00005a4e        0xe C:\Freescale\KSDK_1.2.0\lib\ksdk_platform_lib\kds\K64F12\debug\libksdk_platform.a(fsl_dspi_hal.o)
                0x00005a4e                DSPI_HAL_SetRxFifoDrainDmaIntMode
 .text.DSPI_HAL_SetIntMode
                0x00005a5c       0x14 C:\Freescale\KSDK_1.2.0\lib\ksdk_platform_lib\kds\K64F12\debug\libksdk_platform.a(fsl_dspi_hal.o)
                0x00005a5c                DSPI_HAL_SetIntMode
 .text.DSPI_HAL_GetFormattedCommand
                0x00005a70       0x1e C:\Freescale\KSDK_1.2.0\lib\ksdk_platform_lib\kds\K64F12\debug\libksdk_platform.a(fsl_dspi_hal.o)
                0x00005a70                DSPI_HAL_GetFormattedCommand
 *fill*         0x00005a8e        0x2 
 .text.DSPI_DRV_SlaveCompleteTransfer
                0x00005a90       0x5c C:\Freescale\KSDK_1.2.0\lib\ksdk_platform_lib\kds\K64F12\debug\libksdk_platform.a(fsl_dspi_slave_driver.o)
 .text.DSPI_DRV_SlaveIRQHandler
                0x00005aec      0x108 C:\Freescale\KSDK_1.2.0\lib\ksdk_platform_lib\kds\K64F12\debug\libksdk_platform.a(fsl_dspi_slave_driver.o)
                0x00005aec                DSPI_DRV_SlaveIRQHandler
 .text.ADC16_HAL_Init
                0x00005bf4       0x10 C:\Freescale\KSDK_1.2.0\lib\ksdk_platform_lib\kds\K64F12\debug\libksdk_platform.a(fsl_adc16_hal.o)
                0x00005bf4                ADC16_HAL_Init
 .text.ADC16_HAL_GetAutoPlusSideGainValue
                0x00005c04       0x34 C:\Freescale\KSDK_1.2.0\lib\ksdk_platform_lib\kds\K64F12\debug\libksdk_platform.a(fsl_adc16_hal.o)
                0x00005c04                ADC16_HAL_GetAutoPlusSideGainValue
 .text.ADC16_HAL_GetAutoMinusSideGainValue
                0x00005c38       0x34 C:\Freescale\KSDK_1.2.0\lib\ksdk_platform_lib\kds\K64F12\debug\libksdk_platform.a(fsl_adc16_hal.o)
                0x00005c38                ADC16_HAL_GetAutoMinusSideGainValue
 .text.ADC16_HAL_ConfigChn
                0x00005c6c       0x40 C:\Freescale\KSDK_1.2.0\lib\ksdk_platform_lib\kds\K64F12\debug\libksdk_platform.a(fsl_adc16_hal.o)
                0x00005c6c                ADC16_HAL_ConfigChn
 .text.ADC16_HAL_ConfigConverter
                0x00005cac       0x92 C:\Freescale\KSDK_1.2.0\lib\ksdk_platform_lib\kds\K64F12\debug\libksdk_platform.a(fsl_adc16_hal.o)
                0x00005cac                ADC16_HAL_ConfigConverter
 .text.ADC16_HAL_ConfigHwAverage
                0x00005d3e       0x1c C:\Freescale\KSDK_1.2.0\lib\ksdk_platform_lib\kds\K64F12\debug\libksdk_platform.a(fsl_adc16_hal.o)
                0x00005d3e                ADC16_HAL_ConfigHwAverage
 *fill*         0x00005d5a        0x2 
 .text.__assert_func
                0x00005d5c       0x38 c:/freescale/kds_3.0.0/toolchain/bin/../lib/gcc/arm-none-eabi/4.8.4/../../../../arm-none-eabi/lib/armv7e-m/fpu\libg_s.a(lib_a-assert.o)
                0x00005d5c                __assert_func
 .text.exit     0x00005d94       0x28 c:/freescale/kds_3.0.0/toolchain/bin/../lib/gcc/arm-none-eabi/4.8.4/../../../../arm-none-eabi/lib/armv7e-m/fpu\libg_s.a(lib_a-exit.o)
                0x00005d94                exit
 .text.fprintf  0x00005dbc       0x24 c:/freescale/kds_3.0.0/toolchain/bin/../lib/gcc/arm-none-eabi/4.8.4/../../../../arm-none-eabi/lib/armv7e-m/fpu\libg_s.a(lib_a-fprintf.o)
                0x00005dbc                fiprintf
                0x00005dbc                fprintf
 .text.__libc_init_array
                0x00005de0       0x4c c:/freescale/kds_3.0.0/toolchain/bin/../lib/gcc/arm-none-eabi/4.8.4/../../../../arm-none-eabi/lib/armv7e-m/fpu\libg_s.a(lib_a-init.o)
                0x00005de0                __libc_init_array
 .text.memcpy   0x00005e2c       0x12 c:/freescale/kds_3.0.0/toolchain/bin/../lib/gcc/arm-none-eabi/4.8.4/../../../../arm-none-eabi/lib/armv7e-m/fpu\libg_s.a(lib_a-memcpy-stub.o)
                0x00005e2c                memcpy
 .text.memset   0x00005e3e       0x10 c:/freescale/kds_3.0.0/toolchain/bin/../lib/gcc/arm-none-eabi/4.8.4/../../../../arm-none-eabi/lib/armv7e-m/fpu\libg_s.a(lib_a-memset.o)
                0x00005e3e                memset
 *fill*         0x00005e4e        0x2 
 .text._free_r  0x00005e50       0x88 c:/freescale/kds_3.0.0/toolchain/bin/../lib/gcc/arm-none-eabi/4.8.4/../../../../arm-none-eabi/lib/armv7e-m/fpu\libg_s.a(lib_a-nano-freer.o)
                0x00005e50                _free_r
 .text._malloc_r
                0x00005ed8       0xa8 c:/freescale/kds_3.0.0/toolchain/bin/../lib/gcc/arm-none-eabi/4.8.4/../../../../arm-none-eabi/lib/armv7e-m/fpu\libg_s.a(lib_a-nano-mallocr.o)
                0x00005ed8                _malloc_r
 .text.printf   0x00005f80       0x30 c:/freescale/kds_3.0.0/toolchain/bin/../lib/gcc/arm-none-eabi/4.8.4/../../../../arm-none-eabi/lib/armv7e-m/fpu\libg_s.a(lib_a-printf.o)
                0x00005f80                iprintf
                0x00005f80                printf
 .text._puts_r  0x00005fb0       0xc0 c:/freescale/kds_3.0.0/toolchain/bin/../lib/gcc/arm-none-eabi/4.8.4/../../../../arm-none-eabi/lib/armv7e-m/fpu\libg_s.a(lib_a-puts.o)
                0x00005fb0                _puts_r
 .text.puts     0x00006070       0x10 c:/freescale/kds_3.0.0/toolchain/bin/../lib/gcc/arm-none-eabi/4.8.4/../../../../arm-none-eabi/lib/armv7e-m/fpu\libg_s.a(lib_a-puts.o)
                0x00006070                puts
 .text._sbrk_r  0x00006080       0x20 c:/freescale/kds_3.0.0/toolchain/bin/../lib/gcc/arm-none-eabi/4.8.4/../../../../arm-none-eabi/lib/armv7e-m/fpu\libg_s.a(lib_a-sbrkr.o)
                0x00006080                _sbrk_r
 .text.strlen   0x000060a0       0x10 c:/freescale/kds_3.0.0/toolchain/bin/../lib/gcc/arm-none-eabi/4.8.4/../../../../arm-none-eabi/lib/armv7e-m/fpu\libg_s.a(lib_a-strlen.o)
                0x000060a0                strlen
 .text.__sfputc_r
                0x000060b0       0x2c c:/freescale/kds_3.0.0/toolchain/bin/../lib/gcc/arm-none-eabi/4.8.4/../../../../arm-none-eabi/lib/armv7e-m/fpu\libg_s.a(lib_a-vfprintf.o)
 .text.__sfputs_r
                0x000060dc       0x24 c:/freescale/kds_3.0.0/toolchain/bin/../lib/gcc/arm-none-eabi/4.8.4/../../../../arm-none-eabi/lib/armv7e-m/fpu\libg_s.a(lib_a-vfprintf.o)
                0x000060dc                __sfputs_r
 .text._vfprintf_r
                0x00006100      0x208 c:/freescale/kds_3.0.0/toolchain/bin/../lib/gcc/arm-none-eabi/4.8.4/../../../../arm-none-eabi/lib/armv7e-m/fpu\libg_s.a(lib_a-vfprintf.o)
                0x00006100                _vfprintf_r
                0x00006100                _vfiprintf_r
 .text._printf_common
                0x00006308       0xe4 c:/freescale/kds_3.0.0/toolchain/bin/../lib/gcc/arm-none-eabi/4.8.4/../../../../arm-none-eabi/lib/armv7e-m/fpu\libg_s.a(lib_a-vfprintf_i.o)
                0x00006308                _printf_common
 .text._printf_i
                0x000063ec      0x228 c:/freescale/kds_3.0.0/toolchain/bin/../lib/gcc/arm-none-eabi/4.8.4/../../../../arm-none-eabi/lib/armv7e-m/fpu\libg_s.a(lib_a-vfprintf_i.o)
                0x000063ec                _printf_i
 .text.__swbuf_r
                0x00006614       0xa8 c:/freescale/kds_3.0.0/toolchain/bin/../lib/gcc/arm-none-eabi/4.8.4/../../../../arm-none-eabi/lib/armv7e-m/fpu\libg_s.a(lib_a-wbuf.o)
                0x00006614                __swbuf_r
 .text.__swsetup_r
                0x000066bc       0xdc c:/freescale/kds_3.0.0/toolchain/bin/../lib/gcc/arm-none-eabi/4.8.4/../../../../arm-none-eabi/lib/armv7e-m/fpu\libg_s.a(lib_a-wsetup.o)
                0x000066bc                __swsetup_r
 .text.abort    0x00006798        0xe c:/freescale/kds_3.0.0/toolchain/bin/../lib/gcc/arm-none-eabi/4.8.4/../../../../arm-none-eabi/lib/armv7e-m/fpu\libg_s.a(lib_a-abort.o)
                0x00006798                abort
 .text.__sflush_r
                0x000067a6      0x106 c:/freescale/kds_3.0.0/toolchain/bin/../lib/gcc/arm-none-eabi/4.8.4/../../../../arm-none-eabi/lib/armv7e-m/fpu\libg_s.a(lib_a-fflush.o)
                0x000067a6                __sflush_r
 .text._fflush_r
                0x000068ac       0x54 c:/freescale/kds_3.0.0/toolchain/bin/../lib/gcc/arm-none-eabi/4.8.4/../../../../arm-none-eabi/lib/armv7e-m/fpu\libg_s.a(lib_a-fflush.o)
                0x000068ac                _fflush_r
 .text._cleanup_r
                0x00006900       0x32 c:/freescale/kds_3.0.0/toolchain/bin/../lib/gcc/arm-none-eabi/4.8.4/../../../../arm-none-eabi/lib/armv7e-m/fpu\libg_s.a(lib_a-findfp.o)
                0x00006900                _cleanup_r
 *fill*         0x00006932        0x2 
 .text.std.isra.0
                0x00006934       0x48 c:/freescale/kds_3.0.0/toolchain/bin/../lib/gcc/arm-none-eabi/4.8.4/../../../../arm-none-eabi/lib/armv7e-m/fpu\libg_s.a(lib_a-findfp.o)
 .text.__sfmoreglue
                0x0000697c       0x2c c:/freescale/kds_3.0.0/toolchain/bin/../lib/gcc/arm-none-eabi/4.8.4/../../../../arm-none-eabi/lib/armv7e-m/fpu\libg_s.a(lib_a-findfp.o)
                0x0000697c                __sfmoreglue
 .text.__sinit  0x000069a8       0x60 c:/freescale/kds_3.0.0/toolchain/bin/../lib/gcc/arm-none-eabi/4.8.4/../../../../arm-none-eabi/lib/armv7e-m/fpu\libg_s.a(lib_a-findfp.o)
                0x000069a8                __sinit
 .text.__sfp    0x00006a08       0x74 c:/freescale/kds_3.0.0/toolchain/bin/../lib/gcc/arm-none-eabi/4.8.4/../../../../arm-none-eabi/lib/armv7e-m/fpu\libg_s.a(lib_a-findfp.o)
                0x00006a08                __sfp
 .text.__smakebuf_r
                0x00006a7c       0x9c c:/freescale/kds_3.0.0/toolchain/bin/../lib/gcc/arm-none-eabi/4.8.4/../../../../arm-none-eabi/lib/armv7e-m/fpu\libg_s.a(lib_a-makebuf.o)
                0x00006a7c                __smakebuf_r
 .text.memchr   0x00006b18       0x1e c:/freescale/kds_3.0.0/toolchain/bin/../lib/gcc/arm-none-eabi/4.8.4/../../../../arm-none-eabi/lib/armv7e-m/fpu\libg_s.a(lib_a-memchr-stub.o)
                0x00006b18                memchr
 .text._raise_r
                0x00006b36       0x50 c:/freescale/kds_3.0.0/toolchain/bin/../lib/gcc/arm-none-eabi/4.8.4/../../../../arm-none-eabi/lib/armv7e-m/fpu\libg_s.a(lib_a-signal.o)
                0x00006b36                _raise_r
 *fill*         0x00006b86        0x2 
 .text.raise    0x00006b88       0x10 c:/freescale/kds_3.0.0/toolchain/bin/../lib/gcc/arm-none-eabi/4.8.4/../../../../arm-none-eabi/lib/armv7e-m/fpu\libg_s.a(lib_a-signal.o)
                0x00006b88                raise
 .text._kill_r  0x00006b98       0x24 c:/freescale/kds_3.0.0/toolchain/bin/../lib/gcc/arm-none-eabi/4.8.4/../../../../arm-none-eabi/lib/armv7e-m/fpu\libg_s.a(lib_a-signalr.o)
                0x00006b98                _kill_r
 .text._getpid_r
                0x00006bbc        0x4 c:/freescale/kds_3.0.0/toolchain/bin/../lib/gcc/arm-none-eabi/4.8.4/../../../../arm-none-eabi/lib/armv7e-m/fpu\libg_s.a(lib_a-signalr.o)
                0x00006bbc                _getpid_r
 .text.__sread  0x00006bc0       0x22 c:/freescale/kds_3.0.0/toolchain/bin/../lib/gcc/arm-none-eabi/4.8.4/../../../../arm-none-eabi/lib/armv7e-m/fpu\libg_s.a(lib_a-stdio.o)
                0x00006bc0                __sread
 .text.__swrite
                0x00006be2       0x38 c:/freescale/kds_3.0.0/toolchain/bin/../lib/gcc/arm-none-eabi/4.8.4/../../../../arm-none-eabi/lib/armv7e-m/fpu\libg_s.a(lib_a-stdio.o)
                0x00006be2                __swrite
 .text.__sseek  0x00006c1a       0x24 c:/freescale/kds_3.0.0/toolchain/bin/../lib/gcc/arm-none-eabi/4.8.4/../../../../arm-none-eabi/lib/armv7e-m/fpu\libg_s.a(lib_a-stdio.o)
                0x00006c1a                __sseek
 .text.__sclose
                0x00006c3e        0x8 c:/freescale/kds_3.0.0/toolchain/bin/../lib/gcc/arm-none-eabi/4.8.4/../../../../arm-none-eabi/lib/armv7e-m/fpu\libg_s.a(lib_a-stdio.o)
                0x00006c3e                __sclose
 *fill*         0x00006c46        0x2 
 .text._write_r
                0x00006c48       0x24 c:/freescale/kds_3.0.0/toolchain/bin/../lib/gcc/arm-none-eabi/4.8.4/../../../../arm-none-eabi/lib/armv7e-m/fpu\libg_s.a(lib_a-writer.o)
                0x00006c48                _write_r
 .text._close_r
                0x00006c6c       0x20 c:/freescale/kds_3.0.0/toolchain/bin/../lib/gcc/arm-none-eabi/4.8.4/../../../../arm-none-eabi/lib/armv7e-m/fpu\libg_s.a(lib_a-closer.o)
                0x00006c6c                _close_r
 .text._fstat_r
                0x00006c8c       0x24 c:/freescale/kds_3.0.0/toolchain/bin/../lib/gcc/arm-none-eabi/4.8.4/../../../../arm-none-eabi/lib/armv7e-m/fpu\libg_s.a(lib_a-fstatr.o)
                0x00006c8c                _fstat_r
 .text._isatty_r
                0x00006cb0       0x20 c:/freescale/kds_3.0.0/toolchain/bin/../lib/gcc/arm-none-eabi/4.8.4/../../../../arm-none-eabi/lib/armv7e-m/fpu\libg_s.a(lib_a-isattyr.o)
                0x00006cb0                _isatty_r
 .text._lseek_r
                0x00006cd0       0x24 c:/freescale/kds_3.0.0/toolchain/bin/../lib/gcc/arm-none-eabi/4.8.4/../../../../arm-none-eabi/lib/armv7e-m/fpu\libg_s.a(lib_a-lseekr.o)
                0x00006cd0                _lseek_r
 .text._read_r  0x00006cf4       0x24 c:/freescale/kds_3.0.0/toolchain/bin/../lib/gcc/arm-none-eabi/4.8.4/../../../../arm-none-eabi/lib/armv7e-m/fpu\libg_s.a(lib_a-readr.o)
                0x00006cf4                _read_r
 .text._close   0x00006d18       0x10 c:/freescale/kds_3.0.0/toolchain/bin/../lib/gcc/arm-none-eabi/4.8.4/../../../../arm-none-eabi/lib/armv7e-m/fpu\libnosys.a(close.o)
                0x00006d18                _close
 .text._fstat   0x00006d28       0x10 c:/freescale/kds_3.0.0/toolchain/bin/../lib/gcc/arm-none-eabi/4.8.4/../../../../arm-none-eabi/lib/armv7e-m/fpu\libnosys.a(fstat.o)
                0x00006d28                _fstat
 .text._getpid  0x00006d38       0x10 c:/freescale/kds_3.0.0/toolchain/bin/../lib/gcc/arm-none-eabi/4.8.4/../../../../arm-none-eabi/lib/armv7e-m/fpu\libnosys.a(getpid.o)
                0x00006d38                _getpid
 .text._isatty  0x00006d48       0x10 c:/freescale/kds_3.0.0/toolchain/bin/../lib/gcc/arm-none-eabi/4.8.4/../../../../arm-none-eabi/lib/armv7e-m/fpu\libnosys.a(isatty.o)
                0x00006d48                _isatty
 .text._kill    0x00006d58       0x10 c:/freescale/kds_3.0.0/toolchain/bin/../lib/gcc/arm-none-eabi/4.8.4/../../../../arm-none-eabi/lib/armv7e-m/fpu\libnosys.a(kill.o)
                0x00006d58                _kill
 .text._lseek   0x00006d68       0x10 c:/freescale/kds_3.0.0/toolchain/bin/../lib/gcc/arm-none-eabi/4.8.4/../../../../arm-none-eabi/lib/armv7e-m/fpu\libnosys.a(lseek.o)
                0x00006d68                _lseek
 .text._sbrk    0x00006d78       0x34 c:/freescale/kds_3.0.0/toolchain/bin/../lib/gcc/arm-none-eabi/4.8.4/../../../../arm-none-eabi/lib/armv7e-m/fpu\libnosys.a(sbrk.o)
                0x00006d78                _sbrk
 .text._exit    0x00006dac        0x4 c:/freescale/kds_3.0.0/toolchain/bin/../lib/gcc/arm-none-eabi/4.8.4/../../../../arm-none-eabi/lib/armv7e-m/fpu\libnosys.a(_exit.o)
                0x00006dac                _exit
 *(.rodata)
 .rodata        0x00006db0       0x18 ./Sources/Utilities/fsl_debug_console.o
 .rodata        0x00006dc8       0xa4 ./Sources/Test/test_spi_functions.o
 .rodata        0x00006e6c       0xf4 ./Sources/Spi/spi.o
 .rodata        0x00006f60       0x60 ./Sources/Interrupt/fsl_irq.o
 .rodata        0x00006fc0      0x338 ./Sources/Flexcan/flexcan.o
 .rodata        0x000072f8       0x50 ./Sources/Board/board.o
 .rodata        0x00007348       0x44 ./Sources/Board/pin_mux.o
 .rodata        0x0000738c       0x74 ./Sources/main.o
 *(.rodata*)
 .rodata.__func__.9735
                0x00007400       0x18 ./Sources/Interrupt/fsl_irq.o
 .rodata.g_defaultClockConfigRun
                0x00007418       0x18 ./Sources/Board/board.o
                0x00007418                g_defaultClockConfigRun
 .rodata.__func__.6253
                0x00007430       0x14 ./Sources/Board/board.o
 .rodata.ledPins
                0x00007444       0x30 ./Sources/Board/gpio_pins.o
                0x00007444                ledPins
 .rodata.gpioPins
                0x00007474       0x30 ./Sources/Board/gpio_pins.o
                0x00007474                gpioPins
 .rodata.__func__.6221
                0x000074a4       0x14 ./Sources/Board/pin_mux.o
 .rodata.__func__.6209
                0x000074b8       0x1c ./Sources/Board/pin_mux.o
 .rodata.__func__.8649
                0x000074d4       0x1d C:\Freescale\KSDK_1.2.0\lib\ksdk_platform_lib\kds\K64F12\debug\libksdk_platform.a(fsl_uart_driver.o)
 .rodata.str1.1
                0x000074f1      0x11a C:\Freescale\KSDK_1.2.0\lib\ksdk_platform_lib\kds\K64F12\debug\libksdk_platform.a(fsl_uart_driver.o)
 .rodata.__func__.8635
                0x0000760b       0x1a C:\Freescale\KSDK_1.2.0\lib\ksdk_platform_lib\kds\K64F12\debug\libksdk_platform.a(fsl_uart_driver.o)
 .rodata.__func__.6601
                0x00007625       0x1d C:\Freescale\KSDK_1.2.0\lib\ksdk_platform_lib\kds\K64F12\debug\libksdk_platform.a(fsl_sim_hal_MK64F12.o)
 .rodata.str1.1
                0x00007642       0xe1 C:\Freescale\KSDK_1.2.0\lib\ksdk_platform_lib\kds\K64F12\debug\libksdk_platform.a(fsl_sim_hal_MK64F12.o)
 .rodata.__func__.6581
                0x00007723       0x24 C:\Freescale\KSDK_1.2.0\lib\ksdk_platform_lib\kds\K64F12\debug\libksdk_platform.a(fsl_sim_hal_MK64F12.o)
 .rodata.__func__.6621
                0x00007747       0x1a C:\Freescale\KSDK_1.2.0\lib\ksdk_platform_lib\kds\K64F12\debug\libksdk_platform.a(fsl_sim_hal_MK64F12.o)
 .rodata.g_pitIrqId
                0x00007761        0x4 C:\Freescale\KSDK_1.2.0\lib\ksdk_platform_lib\kds\K64F12\debug\libksdk_platform.a(fsl_pit_common.o)
                0x00007761                g_pitIrqId
 *fill*         0x00007765        0x3 
 .rodata.g_pitBase
                0x00007768        0x4 C:\Freescale\KSDK_1.2.0\lib\ksdk_platform_lib\kds\K64F12\debug\libksdk_platform.a(fsl_pit_common.o)
                0x00007768                g_pitBase
 .rodata.__func__.7779
                0x0000776c       0x1b C:\Freescale\KSDK_1.2.0\lib\ksdk_platform_lib\kds\K64F12\debug\libksdk_platform.a(fsl_pit_driver.o)
 .rodata.__func__.7744
                0x00007787        0xd C:\Freescale\KSDK_1.2.0\lib\ksdk_platform_lib\kds\K64F12\debug\libksdk_platform.a(fsl_pit_driver.o)
 .rodata.__func__.7751
                0x00007794       0x14 C:\Freescale\KSDK_1.2.0\lib\ksdk_platform_lib\kds\K64F12\debug\libksdk_platform.a(fsl_pit_driver.o)
 .rodata.__func__.7766
                0x000077a8       0x13 C:\Freescale\KSDK_1.2.0\lib\ksdk_platform_lib\kds\K64F12\debug\libksdk_platform.a(fsl_pit_driver.o)
 .rodata.__func__.6051
                0x000077bb       0x13 C:\Freescale\KSDK_1.2.0\lib\ksdk_platform_lib\kds\K64F12\debug\libksdk_platform.a(fsl_pit_driver.o)
 .rodata.__func__.6067
                0x000077ce       0x1e C:\Freescale\KSDK_1.2.0\lib\ksdk_platform_lib\kds\K64F12\debug\libksdk_platform.a(fsl_pit_driver.o)
 .rodata.str1.1
                0x000077ec       0xc1 C:\Freescale\KSDK_1.2.0\lib\ksdk_platform_lib\kds\K64F12\debug\libksdk_platform.a(fsl_pit_driver.o)
                                0x136 (size before relaxing)
 .rodata.__func__.7728
                0x000078ad       0x12 C:\Freescale\KSDK_1.2.0\lib\ksdk_platform_lib\kds\K64F12\debug\libksdk_platform.a(fsl_pit_driver.o)
 .rodata.__func__.6083
                0x000078bf       0x12 C:\Freescale\KSDK_1.2.0\lib\ksdk_platform_lib\kds\K64F12\debug\libksdk_platform.a(fsl_pit_driver.o)
 .rodata.__func__.8001
                0x000078d1       0x15 C:\Freescale\KSDK_1.2.0\lib\ksdk_platform_lib\kds\K64F12\debug\libksdk_platform.a(fsl_lptmr_driver.o)
 .rodata.str1.1
                0x000078e6       0xa6 C:\Freescale\KSDK_1.2.0\lib\ksdk_platform_lib\kds\K64F12\debug\libksdk_platform.a(fsl_lptmr_driver.o)
                                0x11b (size before relaxing)
 .rodata.__func__.8264
                0x0000798c       0x13 C:\Freescale\KSDK_1.2.0\lib\ksdk_platform_lib\kds\K64F12\debug\libksdk_platform.a(fsl_i2c_master_driver.o)
 .rodata.__func__.8386
                0x0000799f       0x13 C:\Freescale\KSDK_1.2.0\lib\ksdk_platform_lib\kds\K64F12\debug\libksdk_platform.a(fsl_i2c_master_driver.o)
 .rodata.__func__.8276
                0x000079b2       0x1a C:\Freescale\KSDK_1.2.0\lib\ksdk_platform_lib\kds\K64F12\debug\libksdk_platform.a(fsl_i2c_master_driver.o)
 .rodata.__func__.8221
                0x000079cc       0x12 C:\Freescale\KSDK_1.2.0\lib\ksdk_platform_lib\kds\K64F12\debug\libksdk_platform.a(fsl_i2c_master_driver.o)
 .rodata.__func__.8335
                0x000079de       0x19 C:\Freescale\KSDK_1.2.0\lib\ksdk_platform_lib\kds\K64F12\debug\libksdk_platform.a(fsl_i2c_master_driver.o)
 .rodata.str1.1
                0x000079f7       0x75 C:\Freescale\KSDK_1.2.0\lib\ksdk_platform_lib\kds\K64F12\debug\libksdk_platform.a(fsl_i2c_master_driver.o)
                                 0xf8 (size before relaxing)
 .rodata.__func__.8399
                0x00007a6c       0x16 C:\Freescale\KSDK_1.2.0\lib\ksdk_platform_lib\kds\K64F12\debug\libksdk_platform.a(fsl_i2c_master_driver.o)
 .rodata.__func__.8347
                0x00007a82       0x13 C:\Freescale\KSDK_1.2.0\lib\ksdk_platform_lib\kds\K64F12\debug\libksdk_platform.a(fsl_i2c_master_driver.o)
 .rodata.__func__.8355
                0x00007a95       0x19 C:\Freescale\KSDK_1.2.0\lib\ksdk_platform_lib\kds\K64F12\debug\libksdk_platform.a(fsl_i2c_master_driver.o)
 .rodata.__func__.8366
                0x00007aae       0x14 C:\Freescale\KSDK_1.2.0\lib\ksdk_platform_lib\kds\K64F12\debug\libksdk_platform.a(fsl_i2c_master_driver.o)
 .rodata.g_i2cIrqId
                0x00007ac2        0x3 C:\Freescale\KSDK_1.2.0\lib\ksdk_platform_lib\kds\K64F12\debug\libksdk_platform.a(fsl_i2c_common.o)
                0x00007ac2                g_i2cIrqId
 *fill*         0x00007ac5        0x3 
 .rodata.g_i2cBase
                0x00007ac8        0xc C:\Freescale\KSDK_1.2.0\lib\ksdk_platform_lib\kds\K64F12\debug\libksdk_platform.a(fsl_i2c_common.o)
                0x00007ac8                g_i2cBase
 .rodata.str1.1
                0x00007ad4       0x4b C:\Freescale\KSDK_1.2.0\lib\ksdk_platform_lib\kds\K64F12\debug\libksdk_platform.a(fsl_i2c_shared_function.o)
                                 0x69 (size before relaxing)
 .rodata.__func__.6242
                0x00007b1f       0x13 C:\Freescale\KSDK_1.2.0\lib\ksdk_platform_lib\kds\K64F12\debug\libksdk_platform.a(fsl_i2c_shared_function.o)
 .rodata.__func__.6154
                0x00007b32       0x19 C:\Freescale\KSDK_1.2.0\lib\ksdk_platform_lib\kds\K64F12\debug\libksdk_platform.a(fsl_gpio_driver.o)
 .rodata.__func__.6105
                0x00007b4b       0x14 C:\Freescale\KSDK_1.2.0\lib\ksdk_platform_lib\kds\K64F12\debug\libksdk_platform.a(fsl_gpio_driver.o)
 .rodata.__func__.6213
                0x00007b5f       0x19 C:\Freescale\KSDK_1.2.0\lib\ksdk_platform_lib\kds\K64F12\debug\libksdk_platform.a(fsl_gpio_driver.o)
 .rodata.str1.1
                0x00007b78       0x71 C:\Freescale\KSDK_1.2.0\lib\ksdk_platform_lib\kds\K64F12\debug\libksdk_platform.a(fsl_gpio_driver.o)
                                 0xe6 (size before relaxing)
 .rodata.__func__.7870
                0x00007be9       0x12 C:\Freescale\KSDK_1.2.0\lib\ksdk_platform_lib\kds\K64F12\debug\libksdk_platform.a(fsl_gpio_driver.o)
 .rodata.g_flexcanBusOffIrqId
                0x00007bfb        0x1 C:\Freescale\KSDK_1.2.0\lib\ksdk_platform_lib\kds\K64F12\debug\libksdk_platform.a(fsl_flexcan_common.o)
                0x00007bfb                g_flexcanBusOffIrqId
 .rodata.g_flexcanErrorIrqId
                0x00007bfc        0x1 C:\Freescale\KSDK_1.2.0\lib\ksdk_platform_lib\kds\K64F12\debug\libksdk_platform.a(fsl_flexcan_common.o)
                0x00007bfc                g_flexcanErrorIrqId
 .rodata.g_flexcanOredMessageBufferIrqId
                0x00007bfd        0x1 C:\Freescale\KSDK_1.2.0\lib\ksdk_platform_lib\kds\K64F12\debug\libksdk_platform.a(fsl_flexcan_common.o)
                0x00007bfd                g_flexcanOredMessageBufferIrqId
 *fill*         0x00007bfe        0x2 
 .rodata.g_flexcanBase
                0x00007c00        0x4 C:\Freescale\KSDK_1.2.0\lib\ksdk_platform_lib\kds\K64F12\debug\libksdk_platform.a(fsl_flexcan_common.o)
                0x00007c00                g_flexcanBase
 .rodata.g_flexcanWakeUpIrqId
                0x00007c04        0x1 C:\Freescale\KSDK_1.2.0\lib\ksdk_platform_lib\kds\K64F12\debug\libksdk_platform.a(fsl_flexcan_common.o)
                0x00007c04                g_flexcanWakeUpIrqId
 .rodata.__func__.8152
                0x00007c05       0x17 C:\Freescale\KSDK_1.2.0\lib\ksdk_platform_lib\kds\K64F12\debug\libksdk_platform.a(fsl_flexcan_driver.o)
 .rodata.__func__.8162
                0x00007c1c       0x1a C:\Freescale\KSDK_1.2.0\lib\ksdk_platform_lib\kds\K64F12\debug\libksdk_platform.a(fsl_flexcan_driver.o)
 .rodata.str1.1
                0x00007c36       0x73 C:\Freescale\KSDK_1.2.0\lib\ksdk_platform_lib\kds\K64F12\debug\libksdk_platform.a(fsl_flexcan_driver.o)
                                 0xe8 (size before relaxing)
 .rodata.__func__.8351
                0x00007ca9       0x1d C:\Freescale\KSDK_1.2.0\lib\ksdk_platform_lib\kds\K64F12\debug\libksdk_platform.a(fsl_flexcan_driver.o)
 .rodata.__func__.8175
                0x00007cc6       0x1e C:\Freescale\KSDK_1.2.0\lib\ksdk_platform_lib\kds\K64F12\debug\libksdk_platform.a(fsl_flexcan_driver.o)
 .rodata.__func__.8357
                0x00007ce4       0x28 C:\Freescale\KSDK_1.2.0\lib\ksdk_platform_lib\kds\K64F12\debug\libksdk_platform.a(fsl_flexcan_driver.o)
 .rodata.__func__.8363
                0x00007d0c       0x26 C:\Freescale\KSDK_1.2.0\lib\ksdk_platform_lib\kds\K64F12\debug\libksdk_platform.a(fsl_flexcan_driver.o)
 .rodata.__func__.8183
                0x00007d32       0x20 C:\Freescale\KSDK_1.2.0\lib\ksdk_platform_lib\kds\K64F12\debug\libksdk_platform.a(fsl_flexcan_driver.o)
 .rodata.__func__.8190
                0x00007d52       0x11 C:\Freescale\KSDK_1.2.0\lib\ksdk_platform_lib\kds\K64F12\debug\libksdk_platform.a(fsl_flexcan_driver.o)
 .rodata.__func__.8235
                0x00007d63       0x17 C:\Freescale\KSDK_1.2.0\lib\ksdk_platform_lib\kds\K64F12\debug\libksdk_platform.a(fsl_flexcan_driver.o)
 .rodata.__func__.8119
                0x00007d7a       0x12 C:\Freescale\KSDK_1.2.0\lib\ksdk_platform_lib\kds\K64F12\debug\libksdk_platform.a(fsl_flexcan_driver.o)
 .rodata.__func__.8268
                0x00007d8c       0x1c C:\Freescale\KSDK_1.2.0\lib\ksdk_platform_lib\kds\K64F12\debug\libksdk_platform.a(fsl_dspi_master_driver.o)
 .rodata.__func__.8223
                0x00007da8       0x12 C:\Freescale\KSDK_1.2.0\lib\ksdk_platform_lib\kds\K64F12\debug\libksdk_platform.a(fsl_dspi_master_driver.o)
 .rodata.str1.1
                0x00007dba       0x4b C:\Freescale\KSDK_1.2.0\lib\ksdk_platform_lib\kds\K64F12\debug\libksdk_platform.a(fsl_dspi_master_driver.o)
                                 0xc7 (size before relaxing)
 *fill*         0x00007e05        0x3 
 .rodata.g_dspiFifoSize
                0x00007e08        0xc C:\Freescale\KSDK_1.2.0\lib\ksdk_platform_lib\kds\K64F12\debug\libksdk_platform.a(fsl_dspi_common.o)
                0x00007e08                g_dspiFifoSize
 .rodata.g_dspiIrqId
                0x00007e14        0x3 C:\Freescale\KSDK_1.2.0\lib\ksdk_platform_lib\kds\K64F12\debug\libksdk_platform.a(fsl_dspi_common.o)
                0x00007e14                g_dspiIrqId
 *fill*         0x00007e17        0x1 
 .rodata.g_dspiBase
                0x00007e18        0xc C:\Freescale\KSDK_1.2.0\lib\ksdk_platform_lib\kds\K64F12\debug\libksdk_platform.a(fsl_dspi_common.o)
                0x00007e18                g_dspiBase
 .rodata.__func__.6274
                0x00007e24       0x14 C:\Freescale\KSDK_1.2.0\lib\ksdk_platform_lib\kds\K64F12\debug\libksdk_platform.a(fsl_dspi_shared_function.o)
 .rodata.str1.1
                0x00007e38       0x6b C:\Freescale\KSDK_1.2.0\lib\ksdk_platform_lib\kds\K64F12\debug\libksdk_platform.a(fsl_dspi_shared_function.o)
 .rodata.__func__.7832
                0x00007ea3       0x1a C:\Freescale\KSDK_1.2.0\lib\ksdk_platform_lib\kds\K64F12\debug\libksdk_platform.a(fsl_clock_MK64F12.o)
 .rodata.uartGateTable
                0x00007ebd        0x6 C:\Freescale\KSDK_1.2.0\lib\ksdk_platform_lib\kds\K64F12\debug\libksdk_platform.a(fsl_clock_MK64F12.o)
 .rodata.__func__.7819
                0x00007ec3       0x19 C:\Freescale\KSDK_1.2.0\lib\ksdk_platform_lib\kds\K64F12\debug\libksdk_platform.a(fsl_clock_MK64F12.o)
 .rodata.spiGateTable
                0x00007edc        0x3 C:\Freescale\KSDK_1.2.0\lib\ksdk_platform_lib\kds\K64F12\debug\libksdk_platform.a(fsl_clock_MK64F12.o)
 .rodata.i2cGateTable
                0x00007edf        0x3 C:\Freescale\KSDK_1.2.0\lib\ksdk_platform_lib\kds\K64F12\debug\libksdk_platform.a(fsl_clock_MK64F12.o)
 .rodata.__func__.7754
                0x00007ee2       0x1a C:\Freescale\KSDK_1.2.0\lib\ksdk_platform_lib\kds\K64F12\debug\libksdk_platform.a(fsl_clock_MK64F12.o)
 .rodata.str1.1
                0x00007efc      0x1e9 C:\Freescale\KSDK_1.2.0\lib\ksdk_platform_lib\kds\K64F12\debug\libksdk_platform.a(fsl_clock_MK64F12.o)
 .rodata.__func__.7806
                0x000080e5       0x19 C:\Freescale\KSDK_1.2.0\lib\ksdk_platform_lib\kds\K64F12\debug\libksdk_platform.a(fsl_clock_MK64F12.o)
 .rodata.portGateTable
                0x000080fe        0x5 C:\Freescale\KSDK_1.2.0\lib\ksdk_platform_lib\kds\K64F12\debug\libksdk_platform.a(fsl_clock_MK64F12.o)
 .rodata.__func__.7599
                0x00008103       0x1b C:\Freescale\KSDK_1.2.0\lib\ksdk_platform_lib\kds\K64F12\debug\libksdk_platform.a(fsl_clock_MK64F12.o)
 .rodata.adcGateTable
                0x0000811e        0x2 C:\Freescale\KSDK_1.2.0\lib\ksdk_platform_lib\kds\K64F12\debug\libksdk_platform.a(fsl_clock_MK64F12.o)
 .rodata.__func__.7767
                0x00008120       0x19 C:\Freescale\KSDK_1.2.0\lib\ksdk_platform_lib\kds\K64F12\debug\libksdk_platform.a(fsl_clock_MK64F12.o)
 .rodata.__func__.7985
                0x00008139       0x12 C:\Freescale\KSDK_1.2.0\lib\ksdk_platform_lib\kds\K64F12\debug\libksdk_platform.a(fsl_clock_manager.o)
 .rodata.__func__.8002
                0x0000814b       0x15 C:\Freescale\KSDK_1.2.0\lib\ksdk_platform_lib\kds\K64F12\debug\libksdk_platform.a(fsl_clock_manager.o)
 .rodata.str1.1
                0x00008160       0xaf C:\Freescale\KSDK_1.2.0\lib\ksdk_platform_lib\kds\K64F12\debug\libksdk_platform.a(fsl_clock_manager.o)
 *fill*         0x0000820f        0x1 
 .rodata.g_oscBase
                0x00008210        0x4 C:\Freescale\KSDK_1.2.0\lib\ksdk_platform_lib\kds\K64F12\debug\libksdk_platform.a(fsl_clock_manager_common.o)
                0x00008210                g_oscBase
 .rodata.__func__.7964
                0x00008214       0x15 C:\Freescale\KSDK_1.2.0\lib\ksdk_platform_lib\kds\K64F12\debug\libksdk_platform.a(fsl_adc16_driver.o)
 .rodata.__func__.7881
                0x00008229       0x1e C:\Freescale\KSDK_1.2.0\lib\ksdk_platform_lib\kds\K64F12\debug\libksdk_platform.a(fsl_adc16_driver.o)
 .rodata.__func__.7890
                0x00008247        0xf C:\Freescale\KSDK_1.2.0\lib\ksdk_platform_lib\kds\K64F12\debug\libksdk_platform.a(fsl_adc16_driver.o)
 .rodata.__func__.7941
                0x00008256       0x1a C:\Freescale\KSDK_1.2.0\lib\ksdk_platform_lib\kds\K64F12\debug\libksdk_platform.a(fsl_adc16_driver.o)
 .rodata.__func__.7926
                0x00008270       0x17 C:\Freescale\KSDK_1.2.0\lib\ksdk_platform_lib\kds\K64F12\debug\libksdk_platform.a(fsl_adc16_driver.o)
 .rodata.__func__.6174
                0x00008287       0x22 C:\Freescale\KSDK_1.2.0\lib\ksdk_platform_lib\kds\K64F12\debug\libksdk_platform.a(fsl_adc16_driver.o)
 .rodata.str1.1
                0x000082a9       0xac C:\Freescale\KSDK_1.2.0\lib\ksdk_platform_lib\kds\K64F12\debug\libksdk_platform.a(fsl_adc16_driver.o)
                                0x13f (size before relaxing)
 .rodata.__func__.6188
                0x00008355       0x1a C:\Freescale\KSDK_1.2.0\lib\ksdk_platform_lib\kds\K64F12\debug\libksdk_platform.a(fsl_adc16_driver.o)
 .rodata.__func__.7935
                0x0000836f       0x14 C:\Freescale\KSDK_1.2.0\lib\ksdk_platform_lib\kds\K64F12\debug\libksdk_platform.a(fsl_adc16_driver.o)
 .rodata.__func__.7858
                0x00008383       0x12 C:\Freescale\KSDK_1.2.0\lib\ksdk_platform_lib\kds\K64F12\debug\libksdk_platform.a(fsl_adc16_driver.o)
 .rodata.__func__.7920
                0x00008395       0x18 C:\Freescale\KSDK_1.2.0\lib\ksdk_platform_lib\kds\K64F12\debug\libksdk_platform.a(fsl_adc16_driver.o)
 .rodata.__func__.7871
                0x000083ad       0x22 C:\Freescale\KSDK_1.2.0\lib\ksdk_platform_lib\kds\K64F12\debug\libksdk_platform.a(fsl_adc16_driver.o)
 .rodata.__func__.7907
                0x000083cf       0x1a C:\Freescale\KSDK_1.2.0\lib\ksdk_platform_lib\kds\K64F12\debug\libksdk_platform.a(fsl_adc16_driver.o)
 .rodata.__func__.7889
                0x000083e9        0xd C:\Freescale\KSDK_1.2.0\lib\ksdk_platform_lib\kds\K64F12\debug\libksdk_platform.a(fsl_os_abstraction_bm.o)
 .rodata.__func__.7879
                0x000083f6        0xf C:\Freescale\KSDK_1.2.0\lib\ksdk_platform_lib\kds\K64F12\debug\libksdk_platform.a(fsl_os_abstraction_bm.o)
 .rodata.__func__.7885
                0x00008405        0xd C:\Freescale\KSDK_1.2.0\lib\ksdk_platform_lib\kds\K64F12\debug\libksdk_platform.a(fsl_os_abstraction_bm.o)
 .rodata.__func__.7935
                0x00008412        0xd C:\Freescale\KSDK_1.2.0\lib\ksdk_platform_lib\kds\K64F12\debug\libksdk_platform.a(fsl_os_abstraction_bm.o)
 .rodata.str1.1
                0x0000841f       0x6b C:\Freescale\KSDK_1.2.0\lib\ksdk_platform_lib\kds\K64F12\debug\libksdk_platform.a(fsl_os_abstraction_bm.o)
 *fill*         0x0000848a        0x2 
 .rodata.g_uartBase
                0x0000848c       0x18 C:\Freescale\KSDK_1.2.0\lib\ksdk_platform_lib\kds\K64F12\debug\libksdk_platform.a(fsl_uart_common.o)
                0x0000848c                g_uartBase
 .rodata.g_rtcBase
                0x000084a4        0x4 C:\Freescale\KSDK_1.2.0\lib\ksdk_platform_lib\kds\K64F12\debug\libksdk_platform.a(fsl_rtc_common.o)
                0x000084a4                g_rtcBase
 .rodata.fllFactorTable.6324
                0x000084a8       0x10 C:\Freescale\KSDK_1.2.0\lib\ksdk_platform_lib\kds\K64F12\debug\libksdk_platform.a(fsl_mcg_hal.o)
 .rodata.g_lptmrBase
                0x000084b8        0x4 C:\Freescale\KSDK_1.2.0\lib\ksdk_platform_lib\kds\K64F12\debug\libksdk_platform.a(fsl_lptmr_common.o)
                0x000084b8                g_lptmrBase
 .rodata.kI2CDividerTable
                0x000084bc       0xc8 C:\Freescale\KSDK_1.2.0\lib\ksdk_platform_lib\kds\K64F12\debug\libksdk_platform.a(fsl_i2c_hal.o)
                0x000084bc                kI2CDividerTable
 .rodata.str1.1
                0x00008584       0x55 C:\Freescale\KSDK_1.2.0\lib\ksdk_platform_lib\kds\K64F12\debug\libksdk_platform.a(fsl_i2c_hal.o)
 .rodata.__func__.6261
                0x000085d9       0x11 C:\Freescale\KSDK_1.2.0\lib\ksdk_platform_lib\kds\K64F12\debug\libksdk_platform.a(fsl_i2c_hal.o)
 .rodata.str1.1
                0x000085ea       0x4e C:\Freescale\KSDK_1.2.0\lib\ksdk_platform_lib\kds\K64F12\debug\libksdk_platform.a(fsl_i2c_slave_driver.o)
                                 0xef (size before relaxing)
 .rodata.__func__.8325
                0x00008638       0x18 C:\Freescale\KSDK_1.2.0\lib\ksdk_platform_lib\kds\K64F12\debug\libksdk_platform.a(fsl_i2c_slave_driver.o)
 .rodata.__func__.6103
                0x00008650       0x13 C:\Freescale\KSDK_1.2.0\lib\ksdk_platform_lib\kds\K64F12\debug\libksdk_platform.a(fsl_gpio_hal.o)
 .rodata.__func__.6109
                0x00008663       0x18 C:\Freescale\KSDK_1.2.0\lib\ksdk_platform_lib\kds\K64F12\debug\libksdk_platform.a(fsl_gpio_hal.o)
 .rodata.str1.1
                0x0000867b       0x3d C:\Freescale\KSDK_1.2.0\lib\ksdk_platform_lib\kds\K64F12\debug\libksdk_platform.a(fsl_gpio_hal.o)
                                 0x46 (size before relaxing)
 .rodata.g_gpioBase
                0x000086b8       0x14 C:\Freescale\KSDK_1.2.0\lib\ksdk_platform_lib\kds\K64F12\debug\libksdk_platform.a(fsl_gpio_common.o)
                0x000086b8                g_gpioBase
 .rodata.g_portBase
                0x000086cc       0x14 C:\Freescale\KSDK_1.2.0\lib\ksdk_platform_lib\kds\K64F12\debug\libksdk_platform.a(fsl_gpio_common.o)
                0x000086cc                g_portBase
 .rodata.g_portIrqId
                0x000086e0        0x5 C:\Freescale\KSDK_1.2.0\lib\ksdk_platform_lib\kds\K64F12\debug\libksdk_platform.a(fsl_gpio_common.o)
                0x000086e0                g_portIrqId
 *fill*         0x000086e5        0x3 
 .rodata.s_baudrateScaler
                0x000086e8       0x40 C:\Freescale\KSDK_1.2.0\lib\ksdk_platform_lib\kds\K64F12\debug\libksdk_platform.a(fsl_dspi_hal.o)
 .rodata.s_baudratePrescaler
                0x00008728       0x10 C:\Freescale\KSDK_1.2.0\lib\ksdk_platform_lib\kds\K64F12\debug\libksdk_platform.a(fsl_dspi_hal.o)
 .rodata.__func__.6232
                0x00008738       0x14 C:\Freescale\KSDK_1.2.0\lib\ksdk_platform_lib\kds\K64F12\debug\libksdk_platform.a(fsl_adc16_hal.o)
 .rodata.str1.1
                0x0000874c       0x3f C:\Freescale\KSDK_1.2.0\lib\ksdk_platform_lib\kds\K64F12\debug\libksdk_platform.a(fsl_adc16_hal.o)
                                 0x75 (size before relaxing)
 .rodata.g_adcIrqId
                0x0000878b        0x2 C:\Freescale\KSDK_1.2.0\lib\ksdk_platform_lib\kds\K64F12\debug\libksdk_platform.a(fsl_adc16_common.o)
                0x0000878b                g_adcIrqId
 *fill*         0x0000878d        0x3 
 .rodata.g_adcBase